Component: ARM Compiler 5.05 update 1 (build 106) Tool: armlink [4d0efa]

==============================================================================

Section Cross References

    main.o(i.fsmc_sdram_test) refers to _printf_percent.o(.ARM.Collect$$_printf_percent$$00000000) for _printf_percent
    main.o(i.fsmc_sdram_test) refers to _printf_d.o(.ARM.Collect$$_printf_percent$$00000009) for _printf_d
    main.o(i.fsmc_sdram_test) refers to _printf_dec.o(.text) for _printf_int_dec
    main.o(i.fsmc_sdram_test) refers to lcd.o(i.LCD_ShowString) for LCD_ShowString
    main.o(i.fsmc_sdram_test) refers to lcd.o(i.LCD_ShowxNum) for LCD_ShowxNum
    main.o(i.fsmc_sdram_test) refers to noretval__2printf.o(.text) for __2printf
    main.o(i.main) refers to _printf_pad.o(.text) for _printf_pre_padding
    main.o(i.main) refers to _printf_percent.o(.ARM.Collect$$_printf_percent$$00000000) for _printf_percent
    main.o(i.main) refers to _printf_x.o(.ARM.Collect$$_printf_percent$$0000000C) for _printf_x
    main.o(i.main) refers to _printf_hex_int.o(.text) for _printf_longlong_hex
    main.o(i.main) refers to _printf_d.o(.ARM.Collect$$_printf_percent$$00000009) for _printf_d
    main.o(i.main) refers to _printf_dec.o(.text) for _printf_int_dec
    main.o(i.main) refers to sys.o(i.Cache_Enable) for Cache_Enable
    main.o(i.main) refers to stm32f7xx_hal.o(i.HAL_Init) for HAL_Init
    main.o(i.main) refers to sys.o(i.Stm32_Clock_Init) for Stm32_Clock_Init
    main.o(i.main) refers to sdram.o(i.SDRAM_Init) for SDRAM_Init
    main.o(i.main) refers to delay.o(i.delay_init) for delay_init
    main.o(i.main) refers to usart.o(i.uart2_init) for uart2_init
    main.o(i.main) refers to led.o(i.LED_Init) for LED_Init
    main.o(i.main) refers to exti.o(i.EXTI_Init) for EXTI_Init
    main.o(i.main) refers to timer.o(i.TIM8_PWM_Init) for TIM8_PWM_Init
    main.o(i.main) refers to timer.o(i.TIM9_PWM_Init) for TIM9_PWM_Init
    main.o(i.main) refers to lcd.o(i.LCD_Init) for LCD_Init
    main.o(i.main) refers to noretval__2sprintf.o(.text) for __2sprintf
    main.o(i.main) refers to timer.o(i.TIM1_Encoder_Init) for TIM1_Encoder_Init
    main.o(i.main) refers to timer.o(i.TIM2_Encoder_Init) for TIM2_Encoder_Init
    main.o(i.main) refers to timer.o(i.TIM3_Encoder_Init) for TIM3_Encoder_Init
    main.o(i.main) refers to timer.o(i.TIM4_Encoder_Init) for TIM4_Encoder_Init
    main.o(i.main) refers to timer.o(i.TIM5_Encoder_Init) for TIM5_Encoder_Init
    main.o(i.main) refers to timer.o(i.TIM_SetTIM8Compare1) for TIM_SetTIM8Compare1
    main.o(i.main) refers to timer.o(i.TIM_SetTIM8Compare2) for TIM_SetTIM8Compare2
    main.o(i.main) refers to timer.o(i.TIM_SetTIM8Compare3) for TIM_SetTIM8Compare3
    main.o(i.main) refers to timer.o(i.TIM_SetTIM8Compare4) for TIM_SetTIM8Compare4
    main.o(i.main) refers to timer.o(i.TIM_SetTIM9Compare1) for TIM_SetTIM9Compare1
    main.o(i.main) refers to mpu.o(i.MPU_Memory_Protection) for MPU_Memory_Protection
    main.o(i.main) refers to main.o(i.fsmc_sdram_test) for fsmc_sdram_test
    main.o(i.main) refers to lcd.o(i.LCD_ShowxNum) for LCD_ShowxNum
    main.o(i.main) refers to noretval__2printf.o(.text) for __2printf
    main.o(i.main) refers to delay.o(i.delay_ms) for delay_ms
    main.o(i.main) refers to lcd.o(i.LCD_Clear) for LCD_Clear
    main.o(i.main) refers to lcd.o(i.LCD_ShowString) for LCD_ShowString
    main.o(i.main) refers to stm32f7xx_hal_gpio.o(i.HAL_GPIO_TogglePin) for HAL_GPIO_TogglePin
    main.o(i.main) refers to lcd.o(.data) for POINT_COLOR
    main.o(i.main) refers to lcd.o(.bss) for lcddev
    main.o(i.main) refers to main.o(.ARM.__AT_0xC0000000) for .ARM.__AT_0xC0000000
    main.o(i.main) refers to timer.o(.bss) for TIM1_Handler
    stm32f7xx_it.o(i.SysTick_Handler) refers to stm32f7xx_hal.o(i.HAL_IncTick) for HAL_IncTick
    system_stm32f7xx.o(i.SystemCoreClockUpdate) refers to system_stm32f7xx.o(.data) for .data
    system_stm32f7xx.o(i.SystemCoreClockUpdate) refers to system_stm32f7xx.o(.constdata) for .constdata
    startup_stm32f767xx.o(STACK) refers (Special) to heapauxi.o(.text) for __use_two_region_memory
    startup_stm32f767xx.o(HEAP) refers (Special) to heapauxi.o(.text) for __use_two_region_memory
    startup_stm32f767xx.o(RESET) refers (Special) to heapauxi.o(.text) for __use_two_region_memory
    startup_stm32f767xx.o(RESET) refers to startup_stm32f767xx.o(STACK) for __initial_sp
    startup_stm32f767xx.o(RESET) refers to startup_stm32f767xx.o(.text) for Reset_Handler
    startup_stm32f767xx.o(RESET) refers to stm32f7xx_it.o(i.NMI_Handler) for NMI_Handler
    startup_stm32f767xx.o(RESET) refers to stm32f7xx_it.o(i.HardFault_Handler) for HardFault_Handler
    startup_stm32f767xx.o(RESET) refers to mpu.o(i.MemManage_Handler) for MemManage_Handler
    startup_stm32f767xx.o(RESET) refers to stm32f7xx_it.o(i.BusFault_Handler) for BusFault_Handler
    startup_stm32f767xx.o(RESET) refers to stm32f7xx_it.o(i.UsageFault_Handler) for UsageFault_Handler
[...]
    .ARM.Collect$$libinit$$00000032          0x08000282   Section        0  libinit2.o(.ARM.Collect$$libinit$$00000032)
    .ARM.Collect$$libinit$$00000033          0x08000282   Section        2  libinit2.o(.ARM.Collect$$libinit$$00000033)
    .ARM.Collect$$libshutdown$$00000000      0x08000284   Section        2  libshutdown.o(.ARM.Collect$$libshutdown$$00000000)
    .ARM.Collect$$libshutdown$$00000003      0x08000286   Section        0  libshutdown2.o(.ARM.Collect$$libshutdown$$00000003)
    .ARM.Collect$$libshutdown$$00000006      0x08000286   Section        0  libshutdown2.o(.ARM.Collect$$libshutdown$$00000006)
    .ARM.Collect$$libshutdown$$00000009      0x08000286   Section        0  libshutdown2.o(.ARM.Collect$$libshutdown$$00000009)
    .ARM.Collect$$libshutdown$$0000000B      0x08000286   Section        0  libshutdown2.o(.ARM.Collect$$libshutdown$$0000000B)
    .ARM.Collect$$libshutdown$$0000000E      0x08000286   Section        0  libshutdown2.o(.ARM.Collect$$libshutdown$$0000000E)
    .ARM.Collect$$libshutdown$$0000000F      0x08000286   Section        2  libshutdown2.o(.ARM.Collect$$libshutdown$$0000000F)
    .ARM.Collect$$rtentry$$00000000          0x08000288   Section        0  __rtentry.o(.ARM.Collect$$rtentry$$00000000)
    .ARM.Collect$$rtentry$$00000002          0x08000288   Section        0  __rtentry2.o(.ARM.Collect$$rtentry$$00000002)
    .ARM.Collect$$rtentry$$00000004          0x08000288   Section        6  __rtentry4.o(.ARM.Collect$$rtentry$$00000004)
    .ARM.Collect$$rtentry$$00000009          0x0800028e   Section        0  __rtentry2.o(.ARM.Collect$$rtentry$$00000009)
    .ARM.Collect$$rtentry$$0000000A          0x0800028e   Section        4  __rtentry2.o(.ARM.Collect$$rtentry$$0000000A)
    .ARM.Collect$$rtentry$$0000000C          0x08000292   Section        0  __rtentry2.o(.ARM.Collect$$rtentry$$0000000C)
    .ARM.Collect$$rtentry$$0000000D          0x08000292   Section        8  __rtentry2.o(.ARM.Collect$$rtentry$$0000000D)
    .ARM.Collect$$rtexit$$00000000           0x0800029a   Section        2  rtexit.o(.ARM.Collect$$rtexit$$00000000)
    .ARM.Collect$$rtexit$$00000002           0x0800029c   Section        0  rtexit2.o(.ARM.Collect$$rtexit$$00000002)
    .ARM.Collect$$rtexit$$00000003           0x0800029c   Section        4  rtexit2.o(.ARM.Collect$$rtexit$$00000003)
    .ARM.Collect$$rtexit$$00000004           0x080002a0   Section        6  rtexit2.o(.ARM.Collect$$rtexit$$00000004)
    .text                                    0x080002a8   Section       64  startup_stm32f767xx.o(.text)
    $v0                                      0x080002a8   Number         0  startup_stm32f767xx.o(.text)
    .text                                    0x080002e8   Section        2  use_no_semi_2.o(.text)
    .text                                    0x080002ec   Section        0  noretval__2printf.o(.text)
    .text                                    0x08000304   Section        0  noretval__2sprintf.o(.text)
    .text                                    0x0800032c   Section        0  _printf_pad.o(.text)
    .text                                    0x0800037c   Section        0  _printf_dec.o(.text)
    .text                                    0x080003f4   Section        0  _printf_hex_int.o(.text)
    .text                                    0x0800044c   Section        0  __printf_flags_wp.o(.text)
    .text                                    0x08000584   Section        0  heapauxi.o(.text)
    .text                                    0x0800058a   Section        2  use_no_semi.o(.text)
    .text                                    0x0800058c   Section        0  _printf_intcommon.o(.text)
    .text                                    0x08000640   Section        0  _printf_char_common.o(.text)
    _printf_input_char                       0x08000641   Thumb Code    10  _printf_char_common.o(.text)
    .text                                    0x08000670   Section        0  _sputc.o(.text)
    .text                                    0x0800067c   Section        0  _printf_char_file.o(.text)
    .text                                    0x080006a0   Section        0  ferror.o(.text)
    .text                                    0x080006a8   Section       74  sys_stackheap_outer.o(.text)
    .text                                    0x080006f2   Section        0  exit.o(.text)
    .text                                    0x08000700   Section        8  libspace.o(.text)
    i.BusFault_Handler                       0x08000708   Section        0  stm32f7xx_it.o(i.BusFault_Handler)
    i.Cache_Enable                           0x0800070c   Section        0  sys.o(i.Cache_Enable)
    i.DebugMon_Handler                       0x08000794   Section        0  stm32f7xx_it.o(i.DebugMon_Handler)
    i.EXTI0_IRQHandler                       0x08000796   Section        0  exti.o(i.EXTI0_IRQHandler)
    i.EXTI15_10_IRQHandler                   0x0800079c   Section        0  exti.o(i.EXTI15_10_IRQHandler)
    i.EXTI2_IRQHandler                       0x080007a4   Section        0  exti.o(i.EXTI2_IRQHandler)
    i.EXTI3_IRQHandler                       0x080007aa   Section        0  exti.o(i.EXTI3_IRQHandler)
    i.EXTI_Init                              0x080007b0   Section        0  exti.o(i.EXTI_Init)
    i.FMC_NORSRAM_Extended_Timing_Init       0x08000874   Section        0  stm32f7xx_ll_fmc.o(i.FMC_NORSRAM_Extended_Timing_Init)
    i.FMC_NORSRAM_Init                       0x080008bc   Section        0  stm32f7xx_ll_fmc.o(i.FMC_NORSRAM_Init)
    i.FMC_NORSRAM_Timing_Init                0x08000938   Section        0  stm32f7xx_ll_fmc.o(i.FMC_NORSRAM_Timing_Init)
    i.FMC_SDRAM_Init                         0x0800099c   Section        0  stm32f7xx_ll_fmc.o(i.FMC_SDRAM_Init)
    i.FMC_SDRAM_ProgramRefreshRate           0x080009fa   Section        0  stm32f7xx_ll_fmc.o(i.FMC_SDRAM_ProgramRefreshRate)
    i.FMC_SDRAM_SendCommand                  0x08000a06   Section        0  stm32f7xx_ll_fmc.o(i.FMC_SDRAM_SendCommand)
    i.FMC_SDRAM_Timing_Init                  0x08000a58   Section        0  stm32f7xx_ll_fmc.o(i.FMC_SDRAM_Timing_Init)
    i.HAL_DMA_Abort_IT                       0x08000aea   Section        0  stm32f7xx_hal_dma.o(i.HAL_DMA_Abort_IT)
    i.HAL_GPIO_EXTI_Callback                 0x08000b10   Section        0  exti.o(i.HAL_GPIO_EXTI_Callback)
    i.HAL_GPIO_EXTI_IRQHandler               0x08000c74   Section        0  stm32f7xx_hal_gpio.o(i.HAL_GPIO_EXTI_IRQHandler)
    i.HAL_GPIO_Init                          0x08000c8c   Section        0  stm32f7xx_hal_gpio.o(i.HAL_GPIO_Init)
    i.HAL_GPIO_ReadPin                       0x08000ebc   Section        0  stm32f7xx_hal_gpio.o(i.HAL_GPIO_ReadPin)
    i.HAL_GPIO_TogglePin                     0x08000ec6   Section        0  stm32f7xx_hal_gpio.o(i.HAL_GPIO_TogglePin)
    i.HAL_GPIO_WritePin                      0x08000ece   Section        0  stm32f7xx_hal_gpio.o(i.HAL_GPIO_WritePin)
    i.HAL_GetTick                            0x08000ed8   Section        0  stm32f7xx_hal.o(i.HAL_GetTick)
    i.HAL_IncTick                            0x08000ee4   Section        0  stm32f7xx_hal.o(i.HAL_IncTick)
    i.HAL_Init                               0x08000ef4   Section        0  stm32f7xx_hal.o(i.HAL_Init)
    i.HAL_InitTick                           0x08000f18   Section        0  stm32f7xx_hal.o(i.HAL_InitTick)
    i.HAL_MPU_ConfigRegion                   0x08000f40   Section        0  stm32f7xx_hal_cortex.o(i.HAL_MPU_ConfigRegion)
    i.HAL_MspInit                            0x08000f94   Section        0  stm32f7xx_hal.o(i.HAL_MspInit)
    i.HAL_NVIC_EnableIRQ                     0x08000f96   Section        0  stm32f7xx_hal_cortex.o(i.HAL_NVIC_EnableIRQ)
    i.HAL_NVIC_SetPriority                   0x08000fb0   Section        0  stm32f7xx_hal_cortex.o(i.HAL_NVIC_SetPriority)
    i.HAL_NVIC_SetPriorityGrouping           0x08001014   Section        0  stm32f7xx_hal_cortex.o(i.HAL_NVIC_SetPriorityGrouping)
    i.HAL_PWREx_EnableOverDrive              0x08001038   Section        0  stm32f7xx_hal_pwr_ex.o(i.HAL_PWREx_EnableOverDrive)
    i.HAL_RCC_ClockConfig                    0x080010b4   Section        0  stm32f7xx_hal_rcc.o(i.HAL_RCC_ClockConfig)
    i.HAL_RCC_GetPCLK1Freq                   0x08001238   Section        0  stm32f7xx_hal_rcc.o(i.HAL_RCC_GetPCLK1Freq)
    i.HAL_RCC_GetPCLK2Freq                   0x08001268   Section        0  stm32f7xx_hal_rcc.o(i.HAL_RCC_GetPCLK2Freq)
    i.HAL_RCC_GetSysClockFreq                0x08001298   Section        0  stm32f7xx_hal_rcc.o(i.HAL_RCC_GetSysClockFreq)
    i.HAL_RCC_OscConfig                      0x08001330   Section        0  stm32f7xx_hal_rcc_ex.o(i.HAL_RCC_OscConfig)
    i.HAL_SDRAM_Init                         0x080016f4   Section        0  stm32f7xx_hal_sdram.o(i.HAL_SDRAM_Init)
    i.HAL_SDRAM_MspInit                      0x08001738   Section        0  sdram.o(i.HAL_SDRAM_MspInit)
    i.HAL_SDRAM_ProgramRefreshRate           0x08001818   Section        0  stm32f7xx_hal_sdram.o(i.HAL_SDRAM_ProgramRefreshRate)
    i.HAL_SDRAM_SendCommand                  0x0800183c   Section        0  stm32f7xx_hal_sdram.o(i.HAL_SDRAM_SendCommand)
    i.HAL_SRAM_Init                          0x0800186a   Section        0  stm32f7xx_hal_sram.o(i.HAL_SRAM_Init)
    i.HAL_SRAM_MspInit                       0x080018c0   Section        0  lcd.o(i.HAL_SRAM_MspInit)
    i.HAL_SYSTICK_CLKSourceConfig            0x0800193c   Section        0  stm32f7xx_hal_cortex.o(i.HAL_SYSTICK_CLKSourceConfig)
    i.HAL_SYSTICK_Config                     0x08001954   Section        0  stm32f7xx_hal_cortex.o(i.HAL_SYSTICK_Config)
    i.HAL_TIMEx_BreakCallback                0x08001980   Section        0  stm32f7xx_hal_tim_ex.o(i.HAL_TIMEx_BreakCallback)
    i.HAL_TIMEx_CommutationCallback          0x08001982   Section        0  stm32f7xx_hal_tim_ex.o(i.HAL_TIMEx_CommutationCallback)
    i.HAL_TIM_Encoder_Init                   0x08001984   Section        0  stm32f7xx_hal_tim.o(i.HAL_TIM_Encoder_Init)
    i.HAL_TIM_Encoder_MspInit                0x08001a34   Section        0  timer.o(i.HAL_TIM_Encoder_MspInit)
    i.HAL_TIM_Encoder_Start                  0x08001bc8   Section        0  stm32f7xx_hal_tim.o(i.HAL_TIM_Encoder_Start)
    i.HAL_TIM_IC_CaptureCallback             0x08001c02   Section        0  stm32f7xx_hal_tim.o(i.HAL_TIM_IC_CaptureCallback)
    i.HAL_TIM_IRQHandler                     0x08001c04   Section        0  stm32f7xx_hal_tim.o(i.HAL_TIM_IRQHandler)
    i.HAL_TIM_OC_DelayElapsedCallback        0x08001d8a   Section        0  stm32f7xx_hal_tim.o(i.HAL_TIM_OC_DelayElapsedCallback)
    i.HAL_TIM_PWM_ConfigChannel              0x08001d8c   Section        0  stm32f7xx_hal_tim_ex.o(i.HAL_TIM_PWM_ConfigChannel)
    i.HAL_TIM_PWM_Init                       0x08001f58   Section        0  stm32f7xx_hal_tim.o(i.HAL_TIM_PWM_Init)
    i.HAL_TIM_PWM_MspInit                    0x08001f90   Section        0  timer.o(i.HAL_TIM_PWM_MspInit)
    i.HAL_TIM_PWM_PulseFinishedCallback      0x08002098   Section        0  stm32f7xx_hal_tim.o(i.HAL_TIM_PWM_PulseFinishedCallback)
    i.HAL_TIM_PWM_Start                      0x0800209a   Section        0  stm32f7xx_hal_tim.o(i.HAL_TIM_PWM_Start)
    i.HAL_TIM_PWM_Start_IT                   0x080020d2   Section        0  stm32f7xx_hal_tim.o(i.HAL_TIM_PWM_Start_IT)
    i.HAL_TIM_PWM_Stop_IT                    0x0800213e   Section        0  stm32f7xx_hal_tim.o(i.HAL_TIM_PWM_Stop_IT)
    i.HAL_TIM_PeriodElapsedCallback          0x080021c8   Section        0  timer.o(i.HAL_TIM_PeriodElapsedCallback)
    i.HAL_TIM_TriggerCallback                0x080021fc   Section        0  stm32f7xx_hal_tim.o(i.HAL_TIM_TriggerCallback)
    i.HAL_UART_ErrorCallback                 0x080021fe   Section        0  stm32f7xx_hal_uart.o(i.HAL_UART_ErrorCallback)
    i.HAL_UART_GetState                      0x08002200   Section        0  stm32f7xx_hal_uart.o(i.HAL_UART_GetState)
    i.HAL_UART_IRQHandler                    0x0800220c   Section        0  stm32f7xx_hal_uart.o(i.HAL_UART_IRQHandler)
    i.HAL_UART_Init                          0x080023d0   Section        0  stm32f7xx_hal_uart.o(i.HAL_UART_Init)
    i.HAL_UART_MspInit                       0x08002440   Section        0  usart.o(i.HAL_UART_MspInit)
    i.HAL_UART_Receive_IT                    0x08002518   Section        0  stm32f7xx_hal_uart.o(i.HAL_UART_Receive_IT)
    i.HAL_UART_RxCpltCallback                0x080025b8   Section        0  usart.o(i.HAL_UART_RxCpltCallback)
    i.HAL_UART_TxCpltCallback                0x08002664   Section        0  stm32f7xx_hal_uart.o(i.HAL_UART_TxCpltCallback)
    i.HardFault_Handler                      0x08002666   Section        0  stm32f7xx_it.o(i.HardFault_Handler)
    i.LCD_Clear                              0x08002668   Section        0  lcd.o(i.LCD_Clear)
    i.LCD_Display_Dir                        0x080026a8   Section        0  lcd.o(i.LCD_Display_Dir)
    i.LCD_Fast_DrawPoint                     0x08002798   Section        0  lcd.o(i.LCD_Fast_DrawPoint)
    i.LCD_Init                               0x080029e8   Section        0  lcd.o(i.LCD_Init)
    i.LCD_MPU_Config                         0x0800744c   Section        0  lcd.o(i.LCD_MPU_Config)
    i.LCD_SSD_BackLightSet                   0x080074b8   Section        0  lcd.o(i.LCD_SSD_BackLightSet)
    i.LCD_Scan_Dir                           0x08007578   Section        0  lcd.o(i.LCD_Scan_Dir)
    i.LCD_SetCursor                          0x08007894   Section        0  lcd.o(i.LCD_SetCursor)
    i.LCD_ShowChar                           0x08007b50   Section        0  lcd.o(i.LCD_ShowChar)
    i.LCD_ShowString                         0x08007c6c   Section        0  lcd.o(i.LCD_ShowString)
    i.LCD_ShowxNum                           0x08007cd0   Section        0  lcd.o(i.LCD_ShowxNum)
    i.LED_Init                               0x08007d88   Section        0  led.o(i.LED_Init)
    i.MPU_Memory_Protection                  0x08007dd4   Section        0  mpu.o(i.MPU_Memory_Protection)
    i.MPU_Set_Protection                     0x08007e0c   Section        0  mpu.o(i.MPU_Set_Protection)
    i.MemManage_Handler                      0x08007e7c   Section        0  mpu.o(i.MemManage_Handler)
    i.NMI_Handler                            0x08007ee8   Section        0  stm32f7xx_it.o(i.NMI_Handler)
    i.PendSV_Handler                         0x08007eea   Section        0  stm32f7xx_it.o(i.PendSV_Handler)
    i.SDRAM_Init                             0x08007eec   Section        0  sdram.o(i.SDRAM_Init)
    i.SDRAM_Send_Cmd                         0x08007f8c   Section        0  sdram.o(i.SDRAM_Send_Cmd)
    i.SVC_Handler                            0x08007fcc   Section        0  stm32f7xx_it.o(i.SVC_Handler)
    i.SendPulse                              0x08007fd0   Section        0  timer.o(i.SendPulse)
    i.Stm32_Clock_Init                       0x08008034   Section        0  sys.o(i.Stm32_Clock_Init)
    i.SysTick_Handler                        0x080080d4   Section        0  stm32f7xx_it.o(i.SysTick_Handler)
    i.SystemInit                             0x080080d8   Section        0  system_stm32f7xx.o(i.SystemInit)
    i.TIM1_Encoder_Init                      0x08008130   Section        0  timer.o(i.TIM1_Encoder_Init)
    i.TIM1_UP_TIM10_IRQHandler               0x0800817c   Section        0  timer.o(i.TIM1_UP_TIM10_IRQHandler)
    i.TIM2_Encoder_Init                      0x08008188   Section        0  timer.o(i.TIM2_Encoder_Init)
    i.TIM3_Encoder_Init                      0x080081d4   Section        0  timer.o(i.TIM3_Encoder_Init)
    i.TIM4_Encoder_Init                      0x08008220   Section        0  timer.o(i.TIM4_Encoder_Init)
    i.TIM5_Encoder_Init                      0x0800826c   Section        0  timer.o(i.TIM5_Encoder_Init)
    i.TIM8_PWM_Init                          0x080082b8   Section        0  timer.o(i.TIM8_PWM_Init)
    i.TIM9_PWM_Init                          0x08008390   Section        0  timer.o(i.TIM9_PWM_Init)
    i.TIM_Base_SetConfig                     0x080083d8   Section        0  stm32f7xx_hal_tim.o(i.TIM_Base_SetConfig)
    i.TIM_CCxChannelCmd                      0x0800849c   Section        0  stm32f7xx_hal_tim.o(i.TIM_CCxChannelCmd)
    i.TIM_OC1_SetConfig                      0x080084b6   Section        0  stm32f7xx_hal_tim.o(i.TIM_OC1_SetConfig)
    i.TIM_OC2_SetConfig                      0x0800851e   Section        0  stm32f7xx_hal_tim.o(i.TIM_OC2_SetConfig)
    i.TIM_OC3_SetConfig                      0x0800858e   Section        0  stm32f7xx_hal_tim.o(i.TIM_OC3_SetConfig)
    i.TIM_OC4_SetConfig                      0x080085fe   Section        0  stm32f7xx_hal_tim.o(i.TIM_OC4_SetConfig)
    i.TIM_SetTIM8Compare1                    0x0800865c   Section        0  timer.o(i.TIM_SetTIM8Compare1)
    i.TIM_SetTIM8Compare2                    0x08008680   Section        0  timer.o(i.TIM_SetTIM8Compare2)
    i.TIM_SetTIM8Compare3                    0x080086a4   Section        0  timer.o(i.TIM_SetTIM8Compare3)
    i.TIM_SetTIM8Compare4                    0x080086c8   Section        0  timer.o(i.TIM_SetTIM8Compare4)
    i.TIM_SetTIM9Compare1                    0x080086ec   Section        0  timer.o(i.TIM_SetTIM9Compare1)
    i.UART_AdvFeatureConfig                  0x080086f8   Section        0  stm32f7xx_hal_uart.o(i.UART_AdvFeatureConfig)
    i.UART_CheckIdleState                    0x080087d2   Section        0  stm32f7xx_hal_uart.o(i.UART_CheckIdleState)
    i.UART_DMAAbortOnError                   0x08008832   Section        0  stm32f7xx_hal_uart.o(i.UART_DMAAbortOnError)
    UART_DMAAbortOnError                     0x08008833   Thumb Code    20  stm32f7xx_hal_uart.o(i.UART_DMAAbortOnError)
    i.UART_Receive_IT                        0x08008846   Section        0  stm32f7xx_hal_uart.o(i.UART_Receive_IT)
    UART_Receive_IT                          0x08008847   Thumb Code   124  stm32f7xx_hal_uart.o(i.UART_Receive_IT)
    i.UART_SetConfig                         0x080088c4   Section        0  stm32f7xx_hal_uart.o(i.UART_SetConfig)
    i.UART_WaitOnFlagUntilTimeout            0x08008b50   Section        0  stm32f7xx_hal_uart.o(i.UART_WaitOnFlagUntilTimeout)
    i.USART1_IRQHandler                      0x08008bc4   Section        0  usart.o(i.USART1_IRQHandler)
    i.USART2_IRQHandler                      0x08008c20   Section        0  usart.o(i.USART2_IRQHandler)
    i.UsageFault_Handler                     0x08008c7c   Section        0  stm32f7xx_it.o(i.UsageFault_Handler)
    i._is_digit                              0x08008c7e   Section        0  __printf_wp.o(i._is_digit)
    i._sys_exit                              0x08008c8c   Section        0  usart.o(i._sys_exit)
    i.delay_init                             0x08008c90   Section        0  delay.o(i.delay_init)
    i.delay_ms                               0x08008ca4   Section        0  delay.o(i.delay_ms)
    i.delay_us                               0x08008cf0   Section        0  delay.o(i.delay_us)
    i.fputc                                  0x08008d24   Section        0  usart.o(i.fputc)
    i.fsmc_sdram_test                        0x08008d50   Section        0  main.o(i.fsmc_sdram_test)
    i.main                                   0x08008e0c   Section        0  main.o(i.main)
    i.uart2_init                             0x080090c4   Section        0  usart.o(i.uart2_init)
    x$fpl$fpinit                             0x080090fc   Section       10  fpinit.o(x$fpl$fpinit)
    $v0                                      0x080090fc   Number         0  fpinit.o(x$fpl$fpinit)
    .constdata                               0x08009106   Section       16  system_stm32f7xx.o(.constdata)
    .constdata                               0x08009116   Section        8  system_stm32f7xx.o(.constdata)
    .constdata                               0x0800911e   Section    18240  lcd.o(.constdata)
    .constdata                               0x0800d85e   Section       40  _printf_hex_int.o(.constdata)
    uc_hextab                                0x0800d85e   Data          20  _printf_hex_int.o(.constdata)
    lc_hextab                                0x0800d872   Data          20  _printf_hex_int.o(.constdata)
    .constdata                               0x0800d886   Section       17  __printf_flags_wp.o(.constdata)
    maptable                                 0x0800d886   Data          17  __printf_flags_wp.o(.constdata)
    .data                                    0x20020000   Section        4  system_stm32f7xx.o(.data)
    .data                                    0x20020004   Section        4  stm32f7xx_hal.o(.data)
    .data                                    0x20020008   Section        4  delay.o(.data)
    fac_us                                   0x20020008   Data           4  delay.o(.data)
    .data                                    0x2002000c   Section        4  usart.o(.data)
    .data                                    0x20020010   Section        4  usart.o(.data)
    .data                                    0x20020014   Section        4  timer.o(.data)
    PU                                       0x20020014   Data           2  timer.o(.data)
    RePU                                     0x20020016   Data           2  timer.o(.data)
    .data                                    0x20020018   Section        4  exti.o(.data)
    led0sta                                  0x20020018   Data           1  exti.o(.data)
    led1sta                                  0x20020019   Data           1  exti.o(.data)
    v_up                                     0x2002001a   Data           1  exti.o(.data)
    v_key0                                   0x2002001b   Data           1  exti.o(.data)
    .data                                    0x2002001c   Section        8  lcd.o(.data)
    .bss                                     0x20020024   Section      424  usart.o(.bss)
    .bss                                     0x200201cc   Section      828  timer.o(.bss)
    .bss                                     0x20020508   Section       90  lcd.o(.bss)
    .bss                                     0x20020564   Section       52  sdram.o(.bss)
    .bss                                     0x20020598   Section       96  libspace.o(.bss)
    HEAP                                     0x200205f8   Section      512  startup_stm32f767xx.o(HEAP)
    Heap_Mem                                 0x200205f8   Data         512  startup_stm32f767xx.o(HEAP)
    STACK                                    0x200207f8   Section     1024  startup_stm32f767xx.o(STACK)
    Stack_Mem                                0x200207f8   Data        1024  startup_stm32f767xx.o(STACK)
    __initial_sp                             0x20020bf8   Data           0  startup_stm32f767xx.o(STACK)
    .ARM.__AT_0xC0000000                     0xc0000000   Section    500000  main.o(.ARM.__AT_0xC0000000)

    Global Symbols

    Symbol Name                              Value     Ov Type        Size  Object(Section)

    BuildAttributes$$THM_ISAv4$E$P$D$K$B$S$7EM$VFPv5_D16$PE$PLD8$A:L22UL41UL21$X:L11$S22US41US21$IEEE1$IW$USESV6$~STKCKD$USESV7$~SHL$OTIME$ROPI$EBA8$UX$STANDARDLIB$REQ8$PRES8$EABIv2 0x00000000   Number         0  anon$$obj.o ABSOLUTE
    __ARM_use_no_argv                        0x00000000   Number         0  main.o ABSOLUTE
    _printf_flags                            0x00000000   Number         0  printf_stubs.o ABSOLUTE
    _printf_return_value                     0x00000000   Number         0  printf_stubs.o ABSOLUTE
    _printf_sizespec                         0x00000000   Number         0  printf_stubs.o ABSOLUTE
    _printf_widthprec                        0x00000000   Number         0  printf_stubs.o ABSOLUTE
    __ARM_exceptions_init                     - Undefined Weak Reference
    __alloca_initialize                       - Undefined Weak Reference
    __arm_preinit_                            - Undefined Weak Reference
    __cpp_initialize__aeabi_                  - Undefined Weak Reference
    __cxa_finalize                            - Undefined Weak Reference
    __rt_locale                               - Undefined Weak Reference
    __sigvec_lookup                           - Undefined Weak Reference
    _atexit_init                              - Undefined Weak Reference
    _call_atexit_fns                          - Undefined Weak Reference
    _clock_init                               - Undefined Weak Reference
    _fp_trap_init                             - Undefined Weak Reference
    _fp_trap_shutdown                         - Undefined Weak Reference
    _get_lc_collate                           - Undefined Weak Reference
    _get_lc_ctype                             - Undefined Weak Reference
    _get_lc_monetary                          - Undefined Weak Reference
    _get_lc_numeric                           - Undefined Weak Reference
    _get_lc_time                              - Undefined Weak Reference
    _getenv_init                              - Undefined Weak Reference
    _handle_redirection                       - Undefined Weak Reference
    _init_alloc                               - Undefined Weak Reference
    _init_user_alloc                          - Undefined Weak Reference
    _initio                                   - Undefined Weak Reference
    _mutex_acquire                            - Undefined Weak Reference
    _mutex_release                            - Undefined Weak Reference
    _printf_truncate_signed                   - Undefined Weak Reference
    _printf_truncate_unsigned                 - Undefined Weak Reference
    _rand_init                                - Undefined Weak Reference
    _signal_finish                            - Undefined Weak Reference
    _signal_init                              - Undefined Weak Reference
    _terminate_alloc                          - Undefined Weak Reference
    _terminate_user_alloc                     - Undefined Weak Reference
    _terminateio                              - Undefined Weak Reference
    __Vectors_Size                           0x000001f8   Number         0  startup_stm32f767xx.o ABSOLUTE
    __Vectors                                0x08000000   Data           4  startup_stm32f767xx.o(RESET)
    __Vectors_End                            0x080001f8   Data           0  startup_stm32f767xx.o(RESET)
    __main                                   0x080001f9   Thumb Code     8  __main.o(!!!main)
    __scatterload                            0x08000201   Thumb Code     0  __scatter.o(!!!scatter)
    __scatterload_rt2                        0x08000201   Thumb Code    44  __scatter.o(!!!scatter)
    __scatterload_rt2_thumb_only             0x08000201   Thumb Code     0  __scatter.o(!!!scatter)
    __scatterload_null                       0x0800020f   Thumb Code     0  __scatter.o(!!!scatter)
    __scatterload_copy                       0x08000235   Thumb Code    26  __scatter_copy.o(!!handler_copy)
    __scatterload_zeroinit                   0x08000251   Thumb Code    28  __scatter_zi.o(!!handler_zi)
    _printf_d                                0x0800026d   Thumb Code     0  _printf_d.o(.ARM.Collect$$_printf_percent$$00000009)
    _printf_percent                          0x0800026d   Thumb Code     0  _printf_percent.o(.ARM.Collect$$_printf_percent$$00000000)
    _printf_x                                0x08000273   Thumb Code     0  _printf_x.o(.ARM.Collect$$_printf_percent$$0000000C)
    _printf_percent_end                      0x08000279   Thumb Code     0  _printf_percent_end.o(.ARM.Collect$$_printf_percent$$00000017)
    __rt_lib_init                            0x0800027d   Thumb Code     0  libinit.o(.ARM.Collect$$libinit$$00000000)
    __rt_lib_init_fp_1                       0x0800027f   Thumb Code     0  libinit2.o(.ARM.Collect$$libinit$$00000001)
    __rt_lib_init_alloca_1                   0x08000283   Thumb Code     0  libinit2.o(.ARM.Collect$$libinit$$0000002E)
    __rt_lib_init_argv_1                     0x08000283   Thumb Code     0  libinit2.o(.ARM.Collect$$libinit$$0000002C)
    __rt_lib_init_atexit_1                   0x08000283   Thumb Code     0  libinit2.o(.ARM.Collect$$libinit$$0000001B)
    __rt_lib_init_clock_1                    0x08000283   Thumb Code     0  libinit2.o(.ARM.Collect$$libinit$$00000021)
    __rt_lib_init_cpp_1                      0x08000283   Thumb Code     0  libinit2.o(.ARM.Collect$$libinit$$00000032)
    __rt_lib_init_exceptions_1               0x08000283   Thumb Code     0  libinit2.o(.ARM.Collect$$libinit$$00000030)
    __rt_lib_init_fp_trap_1                  0x08000283   Thumb Code     0  libinit2.o(.ARM.Collect$$libinit$$0000001F)
    __rt_lib_init_getenv_1                   0x08000283   Thumb Code     0  libinit2.o(.ARM.Collect$$libinit$$00000023)
    __rt_lib_init_heap_1                     0x08000283   Thumb Code     0  libinit2.o(.ARM.Collect$$libinit$$0000000A)
    __rt_lib_init_lc_collate_1               0x08000283   Thumb Code     0  libinit2.o(.ARM.Collect$$libinit$$00000011)
    __rt_lib_init_lc_ctype_1                 0x08000283   Thumb Code     0  libinit2.o(.ARM.Collect$$libinit$$00000013)
    __rt_lib_init_lc_monetary_1              0x08000283   Thumb Code     0  libinit2.o(.ARM.Collect$$libinit$$00000015)
    __rt_lib_init_lc_numeric_1               0x08000283   Thumb Code     0  libinit2.o(.ARM.Collect$$libinit$$00000017)
    __rt_lib_init_lc_time_1                  0x08000283   Thumb Code     0  libinit2.o(.ARM.Collect$$libinit$$00000019)
    __rt_lib_init_preinit_1                  0x08000283   Thumb Code     0  libinit2.o(.ARM.Collect$$libinit$$00000004)
    __rt_lib_init_rand_1                     0x08000283   Thumb Code     0  libinit2.o(.ARM.Collect$$libinit$$0000000E)
    __rt_lib_init_return                     0x08000283   Thumb Code     0  libinit2.o(.ARM.Collect$$libinit$$00000033)
    __rt_lib_init_signal_1                   0x08000283   Thumb Code     0  libinit2.o(.ARM.Collect$$libinit$$0000001D)
    __rt_lib_init_stdio_1                    0x08000283   Thumb Code     0  libinit2.o(.ARM.Collect$$libinit$$00000025)
    __rt_lib_init_user_alloc_1               0x08000283   Thumb Code     0  libinit2.o(.ARM.Collect$$libinit$$0000000C)
    __rt_lib_shutdown                        0x08000285   Thumb Code     0  libshutdown.o(.ARM.Collect$$libshutdown$$00000000)
    __rt_lib_shutdown_fp_trap_1              0x08000287   Thumb Code     0  libshutdown2.o(.ARM.Collect$$libshutdown$$00000006)
    __rt_lib_shutdown_heap_1                 0x08000287   Thumb Code     0  libshutdown2.o(.ARM.Collect$$libshutdown$$0000000E)
    __rt_lib_shutdown_return                 0x08000287   Thumb Code     0  libshutdown2.o(.ARM.Collect$$libshutdown$$0000000F)
    __rt_lib_shutdown_signal_1               0x08000287   Thumb Code     0  libshutdown2.o(.ARM.Collect$$libshutdown$$00000009)
    __rt_lib_shutdown_stdio_1                0x08000287   Thumb Code     0  libshutdown2.o(.ARM.Collect$$libshutdown$$00000003)
    __rt_lib_shutdown_user_alloc_1           0x08000287   Thumb Code     0  libshutdown2.o(.ARM.Collect$$libshutdown$$0000000B)
    __rt_entry                               0x08000289   Thumb Code     0  __rtentry.o(.ARM.Collect$$rtentry$$00000000)
    __rt_entry_presh_1                       0x08000289   Thumb Code     0  __rtentry2.o(.ARM.Collect$$rtentry$$00000002)
    __rt_entry_sh                            0x08000289   Thumb Code     0  __rtentry4.o(.ARM.Collect$$rtentry$$00000004)
    __rt_entry_li                            0x0800028f   Thumb Code     0  __rtentry2.o(.ARM.Collect$$rtentry$$0000000A)
    __rt_entry_postsh_1                      0x0800028f   Thumb Code     0  __rtentry2.o(.ARM.Collect$$rtentry$$00000009)
    __rt_entry_main                          0x08000293   Thumb Code     0  __rtentry2.o(.ARM.Collect$$rtentry$$0000000D)
    __rt_entry_postli_1                      0x08000293   Thumb Code     0  __rtentry2.o(.ARM.Collect$$rtentry$$0000000C)
    __rt_exit                                0x0800029b   Thumb Code     0  rtexit.o(.ARM.Collect$$rtexit$$00000000)
    __rt_exit_ls                             0x0800029d   Thumb Code     0  rtexit2.o(.ARM.Collect$$rtexit$$00000003)
    __rt_exit_prels_1                        0x0800029d   Thumb Code     0  rtexit2.o(.ARM.Collect$$rtexit$$00000002)
    __rt_exit_exit                           0x080002a1   Thumb Code     0  rtexit2.o(.ARM.Collect$$rtexit$$00000004)
    Reset_Handler                            0x080002a9   Thumb Code     8  startup_stm32f767xx.o(.text)
    ADC_IRQHandler                           0x080002c3   Thumb Code     0  startup_stm32f767xx.o(.text)
    CAN1_RX0_IRQHandler                      0x080002c3   Thumb Code     0  startup_stm32f767xx.o(.text)
    CAN1_RX1_IRQHandler                      0x080002c3   Thumb Code     0  startup_stm32f767xx.o(.text)
    CAN1_SCE_IRQHandler                      0x080002c3   Thumb Code     0  startup_stm32f767xx.o(.text)
    CAN1_TX_IRQHandler                       0x080002c3   Thumb Code     0  startup_stm32f767xx.o(.text)
    CAN2_RX0_IRQHandler                      0x080002c3   Thumb Code     0  startup_stm32f767xx.o(.text)
    CAN2_RX1_IRQHandler                      0x080002c3   Thumb Code     0  startup_stm32f767xx.o(.text)
    CAN2_SCE_IRQHandler                      0x080002c3   Thumb Code     0  startup_stm32f767xx.o(.text)
    CAN2_TX_IRQHandler                       0x080002c3   Thumb Code     0  startup_stm32f767xx.o(.text)
    CAN3_RX0_IRQHandler                      0x080002c3   Thumb Code     0  startup_stm32f767xx.o(.text)
    CAN3_RX1_IRQHandler                      0x080002c3   Thumb Code     0  startup_stm32f767xx.o(.text)
    CAN3_SCE_IRQHandler                      0x080002c3   Thumb Code     0  startup_stm32f767xx.o(.text)
    CAN3_TX_IRQHandler                       0x080002c3   Thumb Code     0  startup_stm32f767xx.o(.text)
    CEC_IRQHandler                           0x080002c3   Thumb Code     0  startup_stm32f767xx.o(.text)
    DCMI_IRQHandler                          0x080002c3   Thumb Code     0  startup_stm32f767xx.o(.text)
    DFSDM1_FLT0_IRQHandler                   0x080002c3   Thumb Code     0  startup_stm32f767xx.o(.text)
    DFSDM1_FLT1_IRQHandler                   0x080002c3   Thumb Code     0  startup_stm32f767xx.o(.text)
    DFSDM1_FLT2_IRQHandler                   0x080002c3   Thumb Code     0  startup_stm32f767xx.o(.text)
    DFSDM1_FLT3_IRQHandler                   0x080002c3   Thumb Code     0  startup_stm32f767xx.o(.text)
    DMA1_Stream0_IRQHandler                  0x080002c3   Thumb Code     0  startup_stm32f767xx.o(.text)
    DMA1_Stream1_IRQHandler                  0x080002c3   Thumb Code     0  startup_stm32f767xx.o(.text)
    DMA1_Stream2_IRQHandler                  0x080002c3   Thumb Code     0  startup_stm32f767xx.o(.text)
    DMA1_Stream3_IRQHandler                  0x080002c3   Thumb Code     0  startup_stm32f767xx.o(.text)
    DMA1_Stream4_IRQHandler                  0x080002c3   Thumb Code     0  startup_stm32f767xx.o(.text)
    DMA1_Stream5_IRQHandler                  0x080002c3   Thumb Code     0  startup_stm32f767xx.o(.text)
    DMA1_Stream6_IRQHandler                  0x080002c3   Thumb Code     0  startup_stm32f767xx.o(.text)
    DMA1_Stream7_IRQHandler                  0x080002c3   Thumb Code     0  startup_stm32f767xx.o(.text)
    DMA2D_IRQHandler                         0x080002c3   Thumb Code     0  startup_stm32f767xx.o(.text)
    DMA2_Stream0_IRQHandler                  0x080002c3   Thumb Code     0  startup_stm32f767xx.o(.text)
    DMA2_Stream1_IRQHandler                  0x080002c3   Thumb Code     0  startup_stm32f767xx.o(.text)
    DMA2_Stream2_IRQHandler                  0x080002c3   Thumb Code     0  startup_stm32f767xx.o(.text)
    DMA2_Stream3_IRQHandler                  0x080002c3   Thumb Code     0  startup_stm32f767xx.o(.text)
    DMA2_Stream4_IRQHandler                  0x080002c3   Thumb Code     0  startup_stm32f767xx.o(.text)
    DMA2_Stream5_IRQHandler                  0x080002c3   Thumb Code     0  startup_stm32f767xx.o(.text)
    DMA2_Stream6_IRQHandler                  0x080002c3   Thumb Code     0  startup_stm32f767xx.o(.text)
    DMA2_Stream7_IRQHandler                  0x080002c3   Thumb Code     0  startup_stm32f767xx.o(.text)
    ETH_IRQHandler                           0x080002c3   Thumb Code     0  startup_stm32f767xx.o(.text)
    ETH_WKUP_IRQHandler                      0x080002c3   Thumb Code     0  startup_stm32f767xx.o(.text)
    EXTI1_IRQHandler                         0x080002c3   Thumb Code     0  startup_stm32f767xx.o(.text)
    EXTI4_IRQHandler                         0x080002c3   Thumb Code     0  startup_stm32f767xx.o(.text)
    EXTI9_5_IRQHandler                       0x080002c3   Thumb Code     0  startup_stm32f767xx.o(.text)
    FLASH_IRQHandler                         0x080002c3   Thumb Code     0  startup_stm32f767xx.o(.text)
    FMC_IRQHandler                           0x080002c3   Thumb Code     0  startup_stm32f767xx.o(.text)
    FPU_IRQHandler                           0x080002c3   Thumb Code     0  startup_stm32f767xx.o(.text)
    I2C1_ER_IRQHandler                       0x080002c3   Thumb Code     0  startup_stm32f767xx.o(.text)
    I2C1_EV_IRQHandler                       0x080002c3   Thumb Code     0  startup_stm32f767xx.o(.text)
    I2C2_ER_IRQHandler                       0x080002c3   Thumb Code     0  startup_stm32f767xx.o(.text)
    I2C2_EV_IRQHandler                       0x080002c3   Thumb Code     0  startup_stm32f767xx.o(.text)
    I2C3_ER_IRQHandler                       0x080002c3   Thumb Code     0  startup_stm32f767xx.o(.text)
    I2C3_EV_IRQHandler                       0x080002c3   Thumb Code     0  startup_stm32f767xx.o(.text)
    I2C4_ER_IRQHandler                       0x080002c3   Thumb Code     0  startup_stm32f767xx.o(.text)
    I2C4_EV_IRQHandler                       0x080002c3   Thumb Code     0  startup_stm32f767xx.o(.text)
    JPEG_IRQHandler                          0x080002c3   Thumb Code     0  startup_stm32f767xx.o(.text)
    LPTIM1_IRQHandler                        0x080002c3   Thumb Code     0  startup_stm32f767xx.o(.text)
    LTDC_ER_IRQHandler                       0x080002c3   Thumb Code     0  startup_stm32f767xx.o(.text)
    LTDC_IRQHandler                          0x080002c3   Thumb Code     0  startup_stm32f767xx.o(.text)
    MDIOS_IRQHandler                         0x080002c3   Thumb Code     0  startup_stm32f767xx.o(.text)
    OTG_FS_IRQHandler                        0x080002c3   Thumb Code     0  startup_stm32f767xx.o(.text)
    OTG_FS_WKUP_IRQHandler                   0x080002c3   Thumb Code     0  startup_stm32f767xx.o(.text)
    OTG_HS_EP1_IN_IRQHandler                 0x080002c3   Thumb Code     0  startup_stm32f767xx.o(.text)
    OTG_HS_EP1_OUT_IRQHandler                0x080002c3   Thumb Code     0  startup_stm32f767xx.o(.text)
    OTG_HS_IRQHandler                        0x080002c3   Thumb Code     0  startup_stm32f767xx.o(.text)
    OTG_HS_WKUP_IRQHandler                   0x080002c3   Thumb Code     0  startup_stm32f767xx.o(.text)
    PVD_IRQHandler                           0x080002c3   Thumb Code     0  startup_stm32f767xx.o(.text)
    QUADSPI_IRQHandler                       0x080002c3   Thumb Code     0  startup_stm32f767xx.o(.text)
    RCC_IRQHandler                           0x080002c3   Thumb Code     0  startup_stm32f767xx.o(.text)
    RNG_IRQHandler                           0x080002c3   Thumb Code     0  startup_stm32f767xx.o(.text)
    RTC_Alarm_IRQHandler                     0x080002c3   Thumb Code     0  startup_stm32f767xx.o(.text)
    RTC_WKUP_IRQHandler                      0x080002c3   Thumb Code     0  startup_stm32f767xx.o(.text)
    SAI1_IRQHandler                          0x080002c3   Thumb Code     0  startup_stm32f767xx.o(.text)
    SAI2_IRQHandler                          0x080002c3   Thumb Code     0  startup_stm32f767xx.o(.text)
    SDMMC1_IRQHandler                        0x080002c3   Thumb Code     0  startup_stm32f767xx.o(.text)
    SDMMC2_IRQHandler                        0x080002c3   Thumb Code     0  startup_stm32f767xx.o(.text)
    SPDIF_RX_IRQHandler                      0x080002c3   Thumb Code     0  startup_stm32f767xx.o(.text)
    SPI1_IRQHandler                          0x080002c3   Thumb Code     0  startup_stm32f767xx.o(.text)
    SPI2_IRQHandler                          0x080002c3   Thumb Code     0  startup_stm32f767xx.o(.text)
    SPI3_IRQHandler                          0x080002c3   Thumb Code     0  startup_stm32f767xx.o(.text)
    SPI4_IRQHandler                          0x080002c3   Thumb Code     0  startup_stm32f767xx.o(.text)
    SPI5_IRQHandler                          0x080002c3   Thumb Code     0  startup_stm32f767xx.o(.text)
    SPI6_IRQHandler                          0x080002c3   Thumb Code     0  startup_stm32f767xx.o(.text)
    TAMP_STAMP_IRQHandler                    0x080002c3   Thumb Code     0  startup_stm32f767xx.o(.text)
    TIM1_BRK_TIM9_IRQHandler                 0x080002c3   Thumb Code     0  startup_stm32f767xx.o(.text)
    TIM1_CC_IRQHandler                       0x080002c3   Thumb Code     0  startup_stm32f767xx.o(.text)
    TIM1_TRG_COM_TIM11_IRQHandler            0x080002c3   Thumb Code     0  startup_stm32f767xx.o(.text)
    TIM2_IRQHandler                          0x080002c3   Thumb Code     0  startup_stm32f767xx.o(.text)
    TIM3_IRQHandler                          0x080002c3   Thumb Code     0  startup_stm32f767xx.o(.text)
    TIM4_IRQHandler                          0x080002c3   Thumb Code     0  startup_stm32f767xx.o(.text)
    TIM5_IRQHandler                          0x080002c3   Thumb Code     0  startup_stm32f767xx.o(.text)
    TIM6_DAC_IRQHandler                      0x080002c3   Thumb Code     0  startup_stm32f767xx.o(.text)
    TIM7_IRQHandler                          0x080002c3   Thumb Code     0  startup_stm32f767xx.o(.text)
    TIM8_BRK_TIM12_IRQHandler                0x080002c3   Thumb Code     0  startup_stm32f767xx.o(.text)
    TIM8_CC_IRQHandler                       0x080002c3   Thumb Code     0  startup_stm32f767xx.o(.text)
    TIM8_TRG_COM_TIM14_IRQHandler            0x080002c3   Thumb Code     0  startup_stm32f767xx.o(.text)
    TIM8_UP_TIM13_IRQHandler                 0x080002c3   Thumb Code     0  startup_stm32f767xx.o(.text)
    UART4_IRQHandler                         0x080002c3   Thumb Code     0  startup_stm32f767xx.o(.text)
    UART5_IRQHandler                         0x080002c3   Thumb Code     0  startup_stm32f767xx.o(.text)
    UART7_IRQHandler                         0x080002c3   Thumb Code     0  startup_stm32f767xx.o(.text)
    UART8_IRQHandler                         0x080002c3   Thumb Code     0  startup_stm32f767xx.o(.text)
    USART3_IRQHandler                        0x080002c3   Thumb Code     0  startup_stm32f767xx.o(.text)
    USART6_IRQHandler                        0x080002c3   Thumb Code     0  startup_stm32f767xx.o(.text)
    WWDG_IRQHandler                          0x080002c3   Thumb Code     0  startup_stm32f767xx.o(.text)
    __user_initial_stackheap                 0x080002c5   Thumb Code     0  startup_stm32f767xx.o(.text)
    __use_no_semihosting                     0x080002e9   Thumb Code     2  use_no_semi_2.o(.text)
    __2printf                                0x080002ed   Thumb Code    20  noretval__2printf.o(.text)
    __2sprintf                               0x08000305   Thumb Code    34  noretval__2sprintf.o(.text)
    _printf_pre_padding                      0x0800032d   Thumb Code    44  _printf_pad.o(.text)
    _printf_post_padding                     0x08000359   Thumb Code    34  _printf_pad.o(.text)
    _printf_int_dec                          0x0800037d   Thumb Code   104  _printf_dec.o(.text)
    _printf_int_hex                          0x080003f5   Thumb Code    84  _printf_hex_int.o(.text)
    _printf_longlong_hex                     0x080003f5   Thumb Code     0  _printf_hex_int.o(.text)
    __printf                                 0x0800044d   Thumb Code   308  __printf_flags_wp.o(.text)
    __use_two_region_memory                  0x08000585   Thumb Code     2  heapauxi.o(.text)
    __rt_heap_escrow$2region                 0x08000587   Thumb Code     2  heapauxi.o(.text)
    __rt_heap_expand$2region                 0x08000589   Thumb Code     2  heapauxi.o(.text)
    __I$use$semihosting                      0x0800058b   Thumb Code     0  use_no_semi.o(.text)
    __use_no_semihosting_swi                 0x0800058b   Thumb Code     2  use_no_semi.o(.text)
    _printf_int_common                       0x0800058d   Thumb Code   178  _printf_intcommon.o(.text)
    _printf_char_common                      0x0800064b   Thumb Code    32  _printf_char_common.o(.text)
    _sputc                                   0x08000671   Thumb Code    10  _sputc.o(.text)
    _printf_char_file                        0x0800067d   Thumb Code    32  _printf_char_file.o(.text)
    ferror                                   0x080006a1   Thumb Code     8  ferror.o(.text)
    __user_setup_stackheap                   0x080006a9   Thumb Code    74  sys_stackheap_outer.o(.text)
    exit                                     0x080006f3   Thumb Code    12  exit.o(.text)
    __user_libspace                          0x08000701   Thumb Code     8  libspace.o(.text)
    __user_perproc_libspace                  0x08000701   Thumb Code     0  libspace.o(.text)
    __user_perthread_libspace                0x08000701   Thumb Code     0  libspace.o(.text)
    BusFault_Handler                         0x08000709   Thumb Code     2  stm32f7xx_it.o(i.BusFault_Handler)
    Cache_Enable                             0x0800070d   Thumb Code   116  sys.o(i.Cache_Enable)
    DebugMon_Handler                         0x08000795   Thumb Code     2  stm32f7xx_it.o(i.DebugMon_Handler)
    EXTI0_IRQHandler                         0x08000797   Thumb Code     6  exti.o(i.EXTI0_IRQHandler)
    EXTI15_10_IRQHandler                     0x0800079d   Thumb Code     8  exti.o(i.EXTI15_10_IRQHandler)
    EXTI2_IRQHandler                         0x080007a5   Thumb Code     6  exti.o(i.EXTI2_IRQHandler)
    EXTI3_IRQHandler                         0x080007ab   Thumb Code     6  exti.o(i.EXTI3_IRQHandler)
    EXTI_Init                                0x080007b1   Thumb Code   172  exti.o(i.EXTI_Init)
    FMC_NORSRAM_Extended_Timing_Init         0x08000875   Thumb Code    68  stm32f7xx_ll_fmc.o(i.FMC_NORSRAM_Extended_Timing_Init)
    FMC_NORSRAM_Init                         0x080008bd   Thumb Code   120  stm32f7xx_ll_fmc.o(i.FMC_NORSRAM_Init)
    FMC_NORSRAM_Timing_Init                  0x08000939   Thumb Code    96  stm32f7xx_ll_fmc.o(i.FMC_NORSRAM_Timing_Init)
    FMC_SDRAM_Init                           0x0800099d   Thumb Code    94  stm32f7xx_ll_fmc.o(i.FMC_SDRAM_Init)
    FMC_SDRAM_ProgramRefreshRate             0x080009fb   Thumb Code    12  stm32f7xx_ll_fmc.o(i.FMC_SDRAM_ProgramRefreshRate)
    FMC_SDRAM_SendCommand                    0x08000a07   Thumb Code    82  stm32f7xx_ll_fmc.o(i.FMC_SDRAM_SendCommand)
    FMC_SDRAM_Timing_Init                    0x08000a59   Thumb Code   146  stm32f7xx_ll_fmc.o(i.FMC_SDRAM_Timing_Init)
    HAL_DMA_Abort_IT                         0x08000aeb   Thumb Code    36  stm32f7xx_hal_dma.o(i.HAL_DMA_Abort_IT)
    HAL_GPIO_EXTI_Callback                   0x08000b11   Thumb Code   296  exti.o(i.HAL_GPIO_EXTI_Callback)
    HAL_GPIO_EXTI_IRQHandler                 0x08000c75   Thumb Code    20  stm32f7xx_hal_gpio.o(i.HAL_GPIO_EXTI_IRQHandler)
    HAL_GPIO_Init                            0x08000c8d   Thumb Code   544  stm32f7xx_hal_gpio.o(i.HAL_GPIO_Init)
    HAL_GPIO_ReadPin                         0x08000ebd   Thumb Code    10  stm32f7xx_hal_gpio.o(i.HAL_GPIO_ReadPin)
    HAL_GPIO_TogglePin                       0x08000ec7   Thumb Code     8  stm32f7xx_hal_gpio.o(i.HAL_GPIO_TogglePin)
    HAL_GPIO_WritePin                        0x08000ecf   Thumb Code    10  stm32f7xx_hal_gpio.o(i.HAL_GPIO_WritePin)
    HAL_GetTick                              0x08000ed9   Thumb Code     6  stm32f7xx_hal.o(i.HAL_GetTick)
    HAL_IncTick                              0x08000ee5   Thumb Code    10  stm32f7xx_hal.o(i.HAL_IncTick)
    HAL_Init                                 0x08000ef5   Thumb Code    32  stm32f7xx_hal.o(i.HAL_Init)
    HAL_InitTick                             0x08000f19   Thumb Code    34  stm32f7xx_hal.o(i.HAL_InitTick)
    HAL_MPU_ConfigRegion                     0x08000f41   Thumb Code    80  stm32f7xx_hal_cortex.o(i.HAL_MPU_ConfigRegion)
    HAL_MspInit                              0x08000f95   Thumb Code     2  stm32f7xx_hal.o(i.HAL_MspInit)
    HAL_NVIC_EnableIRQ                       0x08000f97   Thumb Code    24  stm32f7xx_hal_cortex.o(i.HAL_NVIC_EnableIRQ)
    HAL_NVIC_SetPriority                     0x08000fb1   Thumb Code    94  stm32f7xx_hal_cortex.o(i.HAL_NVIC_SetPriority)
    HAL_NVIC_SetPriorityGrouping             0x08001015   Thumb Code    30  stm32f7xx_hal_cortex.o(i.HAL_NVIC_SetPriorityGrouping)
    HAL_PWREx_EnableOverDrive                0x08001039   Thumb Code   114  stm32f7xx_hal_pwr_ex.o(i.HAL_PWREx_EnableOverDrive)
    HAL_RCC_ClockConfig                      0x080010b5   Thumb Code   368  stm32f7xx_hal_rcc.o(i.HAL_RCC_ClockConfig)
    HAL_RCC_GetPCLK1Freq                     0x08001239   Thumb Code    34  stm32f7xx_hal_rcc.o(i.HAL_RCC_GetPCLK1Freq)
    HAL_RCC_GetPCLK2Freq                     0x08001269   Thumb Code    34  stm32f7xx_hal_rcc.o(i.HAL_RCC_GetPCLK2Freq)
    HAL_RCC_GetSysClockFreq                  0x08001299   Thumb Code   136  stm32f7xx_hal_rcc.o(i.HAL_RCC_GetSysClockFreq)
    HAL_RCC_OscConfig                        0x08001331   Thumb Code   942  stm32f7xx_hal_rcc_ex.o(i.HAL_RCC_OscConfig)
    HAL_SDRAM_Init                           0x080016f5   Thumb Code    66  stm32f7xx_hal_sdram.o(i.HAL_SDRAM_Init)
    HAL_SDRAM_MspInit                        0x08001739   Thumb Code   196  sdram.o(i.HAL_SDRAM_MspInit)
    HAL_SDRAM_ProgramRefreshRate             0x08001819   Thumb Code    36  stm32f7xx_hal_sdram.o(i.HAL_SDRAM_ProgramRefreshRate)
    HAL_SDRAM_SendCommand                    0x0800183d   Thumb Code    46  stm32f7xx_hal_sdram.o(i.HAL_SDRAM_SendCommand)
    HAL_SRAM_Init                            0x0800186b   Thumb Code    86  stm32f7xx_hal_sram.o(i.HAL_SRAM_Init)
    HAL_SRAM_MspInit                         0x080018c1   Thumb Code   108  lcd.o(i.HAL_SRAM_MspInit)
    HAL_SYSTICK_CLKSourceConfig              0x0800193d   Thumb Code    22  stm32f7xx_hal_cortex.o(i.HAL_SYSTICK_CLKSourceConfig)
    HAL_SYSTICK_Config                       0x08001955   Thumb Code    38  stm32f7xx_hal_cortex.o(i.HAL_SYSTICK_Config)
    HAL_TIMEx_BreakCallback                  0x08001981   Thumb Code     2  stm32f7xx_hal_tim_ex.o(i.HAL_TIMEx_BreakCallback)
    HAL_TIMEx_CommutationCallback            0x08001983   Thumb Code     2  stm32f7xx_hal_tim_ex.o(i.HAL_TIMEx_CommutationCallback)
    HAL_TIM_Encoder_Init                     0x08001985   Thumb Code   176  stm32f7xx_hal_tim.o(i.HAL_TIM_Encoder_Init)
    HAL_TIM_Encoder_MspInit                  0x08001a35   Thumb Code   380  timer.o(i.HAL_TIM_Encoder_MspInit)
    HAL_TIM_Encoder_Start                    0x08001bc9   Thumb Code    58  stm32f7xx_hal_tim.o(i.HAL_TIM_Encoder_Start)
    HAL_TIM_IC_CaptureCallback               0x08001c03   Thumb Code     2  stm32f7xx_hal_tim.o(i.HAL_TIM_IC_CaptureCallback)
    HAL_TIM_IRQHandler                       0x08001c05   Thumb Code   390  stm32f7xx_hal_tim.o(i.HAL_TIM_IRQHandler)
    HAL_TIM_OC_DelayElapsedCallback          0x08001d8b   Thumb Code     2  stm32f7xx_hal_tim.o(i.HAL_TIM_OC_DelayElapsedCallback)
    HAL_TIM_PWM_ConfigChannel                0x08001d8d   Thumb Code   450  stm32f7xx_hal_tim_ex.o(i.HAL_TIM_PWM_ConfigChannel)
    HAL_TIM_PWM_Init                         0x08001f59   Thumb Code    54  stm32f7xx_hal_tim.o(i.HAL_TIM_PWM_Init)
    HAL_TIM_PWM_MspInit                      0x08001f91   Thumb Code   242  timer.o(i.HAL_TIM_PWM_MspInit)
    HAL_TIM_PWM_PulseFinishedCallback        0x08002099   Thumb Code     2  stm32f7xx_hal_tim.o(i.HAL_TIM_PWM_PulseFinishedCallback)
    HAL_TIM_PWM_Start                        0x0800209b   Thumb Code    56  stm32f7xx_hal_tim.o(i.HAL_TIM_PWM_Start)
    HAL_TIM_PWM_Start_IT                     0x080020d3   Thumb Code   108  stm32f7xx_hal_tim.o(i.HAL_TIM_PWM_Start_IT)
    HAL_TIM_PWM_Stop_IT                      0x0800213f   Thumb Code   138  stm32f7xx_hal_tim.o(i.HAL_TIM_PWM_Stop_IT)
    HAL_TIM_PeriodElapsedCallback            0x080021c9   Thumb Code    44  timer.o(i.HAL_TIM_PeriodElapsedCallback)
    HAL_TIM_TriggerCallback                  0x080021fd   Thumb Code     2  stm32f7xx_hal_tim.o(i.HAL_TIM_TriggerCallback)
    HAL_UART_ErrorCallback                   0x080021ff   Thumb Code     2  stm32f7xx_hal_uart.o(i.HAL_UART_ErrorCallback)
    HAL_UART_GetState                        0x08002201   Thumb Code    12  stm32f7xx_hal_uart.o(i.HAL_UART_GetState)
    HAL_UART_IRQHandler                      0x0800220d   Thumb Code   448  stm32f7xx_hal_uart.o(i.HAL_UART_IRQHandler)
    HAL_UART_Init                            0x080023d1   Thumb Code   110  stm32f7xx_hal_uart.o(i.HAL_UART_Init)
    HAL_UART_MspInit                         0x08002441   Thumb Code   198  usart.o(i.HAL_UART_MspInit)
    HAL_UART_Receive_IT                      0x08002519   Thumb Code   160  stm32f7xx_hal_uart.o(i.HAL_UART_Receive_IT)
    HAL_UART_RxCpltCallback                  0x080025b9   Thumb Code   164  usart.o(i.HAL_UART_RxCpltCallback)
    HAL_UART_TxCpltCallback                  0x08002665   Thumb Code     2  stm32f7xx_hal_uart.o(i.HAL_UART_TxCpltCallback)
    HardFault_Handler                        0x08002667   Thumb Code     2  stm32f7xx_it.o(i.HardFault_Handler)
    LCD_Clear                                0x08002669   Thumb Code    50  lcd.o(i.LCD_Clear)
    LCD_Display_Dir                          0x080026a9   Thumb Code   234  lcd.o(i.LCD_Display_Dir)
    LCD_Fast_DrawPoint                       0x08002799   Thumb Code   582  lcd.o(i.LCD_Fast_DrawPoint)
    LCD_Init                                 0x080029e9   Thumb Code 19040  lcd.o(i.LCD_Init)
    LCD_MPU_Config                           0x0800744d   Thumb Code   100  lcd.o(i.LCD_MPU_Config)
    LCD_SSD_BackLightSet                     0x080074b9   Thumb Code   170  lcd.o(i.LCD_SSD_BackLightSet)
    LCD_Scan_Dir                             0x08007579   Thumb Code   786  lcd.o(i.LCD_Scan_Dir)
    LCD_SetCursor                            0x08007895   Thumb Code   692  lcd.o(i.LCD_SetCursor)
    LCD_ShowChar                             0x08007b51   Thumb Code   272  lcd.o(i.LCD_ShowChar)
    LCD_ShowString                           0x08007c6d   Thumb Code    98  lcd.o(i.LCD_ShowString)
    LCD_ShowxNum                             0x08007cd1   Thumb Code   180  lcd.o(i.LCD_ShowxNum)
    LED_Init                                 0x08007d89   Thumb Code    68  led.o(i.LED_Init)
    MPU_Memory_Protection                    0x08007dd5   Thumb Code    54  mpu.o(i.MPU_Memory_Protection)
    MPU_Set_Protection                       0x08007e0d   Thumb Code   104  mpu.o(i.MPU_Set_Protection)
    MemManage_Handler                        0x08007e7d   Thumb Code    54  mpu.o(i.MemManage_Handler)
    NMI_Handler                              0x08007ee9   Thumb Code     2  stm32f7xx_it.o(i.NMI_Handler)
    PendSV_Handler                           0x08007eeb   Thumb Code     2  stm32f7xx_it.o(i.PendSV_Handler)
    SDRAM_Init                               0x08007eed   Thumb Code   152  sdram.o(i.SDRAM_Init)
    SDRAM_Send_Cmd                           0x08007f8d   Thumb Code    60  sdram.o(i.SDRAM_Send_Cmd)
    SVC_Handler                              0x08007fcd   Thumb Code     2  stm32f7xx_it.o(i.SVC_Handler)
    SendPulse                                0x08007fd1   Thumb Code    84  timer.o(i.SendPulse)
    Stm32_Clock_Init                         0x08008035   Thumb Code   152  sys.o(i.Stm32_Clock_Init)
    SysTick_Handler                          0x080080d5   Thumb Code     4  stm32f7xx_it.o(i.SysTick_Handler)
    SystemInit                               0x080080d9   Thumb Code    64  system_stm32f7xx.o(i.SystemInit)
    TIM1_Encoder_Init                        0x08008131   Thumb Code    64  timer.o(i.TIM1_Encoder_Init)
    TIM1_UP_TIM10_IRQHandler                 0x0800817d   Thumb Code     6  timer.o(i.TIM1_UP_TIM10_IRQHandler)
    TIM2_Encoder_Init                        0x08008189   Thumb Code    66  timer.o(i.TIM2_Encoder_Init)
    TIM3_Encoder_Init                        0x080081d5   Thumb Code    64  timer.o(i.TIM3_Encoder_Init)
    TIM4_Encoder_Init                        0x08008221   Thumb Code    64  timer.o(i.TIM4_Encoder_Init)
    TIM5_Encoder_Init                        0x0800826d   Thumb Code    64  timer.o(i.TIM5_Encoder_Init)
    TIM8_PWM_Init                            0x080082b9   Thumb Code   190  timer.o(i.TIM8_PWM_Init)
    TIM9_PWM_Init                            0x08008391   Thumb Code    60  timer.o(i.TIM9_PWM_Init)
    TIM_Base_SetConfig                       0x080083d9   Thumb Code   176  stm32f7xx_hal_tim.o(i.TIM_Base_SetConfig)
    TIM_CCxChannelCmd                        0x0800849d   Thumb Code    26  stm32f7xx_hal_tim.o(i.TIM_CCxChannelCmd)
    TIM_OC1_SetConfig                        0x080084b7   Thumb Code   104  stm32f7xx_hal_tim.o(i.TIM_OC1_SetConfig)
    TIM_OC2_SetConfig                        0x0800851f   Thumb Code   112  stm32f7xx_hal_tim.o(i.TIM_OC2_SetConfig)
    TIM_OC3_SetConfig                        0x0800858f   Thumb Code   112  stm32f7xx_hal_tim.o(i.TIM_OC3_SetConfig)
    TIM_OC4_SetConfig                        0x080085ff   Thumb Code    92  stm32f7xx_hal_tim.o(i.TIM_OC4_SetConfig)
    TIM_SetTIM8Compare1                      0x0800865d   Thumb Code    28  timer.o(i.TIM_SetTIM8Compare1)
    TIM_SetTIM8Compare2                      0x08008681   Thumb Code    28  timer.o(i.TIM_SetTIM8Compare2)
    TIM_SetTIM8Compare3                      0x080086a5   Thumb Code    28  timer.o(i.TIM_SetTIM8Compare3)
    TIM_SetTIM8Compare4                      0x080086c9   Thumb Code    28  timer.o(i.TIM_SetTIM8Compare4)
    TIM_SetTIM9Compare1                      0x080086ed   Thumb Code     6  timer.o(i.TIM_SetTIM9Compare1)
    UART_AdvFeatureConfig                    0x080086f9   Thumb Code   218  stm32f7xx_hal_uart.o(i.UART_AdvFeatureConfig)
    UART_CheckIdleState                      0x080087d3   Thumb Code    96  stm32f7xx_hal_uart.o(i.UART_CheckIdleState)
    UART_SetConfig                           0x080088c5   Thumb Code   636  stm32f7xx_hal_uart.o(i.UART_SetConfig)
    UART_WaitOnFlagUntilTimeout              0x08008b51   Thumb Code   116  stm32f7xx_hal_uart.o(i.UART_WaitOnFlagUntilTimeout)
    USART1_IRQHandler                        0x08008bc5   Thumb Code    80  usart.o(i.USART1_IRQHandler)
    USART2_IRQHandler                        0x08008c21   Thumb Code    80  usart.o(i.USART2_IRQHandler)
    UsageFault_Handler                       0x08008c7d   Thumb Code     2  stm32f7xx_it.o(i.UsageFault_Handler)
    _is_digit                                0x08008c7f   Thumb Code    14  __printf_wp.o(i._is_digit)
    _sys_exit                                0x08008c8d   Thumb Code     2  usart.o(i._sys_exit)
    delay_init                               0x08008c91   Thumb Code    16  delay.o(i.delay_init)
    delay_ms                                 0x08008ca5   Thumb Code    70  delay.o(i.delay_ms)
    delay_us                                 0x08008cf1   Thumb Code    46  delay.o(i.delay_us)
    fputc                                    0x08008d25   Thumb Code    30  usart.o(i.fputc)
    fsmc_sdram_test                          0x08008d51   Thumb Code   138  main.o(i.fsmc_sdram_test)
    main                                     0x08008e0d   Thumb Code   536  main.o(i.main)
    uart2_init                               0x080090c5   Thumb Code    44  usart.o(i.uart2_init)
    _fp_init                                 0x080090fd   Thumb Code    10  fpinit.o(x$fpl$fpinit)
    __fplib_config_fpu_vfp                   0x08009105   Thumb Code     0  fpinit.o(x$fpl$fpinit)
    __fplib_config_pureend_doubles           0x08009105   Thumb Code     0  fpinit.o(x$fpl$fpinit)
    AHBPrescTable                            0x08009106   Data          16  system_stm32f7xx.o(.constdata)
    APBPrescTable                            0x08009116   Data           8  system_stm32f7xx.o(.constdata)
    asc2_1206                                0x0800911e   Data        1140  lcd.o(.constdata)
    asc2_1608                                0x08009592   Data        1520  lcd.o(.constdata)
    asc2_2412                                0x08009b82   Data        3420  lcd.o(.constdata)
    asc2_3216                                0x0800a8de   Data       12160  lcd.o(.constdata)
    Region$$Table$$Base                      0x0800d898   Number         0  anon$$obj.o(Region$$Table)
    Region$$Table$$Limit                     0x0800d8b8   Number         0  anon$$obj.o(Region$$Table)
    SystemCoreClock                          0x20020000   Data           4  system_stm32f7xx.o(.data)
    uwTick                                   0x20020004   Data           4  stm32f7xx_hal.o(.data)
    aRxBuffer                                0x2002000c   Data           1  usart.o(.data)
    USART_RX_STA                             0x2002000e   Data           2  usart.o(.data)
    __stdout                                 0x20020010   Data           4  usart.o(.data)
    POINT_COLOR                              0x2002001c   Data           4  lcd.o(.data)
    BACK_COLOR                               0x20020020   Data           4  lcd.o(.data)
    USART_RX_BUF                             0x20020024   Data         200  usart.o(.bss)
    UART1_Handler                            0x200200ec   Data         112  usart.o(.bss)
    UART2_Handler                            0x2002015c   Data         112  usart.o(.bss)
    TIM1_Handler                             0x200201cc   Data          60  timer.o(.bss)
    TIM1_Encoder_Config                      0x20020208   Data          36  timer.o(.bss)
    TIM2_Handler                             0x2002022c   Data          60  timer.o(.bss)
    TIM2_Encoder_Config                      0x20020268   Data          36  timer.o(.bss)
    TIM3_Handler                             0x2002028c   Data          60  timer.o(.bss)
    TIM3_Encoder_Config                      0x200202c8   Data          36  timer.o(.bss)
    TIM4_Handler                             0x200202ec   Data          60  timer.o(.bss)
    TIM4_Encoder_Config                      0x20020328   Data          36  timer.o(.bss)
    TIM5_Handler                             0x2002034c   Data          60  timer.o(.bss)
    TIM5_Encoder_Config                      0x20020388   Data          36  timer.o(.bss)
    TIM8_Handler                             0x200203ac   Data          60  timer.o(.bss)
    TIM8_CH1Handler                          0x200203e8   Data          28  timer.o(.bss)
    TIM8_CH2Handler                          0x20020404   Data          28  timer.o(.bss)
    TIM8_CH3Handler                          0x20020420   Data          28  timer.o(.bss)
    TIM8_CH4Handler                          0x2002043c   Data          28  timer.o(.bss)
    TIM9_Handler                             0x20020458   Data          60  timer.o(.bss)
    TIM9_CH1Handler                          0x20020494   Data          28  timer.o(.bss)
    TIM10_Handler                            0x200204b0   Data          60  timer.o(.bss)
    TIM10_CH1Handler                         0x200204ec   Data          28  timer.o(.bss)
    SRAM_Handler                             0x20020508   Data          76  lcd.o(.bss)
    lcddev                                   0x20020554   Data          14  lcd.o(.bss)
    SDRAM_Handler                            0x20020564   Data          52  sdram.o(.bss)
    __libspace_start                         0x20020598   Data          96  libspace.o(.bss)
    __temporary_stack_top$libspace           0x200205f8   Data           0  libspace.o(.bss)
    testsram                                 0xc0000000   Data       500000  main.o(.ARM.__AT_0xC0000000)



==============================================================================

Memory Map of the image

  Image Entry point : 0x080001f9

  Load Region LR_IROM1 (Base: 0x08000000, Size: 0x0000d8dc, Max: 0x00100000, ABSOLUTE)

    Execution Region ER_IROM1 (Base: 0x08000000, Size: 0x0000d8b8, Max: 0x00100000, ABSOLUTE)

    Base Addr    Size         Type   Attr      Idx    E Section Name        Object

    0x08000000   0x000001f8   Data   RO          529    RESET               startup_stm32f767xx.o
    0x080001f8   0x00000008   Code   RO         3920  * !!!main             c_w.l(__main.o)
    0x08000200   0x00000034   Code   RO         4089    !!!scatter          c_w.l(__scatter.o)
    0x08000234   0x0000001a   Code   RO         4091    !!handler_copy      c_w.l(__scatter_copy.o)
    0x0800024e   0x00000002   PAD
    0x08000250   0x0000001c   Code   RO         4093    !!handler_zi        c_w.l(__scatter_zi.o)
    0x0800026c   0x00000000   Code   RO         3917    .ARM.Collect$$_printf_percent$$00000000  c_w.l(_printf_percent.o)
    0x0800026c   0x00000006   Code   RO         3916    .ARM.Collect$$_printf_percent$$00000009  c_w.l(_printf_d.o)
    0x08000272   0x00000006   Code   RO         3915    .ARM.Collect$$_printf_percent$$0000000C  c_w.l(_printf_x.o)
    0x08000278   0x00000004   Code   RO         3933    .ARM.Collect$$_printf_percent$$00000017  c_w.l(_printf_percent_end.o)
    0x0800027c   0x00000002   Code   RO         3964    .ARM.Collect$$libinit$$00000000  c_w.l(libinit.o)
    0x0800027e   0x00000004   Code   RO         3970    .ARM.Collect$$libinit$$00000001  c_w.l(libinit2.o)
    0x08000282   0x00000000   Code   RO         3973    .ARM.Collect$$libinit$$00000004  c_w.l(libinit2.o)
    0x08000282   0x00000000   Code   RO         3976    .ARM.Collect$$libinit$$0000000A  c_w.l(libinit2.o)
    0x08000282   0x00000000   Code   RO         3978    .ARM.Collect$$libinit$$0000000C  c_w.l(libinit2.o)
    0x08000282   0x00000000   Code   RO         3980    .ARM.Collect$$libinit$$0000000E  c_w.l(libinit2.o)
    0x08000282   0x00000000   Code   RO         3983    .ARM.Collect$$libinit$$00000011  c_w.l(libinit2.o)
    0x08000282   0x00000000   Code   RO         3985    .ARM.Collect$$libinit$$00000013  c_w.l(libinit2.o)
    0x08000282   0x00000000   Code   RO         3987    .ARM.Collect$$libinit$$00000015  c_w.l(libinit2.o)
    0x08000282   0x00000000   Code   RO         3989    .ARM.Collect$$libinit$$00000017  c_w.l(libinit2.o)
    0x08000282   0x00000000   Code   RO         3991    .ARM.Collect$$libinit$$00000019  c_w.l(libinit2.o)
    0x08000282   0x00000000   Code   RO         3993    .ARM.Collect$$libinit$$0000001B  c_w.l(libinit2.o)
    0x08000282   0x00000000   Code   RO         3995    .ARM.Collect$$libinit$$0000001D  c_w.l(libinit2.o)
    0x08000282   0x00000000   Code   RO         3997    .ARM.Collect$$libinit$$0000001F  c_w.l(libinit2.o)
    0x08000282   0x00000000   Code   RO         3999    .ARM.Collect$$libinit$$00000021  c_w.l(libinit2.o)
    0x08000282   0x00000000   Code   RO         4001    .ARM.Collect$$libinit$$00000023  c_w.l(libinit2.o)
    0x08000282   0x00000000   Code   RO         4003    .ARM.Collect$$libinit$$00000025  c_w.l(libinit2.o)
    0x08000282   0x00000000   Code   RO         4007    .ARM.Collect$$libinit$$0000002C  c_w.l(libinit2.o)
    0x08000282   0x00000000   Code   RO         4009    .ARM.Collect$$libinit$$0000002E  c_w.l(libinit2.o)
    0x08000282   0x00000000   Code   RO         4011    .ARM.Collect$$libinit$$00000030  c_w.l(libinit2.o)
    0x08000282   0x00000000   Code   RO         4013    .ARM.Collect$$libinit$$00000032  c_w.l(libinit2.o)
    0x08000282   0x00000002   Code   RO         4014    .ARM.Collect$$libinit$$00000033  c_w.l(libinit2.o)
    0x08000284   0x00000002   Code   RO         4032    .ARM.Collect$$libshutdown$$00000000  c_w.l(libshutdown.o)
    0x08000286   0x00000000   Code   RO         4043    .ARM.Collect$$libshutdown$$00000003  c_w.l(libshutdown2.o)
    0x08000286   0x00000000   Code   RO         4046    .ARM.Collect$$libshutdown$$00000006  c_w.l(libshutdown2.o)
    0x08000286   0x00000000   Code   RO         4049    .ARM.Collect$$libshutdown$$00000009  c_w.l(libshutdown2.o)
    0x08000286   0x00000000   Code   RO         4051    .ARM.Collect$$libshutdown$$0000000B  c_w.l(libshutdown2.o)
    0x08000286   0x00000000   Code   RO         4054    .ARM.Collect$$libshutdown$$0000000E  c_w.l(libshutdown2.o)
    0x08000286   0x00000002   Code   RO         4055    .ARM.Collect$$libshutdown$$0000000F  c_w.l(libshutdown2.o)
    0x08000288   0x00000000   Code   RO         3924    .ARM.Collect$$rtentry$$00000000  c_w.l(__rtentry.o)
    0x08000288   0x00000000   Code   RO         3935    .ARM.Collect$$rtentry$$00000002  c_w.l(__rtentry2.o)
    0x08000288   0x00000006   Code   RO         3947    .ARM.Collect$$rtentry$$00000004  c_w.l(__rtentry4.o)
    0x0800028e   0x00000000   Code   RO         3937    .ARM.Collect$$rtentry$$00000009  c_w.l(__rtentry2.o)
    0x0800028e   0x00000004   Code   RO         3938    .ARM.Collect$$rtentry$$0000000A  c_w.l(__rtentry2.o)
    0x08000292   0x00000000   Code   RO         3940    .ARM.Collect$$rtentry$$0000000C  c_w.l(__rtentry2.o)
    0x08000292   0x00000008   Code   RO         3941    .ARM.Collect$$rtentry$$0000000D  c_w.l(__rtentry2.o)
    0x0800029a   0x00000002   Code   RO         3968    .ARM.Collect$$rtexit$$00000000  c_w.l(rtexit.o)
    0x0800029c   0x00000000   Code   RO         4016    .ARM.Collect$$rtexit$$00000002  c_w.l(rtexit2.o)
    0x0800029c   0x00000004   Code   RO         4017    .ARM.Collect$$rtexit$$00000003  c_w.l(rtexit2.o)
    0x080002a0   0x00000006   Code   RO         4018    .ARM.Collect$$rtexit$$00000004  c_w.l(rtexit2.o)
    0x080002a6   0x00000002   PAD
    0x080002a8   0x00000040   Code   RO          530    .text               startup_stm32f767xx.o
    0x080002e8   0x00000002   Code   RO         3858    .text               c_w.l(use_no_semi_2.o)
    0x080002ea   0x00000002   PAD
    0x080002ec   0x00000018   Code   RO         3864    .text               c_w.l(noretval__2printf.o)
    0x08000304   0x00000028   Code   RO         3866    .text               c_w.l(noretval__2sprintf.o)
    0x0800032c   0x0000004e   Code   RO         3870    .text               c_w.l(_printf_pad.o)
    0x0800037a   0x00000002   PAD
    0x0800037c   0x00000078   Code   RO         3872    .text               c_w.l(_printf_dec.o)
    0x080003f4   0x00000058   Code   RO         3877    .text               c_w.l(_printf_hex_int.o)
    0x0800044c   0x00000138   Code   RO         3907    .text               c_w.l(__printf_flags_wp.o)
    0x08000584   0x00000006   Code   RO         3918    .text               c_w.l(heapauxi.o)
    0x0800058a   0x00000002   Code   RO         3922    .text               c_w.l(use_no_semi.o)
    0x0800058c   0x000000b2   Code   RO         3925    .text               c_w.l(_printf_intcommon.o)
    0x0800063e   0x00000002   PAD
    0x08000640   0x00000030   Code   RO         3927    .text               c_w.l(_printf_char_common.o)
    0x08000670   0x0000000a   Code   RO         3929    .text               c_w.l(_sputc.o)
    0x0800067a   0x00000002   PAD
    0x0800067c   0x00000024   Code   RO         3931    .text               c_w.l(_printf_char_file.o)
    0x080006a0   0x00000008   Code   RO         3951    .text               c_w.l(ferror.o)
    0x080006a8   0x0000004a   Code   RO         3955    .text               c_w.l(sys_stackheap_outer.o)
    0x080006f2   0x0000000c   Code   RO         3957    .text               c_w.l(exit.o)
    0x080006fe   0x00000002   PAD
    0x08000700   0x00000008   Code   RO         3965    .text               c_w.l(libspace.o)
    0x08000708   0x00000002   Code   RO          299    i.BusFault_Handler  stm32f7xx_it.o
    0x0800070a   0x00000002   PAD
    0x0800070c   0x00000088   Code   RO         3198    i.Cache_Enable      sys.o
    0x08000794   0x00000002   Code   RO          300    i.DebugMon_Handler  stm32f7xx_it.o
    0x08000796   0x00000006   Code   RO         3482    i.EXTI0_IRQHandler  exti.o
    0x0800079c   0x00000008   Code   RO         3483    i.EXTI15_10_IRQHandler  exti.o
    0x080007a4   0x00000006   Code   RO         3484    i.EXTI2_IRQHandler  exti.o
    0x080007aa   0x00000006   Code   RO         3485    i.EXTI3_IRQHandler  exti.o
    0x080007b0   0x000000c4   Code   RO         3486    i.EXTI_Init         exti.o
    0x08000874   0x00000048   Code   RO         2897    i.FMC_NORSRAM_Extended_Timing_Init  stm32f7xx_ll_fmc.o
    0x080008bc   0x0000007c   Code   RO         2898    i.FMC_NORSRAM_Init  stm32f7xx_ll_fmc.o
    0x08000938   0x00000064   Code   RO         2899    i.FMC_NORSRAM_Timing_Init  stm32f7xx_ll_fmc.o
    0x0800099c   0x0000005e   Code   RO         2904    i.FMC_SDRAM_Init    stm32f7xx_ll_fmc.o
    0x080009fa   0x0000000c   Code   RO         2905    i.FMC_SDRAM_ProgramRefreshRate  stm32f7xx_ll_fmc.o
    0x08000a06   0x00000052   Code   RO         2906    i.FMC_SDRAM_SendCommand  stm32f7xx_ll_fmc.o
    0x08000a58   0x00000092   Code   RO         2908    i.FMC_SDRAM_Timing_Init  stm32f7xx_ll_fmc.o
    0x08000aea   0x00000024   Code   RO          827    i.HAL_DMA_Abort_IT  stm32f7xx_hal_dma.o
    0x08000b0e   0x00000002   PAD
    0x08000b10   0x00000164   Code   RO         3487    i.HAL_GPIO_EXTI_Callback  exti.o
    0x08000c74   0x00000018   Code   RO          955    i.HAL_GPIO_EXTI_IRQHandler  stm32f7xx_hal_gpio.o
    0x08000c8c   0x00000230   Code   RO          956    i.HAL_GPIO_Init     stm32f7xx_hal_gpio.o
    0x08000ebc   0x0000000a   Code   RO          958    i.HAL_GPIO_ReadPin  stm32f7xx_hal_gpio.o
    0x08000ec6   0x00000008   Code   RO          959    i.HAL_GPIO_TogglePin  stm32f7xx_hal_gpio.o
    0x08000ece   0x0000000a   Code   RO          960    i.HAL_GPIO_WritePin  stm32f7xx_hal_gpio.o
    0x08000ed8   0x0000000c   Code   RO          554    i.HAL_GetTick       stm32f7xx_hal.o
    0x08000ee4   0x00000010   Code   RO          555    i.HAL_IncTick       stm32f7xx_hal.o
    0x08000ef4   0x00000024   Code   RO          556    i.HAL_Init          stm32f7xx_hal.o
    0x08000f18   0x00000028   Code   RO          557    i.HAL_InitTick      stm32f7xx_hal.o
    0x08000f40   0x00000054   Code   RO          708    i.HAL_MPU_ConfigRegion  stm32f7xx_hal_cortex.o
    0x08000f94   0x00000002   Code   RO          559    i.HAL_MspInit       stm32f7xx_hal.o
    0x08000f96   0x00000018   Code   RO          711    i.HAL_NVIC_EnableIRQ  stm32f7xx_hal_cortex.o
    0x08000fae   0x00000002   PAD
    0x08000fb0   0x00000064   Code   RO          717    i.HAL_NVIC_SetPriority  stm32f7xx_hal_cortex.o
    0x08001014   0x00000024   Code   RO          718    i.HAL_NVIC_SetPriorityGrouping  stm32f7xx_hal_cortex.o
    0x08001038   0x0000007c   Code   RO         1149    i.HAL_PWREx_EnableOverDrive  stm32f7xx_hal_pwr_ex.o
    0x080010b4   0x00000184   Code   RO         1236    i.HAL_RCC_ClockConfig  stm32f7xx_hal_rcc.o
    0x08001238   0x00000030   Code   RO         1243    i.HAL_RCC_GetPCLK1Freq  stm32f7xx_hal_rcc.o
    0x08001268   0x00000030   Code   RO         1244    i.HAL_RCC_GetPCLK2Freq  stm32f7xx_hal_rcc.o
    0x08001298   0x00000098   Code   RO         1245    i.HAL_RCC_GetSysClockFreq  stm32f7xx_hal_rcc.o
    0x08001330   0x000003c4   Code   RO         1339    i.HAL_RCC_OscConfig  stm32f7xx_hal_rcc_ex.o
    0x080016f4   0x00000042   Code   RO         2739    i.HAL_SDRAM_Init    stm32f7xx_hal_sdram.o
    0x08001736   0x00000002   PAD
    0x08001738   0x000000e0   Code   RO         3802    i.HAL_SDRAM_MspInit  sdram.o
    0x08001818   0x00000024   Code   RO         2742    i.HAL_SDRAM_ProgramRefreshRate  stm32f7xx_hal_sdram.o
    0x0800183c   0x0000002e   Code   RO         2748    i.HAL_SDRAM_SendCommand  stm32f7xx_hal_sdram.o
    0x0800186a   0x00000056   Code   RO         3043    i.HAL_SRAM_Init     stm32f7xx_hal_sram.o
    0x080018c0   0x0000007c   Code   RO         3540    i.HAL_SRAM_MspInit  lcd.o
    0x0800193c   0x00000016   Code   RO          720    i.HAL_SYSTICK_CLKSourceConfig  stm32f7xx_hal_cortex.o
    0x08001952   0x00000002   PAD
    0x08001954   0x0000002c   Code   RO          722    i.HAL_SYSTICK_Config  stm32f7xx_hal_cortex.o
    0x08001980   0x00000002   Code   RO         2464    i.HAL_TIMEx_BreakCallback  stm32f7xx_hal_tim_ex.o
    0x08001982   0x00000002   Code   RO         2465    i.HAL_TIMEx_CommutationCallback  stm32f7xx_hal_tim_ex.o
    0x08001984   0x000000b0   Code   RO         1880    i.HAL_TIM_Encoder_Init  stm32f7xx_hal_tim.o
    0x08001a34   0x00000194   Code   RO         3349    i.HAL_TIM_Encoder_MspInit  timer.o
    0x08001bc8   0x0000003a   Code   RO         1883    i.HAL_TIM_Encoder_Start  stm32f7xx_hal_tim.o
    0x08001c02   0x00000002   Code   RO         1891    i.HAL_TIM_IC_CaptureCallback  stm32f7xx_hal_tim.o
    0x08001c04   0x00000186   Code   RO         1904    i.HAL_TIM_IRQHandler  stm32f7xx_hal_tim.o
    0x08001d8a   0x00000002   Code   RO         1907    i.HAL_TIM_OC_DelayElapsedCallback  stm32f7xx_hal_tim.o
    0x08001d8c   0x000001cc   Code   RO         2503    i.HAL_TIM_PWM_ConfigChannel  stm32f7xx_hal_tim_ex.o
    0x08001f58   0x00000036   Code   RO         1931    i.HAL_TIM_PWM_Init  stm32f7xx_hal_tim.o
    0x08001f8e   0x00000002   PAD
    0x08001f90   0x00000108   Code   RO         3350    i.HAL_TIM_PWM_MspInit  timer.o
    0x08002098   0x00000002   Code   RO         1934    i.HAL_TIM_PWM_PulseFinishedCallback  stm32f7xx_hal_tim.o
    0x0800209a   0x00000038   Code   RO         1935    i.HAL_TIM_PWM_Start  stm32f7xx_hal_tim.o
    0x080020d2   0x0000006c   Code   RO         1937    i.HAL_TIM_PWM_Start_IT  stm32f7xx_hal_tim.o
    0x0800213e   0x0000008a   Code   RO         1940    i.HAL_TIM_PWM_Stop_IT  stm32f7xx_hal_tim.o
    0x080021c8   0x00000034   Code   RO         3351    i.HAL_TIM_PeriodElapsedCallback  timer.o
    0x080021fc   0x00000002   Code   RO         1945    i.HAL_TIM_TriggerCallback  stm32f7xx_hal_tim.o
    0x080021fe   0x00000002   Code   RO         1393    i.HAL_UART_ErrorCallback  stm32f7xx_hal_uart.o
    0x08002200   0x0000000c   Code   RO         1395    i.HAL_UART_GetState  stm32f7xx_hal_uart.o
    0x0800220c   0x000001c4   Code   RO         1396    i.HAL_UART_IRQHandler  stm32f7xx_hal_uart.o
    0x080023d0   0x0000006e   Code   RO         1397    i.HAL_UART_Init     stm32f7xx_hal_uart.o
    0x0800243e   0x00000002   PAD
    0x08002440   0x000000d8   Code   RO         3247    i.HAL_UART_MspInit  usart.o
    0x08002518   0x000000a0   Code   RO         1402    i.HAL_UART_Receive_IT  stm32f7xx_hal_uart.o
    0x080025b8   0x000000ac   Code   RO         3248    i.HAL_UART_RxCpltCallback  usart.o
    0x08002664   0x00000002   Code   RO         1408    i.HAL_UART_TxCpltCallback  stm32f7xx_hal_uart.o
    0x08002666   0x00000002   Code   RO          301    i.HardFault_Handler  stm32f7xx_it.o
    0x08002668   0x00000040   Code   RO         3542    i.LCD_Clear         lcd.o
    0x080026a8   0x000000f0   Code   RO         3546    i.LCD_Display_Dir   lcd.o
    0x08002798   0x00000250   Code   RO         3551    i.LCD_Fast_DrawPoint  lcd.o
    0x080029e8   0x00004a64   Code   RO         3553    i.LCD_Init          lcd.o
    0x0800744c   0x0000006c   Code   RO         3554    i.LCD_MPU_Config    lcd.o
    0x080074b8   0x000000c0   Code   RO         3559    i.LCD_SSD_BackLightSet  lcd.o
    0x08007578   0x0000031c   Code   RO         3560    i.LCD_Scan_Dir      lcd.o
    0x08007894   0x000002bc   Code   RO         3561    i.LCD_SetCursor     lcd.o
    0x08007b50   0x0000011c   Code   RO         3563    i.LCD_ShowChar      lcd.o
    0x08007c6c   0x00000062   Code   RO         3565    i.LCD_ShowString    lcd.o
    0x08007cce   0x00000002   PAD
    0x08007cd0   0x000000b8   Code   RO         3566    i.LCD_ShowxNum      lcd.o
    0x08007d88   0x0000004c   Code   RO         3325    i.LED_Init          led.o
    0x08007dd4   0x00000036   Code   RO         3760    i.MPU_Memory_Protection  mpu.o
    0x08007e0a   0x00000002   PAD
    0x08007e0c   0x00000070   Code   RO         3761    i.MPU_Set_Protection  mpu.o
    0x08007e7c   0x0000006c   Code   RO         3762    i.MemManage_Handler  mpu.o
    0x08007ee8   0x00000002   Code   RO          302    i.NMI_Handler       stm32f7xx_it.o
    0x08007eea   0x00000002   Code   RO          303    i.PendSV_Handler    stm32f7xx_it.o
    0x08007eec   0x000000a0   Code   RO         3803    i.SDRAM_Init        sdram.o
    0x08007f8c   0x00000040   Code   RO         3805    i.SDRAM_Send_Cmd    sdram.o
    0x08007fcc   0x00000002   Code   RO          304    i.SVC_Handler       stm32f7xx_it.o
    0x08007fce   0x00000002   PAD
    0x08007fd0   0x00000064   Code   RO         3352    i.SendPulse         timer.o
    0x08008034   0x000000a0   Code   RO         3201    i.Stm32_Clock_Init  sys.o
    0x080080d4   0x00000004   Code   RO          305    i.SysTick_Handler   stm32f7xx_it.o
    0x080080d8   0x00000058   Code   RO          372    i.SystemInit        system_stm32f7xx.o
    0x08008130   0x0000004c   Code   RO         3354    i.TIM1_Encoder_Init  timer.o
    0x0800817c   0x0000000c   Code   RO         3355    i.TIM1_UP_TIM10_IRQHandler  timer.o
    0x08008188   0x0000004c   Code   RO         3356    i.TIM2_Encoder_Init  timer.o
    0x080081d4   0x0000004c   Code   RO         3357    i.TIM3_Encoder_Init  timer.o
    0x08008220   0x0000004c   Code   RO         3358    i.TIM4_Encoder_Init  timer.o
    0x0800826c   0x0000004c   Code   RO         3359    i.TIM5_Encoder_Init  timer.o
    0x080082b8   0x000000d8   Code   RO         3360    i.TIM8_PWM_Init     timer.o
    0x08008390   0x00000048   Code   RO         3361    i.TIM9_PWM_Init     timer.o
    0x080083d8   0x000000c4   Code   RO         1946    i.TIM_Base_SetConfig  stm32f7xx_hal_tim.o
    0x0800849c   0x0000001a   Code   RO         1947    i.TIM_CCxChannelCmd  stm32f7xx_hal_tim.o
    0x080084b6   0x00000068   Code   RO         1954    i.TIM_OC1_SetConfig  stm32f7xx_hal_tim.o
    0x0800851e   0x00000070   Code   RO         1955    i.TIM_OC2_SetConfig  stm32f7xx_hal_tim.o
    0x0800858e   0x00000070   Code   RO         1956    i.TIM_OC3_SetConfig  stm32f7xx_hal_tim.o
    0x080085fe   0x0000005c   Code   RO         1957    i.TIM_OC4_SetConfig  stm32f7xx_hal_tim.o
    0x0800865a   0x00000002   PAD
    0x0800865c   0x00000024   Code   RO         3362    i.TIM_SetTIM8Compare1  timer.o
    0x08008680   0x00000024   Code   RO         3363    i.TIM_SetTIM8Compare2  timer.o
    0x080086a4   0x00000024   Code   RO         3364    i.TIM_SetTIM8Compare3  timer.o
    0x080086c8   0x00000024   Code   RO         3365    i.TIM_SetTIM8Compare4  timer.o
    0x080086ec   0x0000000c   Code   RO         3366    i.TIM_SetTIM9Compare1  timer.o
    0x080086f8   0x000000da   Code   RO         1410    i.UART_AdvFeatureConfig  stm32f7xx_hal_uart.o
    0x080087d2   0x00000060   Code   RO         1411    i.UART_CheckIdleState  stm32f7xx_hal_uart.o
    0x08008832   0x00000014   Code   RO         1412    i.UART_DMAAbortOnError  stm32f7xx_hal_uart.o
    0x08008846   0x0000007c   Code   RO         1418    i.UART_Receive_IT   stm32f7xx_hal_uart.o
    0x080088c2   0x00000002   PAD
    0x080088c4   0x0000028c   Code   RO         1419    i.UART_SetConfig    stm32f7xx_hal_uart.o
    0x08008b50   0x00000074   Code   RO         1420    i.UART_WaitOnFlagUntilTimeout  stm32f7xx_hal_uart.o
    0x08008bc4   0x0000005c   Code   RO         3249    i.USART1_IRQHandler  usart.o
    0x08008c20   0x0000005c   Code   RO         3250    i.USART2_IRQHandler  usart.o
    0x08008c7c   0x00000002   Code   RO          306    i.UsageFault_Handler  stm32f7xx_it.o
    0x08008c7e   0x0000000e   Code   RO         3905    i._is_digit         c_w.l(__printf_wp.o)
    0x08008c8c   0x00000002   Code   RO         3251    i._sys_exit         usart.o
    0x08008c8e   0x00000002   PAD
    0x08008c90   0x00000014   Code   RO         3159    i.delay_init        delay.o
    0x08008ca4   0x0000004c   Code   RO         3160    i.delay_ms          delay.o
    0x08008cf0   0x00000034   Code   RO         3161    i.delay_us          delay.o
    0x08008d24   0x0000002c   Code   RO         3252    i.fputc             usart.o
    0x08008d50   0x000000bc   Code   RO            4    i.fsmc_sdram_test   main.o
    0x08008e0c   0x000002b8   Code   RO            5    i.main              main.o
    0x080090c4   0x00000038   Code   RO         3254    i.uart2_init        usart.o
    0x080090fc   0x0000000a   Code   RO         4024    x$fpl$fpinit        fz_wv.l(fpinit.o)
    0x08009106   0x00000010   Data   RO          373    .constdata          system_stm32f7xx.o
    0x08009116   0x00000008   Data   RO          374    .constdata          system_stm32f7xx.o
    0x0800911e   0x00004740   Data   RO         3574    .constdata          lcd.o
    0x0800d85e   0x00000028   Data   RO         3878    .constdata          c_w.l(_printf_hex_int.o)
    0x0800d886   0x00000011   Data   RO         3908    .constdata          c_w.l(__printf_flags_wp.o)
    0x0800d897   0x00000001   PAD
    0x0800d898   0x00000020   Data   RO         4087    Region$$Table       anon$$obj.o


    Execution Region RW_IRAM1 (Base: 0x20020000, Size: 0x00000bf8, Max: 0x00060000, ABSOLUTE)

    Base Addr    Size         Type   Attr      Idx    E Section Name        Object

    0x20020000   0x00000004   Data   RW          375    .data               system_stm32f7xx.o
    0x20020004   0x00000004   Data   RW          562    .data               stm32f7xx_hal.o
    0x20020008   0x00000004   Data   RW         3162    .data               delay.o
    0x2002000c   0x00000004   Data   RW         3256    .data               usart.o
    0x20020010   0x00000004   Data   RW         3257    .data               usart.o
    0x20020014   0x00000004   Data   RW         3368    .data               timer.o
    0x20020018   0x00000004   Data   RW         3488    .data               exti.o
    0x2002001c   0x00000008   Data   RW         3575    .data               lcd.o
    0x20020024   0x000001a8   Zero   RW         3255    .bss                usart.o
    0x200201cc   0x0000033c   Zero   RW         3367    .bss                timer.o
    0x20020508   0x0000005a   Zero   RW         3573    .bss                lcd.o
    0x20020562   0x00000002   PAD
    0x20020564   0x00000034   Zero   RW         3806    .bss                sdram.o
    0x20020598   0x00000060   Zero   RW         3966    .bss                c_w.l(libspace.o)
    0x200205f8   0x00000200   Zero   RW          528    HEAP                startup_stm32f767xx.o
    0x200207f8   0x00000400   Zero   RW          527    STACK               startup_stm32f767xx.o



  Load Region LR$$.ARM.__AT_0xC0000000 (Base: 0xc0000000, Size: 0x00000000, Max: 0x0007a120, ABSOLUTE)

    Execution Region ER$$.ARM.__AT_0xC0000000 (Base: 0xc0000000, Size: 0x0007a120, Max: 0x0007a120, ABSOLUTE, UNINIT)

    Base Addr    Size         Type   Attr      Idx    E Section Name        Object

    0xc0000000   0x0007a120   Zero   RW            6    .ARM.__AT_0xC0000000  main.o


==============================================================================

Image component sizes


      Code (inc. data)   RO Data    RW Data    ZI Data      Debug   Object Name

       148         16          0          4          0       2247   delay.o
       578         84          0          4          0       3881   exti.o
     22426        172      18240          8         90      82229   lcd.o
        76          8          0          0          0        823   led.o
       884        222          0          0     500000     450252   main.o
       274         62          0          0          0      33436   mpu.o
       448         40          0          0         52       2792   sdram.o
        64         26        504          0       1536        812   startup_stm32f767xx.o
       106         22          0          4          0       3549   stm32f7xx_hal.o
       310         22          0          0          0      35952   stm32f7xx_hal_cortex.o
        36          0          0          0          0       1487   stm32f7xx_hal_dma.o
       612         20          0          0          0       3983   stm32f7xx_hal_gpio.o
       124         10          0          0          0       1232   stm32f7xx_hal_pwr_ex.o
       636         64          0          0          0       3586   stm32f7xx_hal_rcc.o
       964         22          0          0          0       1812   stm32f7xx_hal_rcc_ex.o
       148          0          0          0          0       2484   stm32f7xx_hal_sdram.o
        86          0          0          0          0       1096   stm32f7xx_hal_sram.o
      1630         20          0          0          0      12974   stm32f7xx_hal_tim.o
       464         10          0          0          0       2934   stm32f7xx_hal_tim_ex.o
      1964         40          0          0          0       9408   stm32f7xx_hal_uart.o
        18          0          0          0          0       3390   stm32f7xx_it.o
       630         12          0          0          0       5368   stm32f7xx_ll_fmc.o
       296         28          0          0          0      33273   sys.o
        88         24         24          4          0       1027   system_stm32f7xx.o
      1656        210          0          4        828      12206   timer.o
       674         76          0          8        424       6352   usart.o

    ----------------------------------------------------------------------
     35366       1210      18800         36     502932     718585   Object Totals
         0          0         32          0          0          0   (incl. Generated)
        26          0          0          0          2          0   (incl. Padding)

    ----------------------------------------------------------------------

      Code (inc. data)   RO Data    RW Data    ZI Data      Debug   Library Member Name

         8          0          0          0          0         68   __main.o
       312          4         17          0          0         92   __printf_flags_wp.o
        14          0          0          0          0         68   __printf_wp.o
         0          0          0          0          0          0   __rtentry.o
        12          0          0          0          0          0   __rtentry2.o
         6          0          0          0          0          0   __rtentry4.o
        52          8          0          0          0          0   __scatter.o
        26          0          0          0          0          0   __scatter_copy.o
        28          0          0          0          0          0   __scatter_zi.o
        48          6          0          0          0         96   _printf_char_common.o
        36          4          0          0          0         80   _printf_char_file.o
         6          0          0          0          0          0   _printf_d.o
       120         16          0          0          0         92   _printf_dec.o
        88          4         40          0          0         88   _printf_hex_int.o
       178          0          0          0          0         88   _printf_intcommon.o
        78          0          0          0          0        108   _printf_pad.o
         0          0          0          0          0          0   _printf_percent.o
         4          0          0          0          0          0   _printf_percent_end.o
         6          0          0          0          0          0   _printf_x.o
        10          0          0          0          0         68   _sputc.o
        12          0          0          0          0         72   exit.o
         8          0          0          0          0         68   ferror.o
         6          0          0          0          0        152   heapauxi.o
         2          0          0          0          0          0   libinit.o
         6          0          0          0          0          0   libinit2.o
         2          0          0          0          0          0   libshutdown.o
         2          0          0          0          0          0   libshutdown2.o
         8          4          0          0         96         68   libspace.o
        24          4          0          0          0         84   noretval__2printf.o
        40          6          0          0          0         84   noretval__2sprintf.o
         2          0          0          0          0          0   rtexit.o
        10          0          0          0          0          0   rtexit2.o
        74          0          0          0          0         80   sys_stackheap_outer.o
         2          0          0          0          0         68   use_no_semi.o
         2          0          0          0          0         68   use_no_semi_2.o
        10          0          0          0          0        116   fpinit.o

    ----------------------------------------------------------------------
      1256         56         58          0         96       1708   Library Totals
        14          0          1          0          0          0   (incl. Padding)

    ----------------------------------------------------------------------

      Code (inc. data)   RO Data    RW Data    ZI Data      Debug   Library Name

      1232         56         57          0         96       1592   c_w.l
        10          0          0          0          0        116   fz_wv.l

    ----------------------------------------------------------------------
      1256         56         58          0         96       1708   Library Totals

    ----------------------------------------------------------------------

==============================================================================


      Code (inc. data)   RO Data    RW Data    ZI Data      Debug   

     36622       1266      18858         36     503028     707213   Grand Totals
     36622       1266      18858         36     503028     707213   ELF Image Totals
     36622       1266      18858         36          0          0   ROM Totals

==============================================================================

    Total RO  Size (Code + RO Data)                55480 (  54.18kB)
    Total RW  Size (RW Data + ZI Data)            503064 ( 491.27kB)
    Total ROM Size (Code + RO Data + RW Data)      55516 (  54.21kB)

==============================================================================

