Component: ARM Compiler 5.05 update 1 (build 106) Tool: armlink [4d0efa]

==============================================================================

Section Cross References

    main.o(i.Load_Drow_Dialog) refers to tftlcd.o(i.LCD_Clear) for LCD_Clear
    main.o(i.Load_Drow_Dialog) refers to tftlcd.o(i.LCD_ShowString) for LCD_ShowString
    main.o(i.Load_Drow_Dialog) refers to tftlcd.o(.data) for POINT_COLOR
    main.o(i.Load_Drow_Dialog) refers to tftlcd.o(.bss) for lcddev
    main.o(i.ctp_test) refers to main.o(i.gui_fill_circle) for gui_fill_circle
    main.o(i.ctp_test) refers to tftlcd.o(i.LCD_Clear) for LCD_Clear
    main.o(i.ctp_test) refers to tftlcd.o(i.LCD_ShowString) for LCD_ShowString
    main.o(i.ctp_test) refers to delay.o(i.delay_ms) for delay_ms
    main.o(i.ctp_test) refers to stm32f7xx_hal_gpio.o(i.HAL_GPIO_TogglePin) for HAL_GPIO_TogglePin
    main.o(i.ctp_test) refers to tftlcd.o(i.LCD_ShowxNum) for LCD_ShowxNum
    main.o(i.ctp_test) refers to touch.o(.data) for tp_dev
    main.o(i.ctp_test) refers to tftlcd.o(.bss) for lcddev
    main.o(i.ctp_test) refers to main.o(.constdata) for .constdata
    main.o(i.ctp_test) refers to tftlcd.o(.data) for POINT_COLOR
    main.o(i.ctp_test) refers to main.o(i.Load_Drow_Dialog) for i.Load_Drow_Dialog
    main.o(i.ctp_test) refers to timer.o(.bss) for TIM1_Handler
    main.o(i.fsmc_sdram_test) refers to _printf_percent.o(.ARM.Collect$$_printf_percent$$00000000) for _printf_percent
    main.o(i.fsmc_sdram_test) refers to _printf_d.o(.ARM.Collect$$_printf_percent$$00000009) for _printf_d
    main.o(i.fsmc_sdram_test) refers to _printf_dec.o(.text) for _printf_int_dec
    main.o(i.fsmc_sdram_test) refers to tftlcd.o(i.LCD_ShowString) for LCD_ShowString
    main.o(i.fsmc_sdram_test) refers to tftlcd.o(i.LCD_ShowxNum) for LCD_ShowxNum
    main.o(i.fsmc_sdram_test) refers to noretval__2printf.o(.text) for __2printf
    main.o(i.gui_draw_hline) refers to tftlcd.o(i.LCD_Fill) for LCD_Fill
    main.o(i.gui_fill_circle) refers to tftlcd.o(i.LCD_Fill) for LCD_Fill
    main.o(i.lcd_draw_bline) refers to main.o(i.gui_fill_circle) for gui_fill_circle
    main.o(i.main) refers to _printf_pad.o(.text) for _printf_pre_padding
    main.o(i.main) refers to _printf_percent.o(.ARM.Collect$$_printf_percent$$00000000) for _printf_percent
    main.o(i.main) refers to _printf_x.o(.ARM.Collect$$_printf_percent$$0000000C) for _printf_x
    main.o(i.main) refers to _printf_hex_int.o(.text) for _printf_longlong_hex
    main.o(i.main) refers to sys.o(i.Cache_Enable) for Cache_Enable
    main.o(i.main) refers to stm32f7xx_hal.o(i.HAL_Init) for HAL_Init
    main.o(i.main) refers to sys.o(i.Stm32_Clock_Init) for Stm32_Clock_Init
    main.o(i.main) refers to sdram.o(i.SDRAM_Init) for SDRAM_Init
    main.o(i.main) refers to delay.o(i.delay_init) for delay_init
    main.o(i.main) refers to usart.o(i.uart2_init) for uart2_init
    main.o(i.main) refers to led.o(i.LED_Init) for LED_Init
    main.o(i.main) refers to exti.o(i.EXTI_Init) for EXTI_Init
    main.o(i.main) refers to timer.o(i.TIM8_PWM_Init) for TIM8_PWM_Init
    main.o(i.main) refers to timer.o(i.TIM9_PWM_Init) for TIM9_PWM_Init
    main.o(i.main) refers to tftlcd.o(i.TFTLCD_Init) for TFTLCD_Init
    main.o(i.main) refers to malloc.o(i.my_mem_init) for my_mem_init
    main.o(i.main) refers to noretval__2sprintf.o(.text) for __2sprintf
    main.o(i.main) refers to timer.o(i.TIM1_Encoder_Init) for TIM1_Encoder_Init
    main.o(i.main) refers to timer.o(i.TIM2_Encoder_Init) for TIM2_Encoder_Init
    main.o(i.main) refers to timer.o(i.TIM3_Encoder_Init) for TIM3_Encoder_Init
    main.o(i.main) refers to timer.o(i.TIM4_Encoder_Init) for TIM4_Encoder_Init
    main.o(i.main) refers to timer.o(i.TIM5_Encoder_Init) for TIM5_Encoder_Init
    main.o(i.main) refers to timer.o(i.TIM_SetTIM8Compare1) for TIM_SetTIM8Compare1
    main.o(i.main) refers to timer.o(i.TIM_SetTIM8Compare2) for TIM_SetTIM8Compare2
    main.o(i.main) refers to timer.o(i.TIM_SetTIM8Compare3) for TIM_SetTIM8Compare3
    main.o(i.main) refers to timer.o(i.TIM_SetTIM8Compare4) for TIM_SetTIM8Compare4
    main.o(i.main) refers to timer.o(i.TIM_SetTIM9Compare1) for TIM_SetTIM9Compare1
    main.o(i.main) refers to mpu.o(i.MPU_Memory_Protection) for MPU_Memory_Protection
    main.o(i.main) refers to tftlcd.o(i.LCD_Clear) for LCD_Clear
    main.o(i.main) refers to tftlcd.o(i.LCD_ShowString) for LCD_ShowString
    main.o(i.main) refers to main.o(i.ctp_test) for ctp_test
    main.o(i.main) refers to touch.o(.data) for tp_dev
    main.o(i.main) refers to tftlcd.o(.data) for POINT_COLOR
    main.o(i.main) refers to tftlcd.o(.bss) for lcddev
    main.o(i.main) refers to main.o(i.Load_Drow_Dialog) for i.Load_Drow_Dialog
    stm32f7xx_it.o(i.SysTick_Handler) refers to stm32f7xx_hal.o(i.HAL_IncTick) for HAL_IncTick
    system_stm32f7xx.o(i.SystemCoreClockUpdate) refers to system_stm32f7xx.o(.data) for .data
[...]
    scrollbar.o(i.SCROLLBAR_SetValue) refers to wm.o(i.WM_InvalidateWindow) for WM_InvalidateWindow
    scrollbar.o(i.SCROLLBAR_SetValue) refers to gui_alloc.o(i.GUI_ALLOC_UnlockH) for GUI_ALLOC_UnlockH
    scrollbar.o(i.SCROLLBAR_SetValue) refers to wm_notifyparent.o(i.WM_NotifyParent) for WM_NotifyParent
    scrollbar.o(i.SCROLLBAR_SetValue) refers to gui_task.o(i.GUI_Unlock) for GUI_Unlock
    scrollbar.o(i.SCROLLBAR__InvalidatePartner) refers to wm_getscrollpartner.o(i.WM_GetScrollPartner) for WM_GetScrollPartner
    scrollbar.o(i.SCROLLBAR__InvalidatePartner) refers to wm.o(i.WM_InvalidateWindow) for WM_InvalidateWindow
    scrollbar.o(i.SCROLLBAR__InvalidatePartner) refers to wm_getparent.o(i.WM_GetParent) for WM_GetParent
    scrollbar.o(i.SCROLLBAR__InvalidatePartner) refers to wm_sendmessagenopara.o(i.WM_SendMessageNoPara) for WM_SendMessageNoPara
    scrollbar.o(i._DeleteTimer) refers to gui_alloc.o(i.GUI_ALLOC_LockH) for GUI_ALLOC_LockH
    scrollbar.o(i._DeleteTimer) refers to wm_timer.o(i.WM_DeleteTimer) for WM_DeleteTimer
    scrollbar.o(i._DeleteTimer) refers to gui_alloc.o(i.GUI_ALLOC_UnlockH) for GUI_ALLOC_UnlockH
    scrollbar.o(i._OnTimer) refers to gui_alloc.o(i.GUI_ALLOC_LockH) for GUI_ALLOC_LockH
    scrollbar.o(i._OnTimer) refers to scrollbar.o(i.SCROLLBAR_AddValue) for SCROLLBAR_AddValue
    scrollbar.o(i._OnTimer) refers to scrollbar.o(i._DeleteTimer) for _DeleteTimer
    scrollbar.o(i._OnTimer) refers to wm_timer.o(i.WM_RestartTimer) for WM_RestartTimer
    scrollbar.o(i._OnTimer) refers to gui_alloc.o(i.GUI_ALLOC_UnlockH) for GUI_ALLOC_UnlockH
    scrollbar.o(i._OnTouch) refers to gui_alloc.o(i.GUI_ALLOC_LockH) for GUI_ALLOC_LockH
    scrollbar.o(i._OnTouch) refers to scrollbar.o(i._DeleteTimer) for _DeleteTimer
    scrollbar.o(i._OnTouch) refers to gui__divideround32.o(i.GUI__DivideRound32) for GUI__DivideRound32
    scrollbar.o(i._OnTouch) refers to gui_alloc.o(i.GUI_ALLOC_UnlockH) for GUI_ALLOC_UnlockH
    scrollbar.o(i._OnTouch) refers to wm_timer.o(i.WM_CreateTimer) for WM_CreateTimer
    scrollbar.o(i._OnTouch) refers to wm_setcapture.o(i.WM_SetCapture) for WM_SetCapture
    scrollbar.o(i._OnTouch) refers to scrollbar.o(i.SCROLLBAR_SetValue) for SCROLLBAR_SetValue
    scrollbar.o(i._OnTouch) refers to widget.o(i.WIDGET_OrState) for WIDGET_OrState
    scrollbar.o(i._OnTouch) refers to widget.o(i.WIDGET_AndState) for WIDGET_AndState
    scrollbar.o(i._OnTouch) refers to wm_notifyparent.o(i.WM_NotifyParent) for WM_NotifyParent
    scrollbar.o(.data) refers to scrollbar_skin.o(.data) for SCROLLBAR__Skin
    scrollbar.o(.data) refers to scrollbar_skinflex.o(i.SCROLLBAR_DrawSkinFlex) for SCROLLBAR_DrawSkinFlex
    scrollbar_getvalue.o(i.SCROLLBAR_GetValue) refers to gui_task.o(i.GUI_Lock) for GUI_Lock
    scrollbar_getvalue.o(i.SCROLLBAR_GetValue) refers to gui_alloc.o(i.GUI_ALLOC_LockH) for GUI_ALLOC_LockH
    scrollbar_getvalue.o(i.SCROLLBAR_GetValue) refers to gui_alloc.o(i.GUI_ALLOC_UnlockH) for GUI_ALLOC_UnlockH
    scrollbar_getvalue.o(i.SCROLLBAR_GetValue) refers to gui_task.o(i.GUI_Unlock) for GUI_Unlock
    treeview_image.o(.constdata) refers to treeview_image.o(.constdata) for ColorsOpenClosed
    treeview_image.o(.constdata) refers to treeview_image.o(.constdata) for acOpen
    treeview_image.o(.constdata) refers to treeview_image.o(.constdata) for PalOpenClosed
    treeview_image.o(.constdata) refers to treeview_image.o(.constdata) for acClosed
    treeview_image.o(.constdata) refers to treeview_image.o(.constdata) for PalOpenClosed
    treeview_image.o(.constdata) refers to treeview_image.o(.constdata) for ColorsLeaf
    treeview_image.o(.constdata) refers to treeview_image.o(.constdata) for acLeaf
    treeview_image.o(.constdata) refers to treeview_image.o(.constdata) for PalLeaf
    treeview_image.o(.constdata) refers to treeview_image.o(.constdata) for ColorsPlusMinus
    treeview_image.o(.constdata) refers to treeview_image.o(.constdata) for acPlus
    treeview_image.o(.constdata) refers to treeview_image.o(.constdata) for PalPlusMinus
    treeview_image.o(.constdata) refers to treeview_image.o(.constdata) for acMinus
    treeview_image.o(.constdata) refers to treeview_image.o(.constdata) for PalPlusMinus
    widget_effect_none.o(.constdata) refers to widget_effect_none.o(i._DrawUp) for _DrawUp
    widget_effect_none.o(.constdata) refers to widget_effect_none.o(i._DrawUpRect) for _DrawUpRect
    widget_effect_none.o(.constdata) refers to widget_effect_none.o(i._DrawDown) for _DrawDown
    widget_effect_none.o(.constdata) refers to widget_effect_none.o(i._DrawDownRect) for _DrawDownRect
    widget_effect_none.o(.constdata) refers to widget_effect_none.o(i._DrawFlat) for _DrawFlat
    widget_seteffect.o(i.WIDGET_SetEffect) refers to wm.o(i.WM_SendMessage) for WM_SendMessage
    wm__getorg_aa.o(i.WM__GetOrgX_AA) refers to gui_core.o(.data) for GUI_pContext
    wm__getorg_aa.o(i.WM__GetOrgY_AA) refers to gui_core.o(.data) for GUI_pContext
    wm__getprevsibling.o(i.WM__GetPrevSibling) refers to wm__getfirstsibling.o(i.WM__GetFirstSibling) for WM__GetFirstSibling
    wm__getprevsibling.o(i.WM__GetPrevSibling) refers to gui_alloc.o(i.GUI_ALLOC_h2p) for GUI_ALLOC_h2p
    wm__isancestor.o(i.WM__IsAncestor) refers to gui_alloc.o(i.GUI_ALLOC_h2p) for GUI_ALLOC_h2p
    wm__isancestor.o(i.WM__IsAncestorOrSelf) refers to wm__isancestor.o(i.WM__IsAncestor) for WM__IsAncestor
    wm__isenabled.o(i.WM__IsEnabled) refers to gui_alloc.o(i.GUI_ALLOC_h2p) for GUI_ALLOC_h2p
    wm__screen2client.o(i.WM__Screen2Client) refers to gui_moverect.o(i.GUI_MoveRect) for GUI_MoveRect
    wm__sendmessage.o(i.WM__SendMessage) refers to gui_alloc.o(i.GUI_ALLOC_h2p) for GUI_ALLOC_h2p
    wm__sendmessage.o(i.WM__SendMessage) refers to wm.o(i.WM_DefaultProc) for WM_DefaultProc
    wm__sendmessage.o(i.WM__SendMessage) refers to wm__sendmessage.o(.data) for .data
    wm__sendmessagenopara.o(i.WM__SendMessageNoPara) refers to gui_alloc.o(i.GUI_ALLOC_h2p) for GUI_ALLOC_h2p
    wm__updatechildpositions.o(i.WM__UpdateChildPositions) refers to gui_alloc.o(i.GUI_ALLOC_LockH) for GUI_ALLOC_LockH
    wm__updatechildpositions.o(i.WM__UpdateChildPositions) refers to wm_move.o(i.WM_MoveWindow) for WM_MoveWindow
    wm__updatechildpositions.o(i.WM__UpdateChildPositions) refers to wm_resizewindow.o(i.WM_ResizeWindow) for WM_ResizeWindow
    wm__updatechildpositions.o(i.WM__UpdateChildPositions) refers to gui_alloc.o(i.GUI_ALLOC_UnlockH) for GUI_ALLOC_UnlockH
    wm_bringtotop.o(i.WM_BringToTop) refers to gui_task.o(i.GUI_Lock) for GUI_Lock
    wm_bringtotop.o(i.WM_BringToTop) refers to wm_bringtotop.o(i._BringToTop) for _BringToTop
    wm_bringtotop.o(i.WM_BringToTop) refers to gui_task.o(i.GUI_Unlock) for GUI_Unlock
    wm_bringtotop.o(i._BringToTop) refers to gui_alloc.o(i.GUI_ALLOC_LockH) for GUI_ALLOC_LockH
    wm_bringtotop.o(i._BringToTop) refers to gui_alloc.o(i.GUI_ALLOC_UnlockH) for GUI_ALLOC_UnlockH
    wm_bringtotop.o(i._BringToTop) refers to wm.o(i.WM__RemoveWindowFromList) for WM__RemoveWindowFromList
    wm_bringtotop.o(i._BringToTop) refers to wm.o(i.WM__InsertWindowIntoList) for WM__InsertWindowIntoList
    wm_bringtotop.o(i._BringToTop) refers to wm.o(i.WM_InvalidateWindow) for WM_InvalidateWindow
    wm_bringtotop.o(i._BringToTop) refers to wm_foreachdesc.o(i.WM_ForEachDesc) for WM_ForEachDesc
    wm_bringtotop.o(i._BringToTop) refers to wm_bringtotop.o(i._cbInvalidateOne) for _cbInvalidateOne
    wm_bringtotop.o(i._cbInvalidateOne) refers to wm.o(i.WM_InvalidateWindow) for WM_InvalidateWindow
    wm_checkscrollpos.o(i.WM_CheckScrollPos) refers to wm_checkscrollpos.o(i.WM_CheckScrollBounds) for WM_CheckScrollBounds
    wm_checkscrollpos.o(i.WM_SetScrollValue) refers to wm_checkscrollpos.o(i.WM_CheckScrollBounds) for WM_CheckScrollBounds
    wm_criticalhandle.o(i.WM__AddCriticalHandle) refers to wm.o(.data) for WM__pFirstCriticalHandle
    wm_criticalhandle.o(i.WM__RemoveCriticalHandle) refers to wm.o(.data) for WM__pFirstCriticalHandle
    wm_getbkcolor.o(i.WM_GetBkColor) refers to wm.o(i.WM_SendMessage) for WM_SendMessage
    wm_getclientrect.o(i.WM_GetClientRect) refers to gui_task.o(i.GUI_Lock) for GUI_Lock
    wm_getclientrect.o(i.WM_GetClientRect) refers to wm_getclientrect.o(i.WM_GetClientRectEx) for WM_GetClientRectEx
    wm_getclientrect.o(i.WM_GetClientRect) refers to gui_task.o(i.GUI_Unlock) for GUI_Unlock
    wm_getclientrect.o(i.WM_GetClientRect) refers to wm.o(.data) for WM__hATransWindow
    wm_getclientrect.o(i.WM_GetClientRect) refers to gui_core.o(.data) for GUI_pContext
    wm_getclientrect.o(i.WM_GetClientRectEx) refers to gui_task.o(i.GUI_Lock) for GUI_Lock
    wm_getclientrect.o(i.WM_GetClientRectEx) refers to wm_getclientrect.o(i.WM__GetClientRectEx) for WM__GetClientRectEx
    wm_getclientrect.o(i.WM_GetClientRectEx) refers to gui_task.o(i.GUI_Unlock) for GUI_Unlock
    wm_getclientrect.o(i.WM__GetClientRectEx) refers to gui_alloc.o(i.GUI_ALLOC_LockH) for GUI_ALLOC_LockH
    wm_getclientrect.o(i.WM__GetClientRectEx) refers to wm.o(i.WM__GetClientRectWin) for WM__GetClientRectWin
    wm_getclientrect.o(i.WM__GetClientRectEx) refers to gui_alloc.o(i.GUI_ALLOC_UnlockH) for GUI_ALLOC_UnlockH
    wm_getfirstchild.o(i.WM_GetFirstChild) refers to gui_task.o(i.GUI_Lock) for GUI_Lock
    wm_getfirstchild.o(i.WM_GetFirstChild) refers to gui_alloc.o(i.GUI_ALLOC_h2p) for GUI_ALLOC_h2p
    wm_getfirstchild.o(i.WM_GetFirstChild) refers to gui_task.o(i.GUI_Unlock) for GUI_Unlock
    wm_getfocussedwindow.o(i.WM_GetFocussedWindow) refers to gui_task.o(i.GUI_Lock) for GUI_Lock
    wm_getfocussedwindow.o(i.WM_GetFocussedWindow) refers to gui_task.o(i.GUI_Unlock) for GUI_Unlock
    wm_getfocussedwindow.o(i.WM_GetFocussedWindow) refers to wm.o(.data) for WM__ahWinFocus
    wm_getinsiderectexscrollbar.o(i.WM_GetInsideRectExScrollbar) refers to wm_getdialogitem.o(i.WM_GetDialogItem) for WM_GetDialogItem
    wm_getinsiderectexscrollbar.o(i.WM_GetInsideRectExScrollbar) refers to wm_getwindowrect.o(i.WM_GetWindowRectEx) for WM_GetWindowRectEx
    wm_getinsiderectexscrollbar.o(i.WM_GetInsideRectExScrollbar) refers to wm_getinsiderect.o(i.WM_GetInsideRectEx) for WM_GetInsideRectEx
    wm_getinsiderectexscrollbar.o(i.WM_GetInsideRectExScrollbar) refers to gui_moverect.o(i.GUI_MoveRect) for GUI_MoveRect
    wm_getinsiderectexscrollbar.o(i.WM_GetInsideRectExScrollbar) refers to wm_getflags.o(i.WM_GetFlags) for WM_GetFlags
    wm_getnextsibling.o(i.WM_GetNextSibling) refers to gui_task.o(i.GUI_Lock) for GUI_Lock
    wm_getnextsibling.o(i.WM_GetNextSibling) refers to gui_alloc.o(i.GUI_ALLOC_h2p) for GUI_ALLOC_h2p
    wm_getnextsibling.o(i.WM_GetNextSibling) refers to gui_task.o(i.GUI_Unlock) for GUI_Unlock
    wm_getorg.o(i.WM_GetOrgX) refers to wm_getorg.o(i.WM_GetWindowOrgX) for WM_GetWindowOrgX
    wm_getorg.o(i.WM_GetOrgX) refers to gui_core.o(.data) for GUI_pContext
    wm_getorg.o(i.WM_GetOrgY) refers to wm_getorg.o(i.WM_GetWindowOrgY) for WM_GetWindowOrgY
    wm_getorg.o(i.WM_GetOrgY) refers to gui_core.o(.data) for GUI_pContext
    wm_getorg.o(i.WM_GetWindowOrgX) refers to gui_task.o(i.GUI_Lock) for GUI_Lock
    wm_getorg.o(i.WM_GetWindowOrgX) refers to gui_alloc.o(i.GUI_ALLOC_h2p) for GUI_ALLOC_h2p
    wm_getorg.o(i.WM_GetWindowOrgX) refers to gui_task.o(i.GUI_Unlock) for GUI_Unlock
    wm_getorg.o(i.WM_GetWindowOrgY) refers to gui_task.o(i.GUI_Lock) for GUI_Lock
    wm_getorg.o(i.WM_GetWindowOrgY) refers to gui_alloc.o(i.GUI_ALLOC_h2p) for GUI_ALLOC_h2p
    wm_getorg.o(i.WM_GetWindowOrgY) refers to gui_task.o(i.GUI_Unlock) for GUI_Unlock
    wm_getscrollbar.o(i.WM_GetScrollbarH) refers to gui_task.o(i.GUI_Lock) for GUI_Lock
    wm_getscrollbar.o(i.WM_GetScrollbarH) refers to wm_getscrollbar.o(i._GetDialogItem) for _GetDialogItem
    wm_getscrollbar.o(i.WM_GetScrollbarH) refers to gui_task.o(i.GUI_Unlock) for GUI_Unlock
    wm_getscrollbar.o(i.WM_GetScrollbarV) refers to gui_task.o(i.GUI_Lock) for GUI_Lock
    wm_getscrollbar.o(i.WM_GetScrollbarV) refers to wm_getscrollbar.o(i._GetDialogItem) for _GetDialogItem
    wm_getscrollbar.o(i.WM_GetScrollbarV) refers to gui_task.o(i.GUI_Unlock) for GUI_Unlock
    wm_getscrollbar.o(i._GetDialogItem) refers to gui_alloc.o(i.GUI_ALLOC_h2p) for GUI_ALLOC_h2p
    wm_getscrollbar.o(i._GetDialogItem) refers to wm_getid.o(i.WM_GetId) for WM_GetId
    wm_getscrollstate.o(i.WM_GetScrollState) refers to wm.o(i.WM_SendMessage) for WM_SendMessage
    wm_getwindowrect.o(i.WM_GetWindowRect) refers to gui_task.o(i.GUI_Lock) for GUI_Lock
    wm_getwindowrect.o(i.WM_GetWindowRect) refers to gui_alloc.o(i.GUI_ALLOC_h2p) for GUI_ALLOC_h2p
    wm_getwindowrect.o(i.WM_GetWindowRect) refers to gui_task.o(i.GUI_Unlock) for GUI_Unlock
    wm_getwindowrect.o(i.WM_GetWindowRect) refers to wm.o(.data) for WM__hATransWindow
    wm_getwindowrect.o(i.WM_GetWindowRect) refers to gui_core.o(.data) for GUI_pContext
    wm_getwindowrect.o(i.WM_GetWindowRectEx) refers to gui_task.o(i.GUI_Lock) for GUI_Lock
    wm_getwindowrect.o(i.WM_GetWindowRectEx) refers to gui_alloc.o(i.GUI_ALLOC_h2p) for GUI_ALLOC_h2p
    wm_getwindowrect.o(i.WM_GetWindowRectEx) refers to gui_task.o(i.GUI_Unlock) for GUI_Unlock
    wm_hascaptured.o(i.WM_HasCaptured) refers to wm.o(.data) for WM__ahCapture
    wm_hasfocus.o(i.WM_HasFocus) refers to wm.o(.data) for WM__ahWinFocus
    wm_isfocussable.o(i.WM_IsFocussable) refers to gui_task.o(i.GUI_Lock) for GUI_Lock
    wm_isfocussable.o(i.WM_IsFocussable) refers to gui_alloc.o(i.GUI_ALLOC_h2p) for GUI_ALLOC_h2p
    wm_isfocussable.o(i.WM_IsFocussable) refers to gui_task.o(i.GUI_Unlock) for GUI_Unlock
    wm_isfocussable.o(i.WM_IsFocussable) refers to wm.o(i.WM_SendMessage) for WM_SendMessage
    wm_iswindow.o(i.WM_IsWindow) refers to gui_task.o(i.GUI_Lock) for GUI_Lock
    wm_iswindow.o(i.WM_IsWindow) refers to wm.o(i.WM__IsWindow) for WM__IsWindow
    wm_iswindow.o(i.WM_IsWindow) refers to gui_task.o(i.GUI_Unlock) for GUI_Unlock
    wm_move.o(i.WM_MoveTo) refers to gui_task.o(i.GUI_Lock) for GUI_Lock
    wm_move.o(i.WM_MoveTo) refers to wm_move.o(i.WM__MoveTo) for WM__MoveTo
    wm_move.o(i.WM_MoveTo) refers to gui_task.o(i.GUI_Unlock) for GUI_Unlock
    wm_move.o(i.WM_MoveWindow) refers to gui_task.o(i.GUI_Lock) for GUI_Lock
    wm_move.o(i.WM_MoveWindow) refers to wm_move.o(i.WM__MoveWindow) for WM__MoveWindow
    wm_move.o(i.WM_MoveWindow) refers to gui_task.o(i.GUI_Unlock) for GUI_Unlock
    wm_move.o(i.WM__MoveTo) refers to gui_alloc.o(i.GUI_ALLOC_LockH) for GUI_ALLOC_LockH
    wm_move.o(i.WM__MoveTo) refers to gui_alloc.o(i.GUI_ALLOC_UnlockH) for GUI_ALLOC_UnlockH
    wm_move.o(i.WM__MoveTo) refers to wm_move.o(i.WM__MoveWindow) for WM__MoveWindow
    wm_move.o(i.WM__MoveWindow) refers to gui_alloc.o(i.GUI_ALLOC_LockH) for GUI_ALLOC_LockH
    wm_move.o(i.WM__MoveWindow) refers to gui_moverect.o(i.GUI_MoveRect) for GUI_MoveRect
    wm_move.o(i.WM__MoveWindow) refers to gui_alloc.o(i.GUI_ALLOC_UnlockH) for GUI_ALLOC_UnlockH
    wm_move.o(i.WM__MoveWindow) refers to wm_move.o(i._MoveDescendents) for _MoveDescendents
    wm_move.o(i.WM__MoveWindow) refers to wm.o(i.WM__InvalidateParent) for WM__InvalidateParent
    wm_move.o(i.WM__MoveWindow) refers to wm__sendmessage.o(i.WM__SendMessage) for WM__SendMessage
    wm_move.o(i._MoveDescendents) refers to gui_alloc.o(i.GUI_ALLOC_LockH) for GUI_ALLOC_LockH
    wm_move.o(i._MoveDescendents) refers to gui_moverect.o(i.GUI_MoveRect) for GUI_MoveRect
    wm_move.o(i._MoveDescendents) refers to gui_alloc.o(i.GUI_ALLOC_UnlockH) for GUI_ALLOC_UnlockH
    wm_move.o(i._MoveDescendents) refers to wm__sendmessage.o(i.WM__SendMessage) for WM__SendMessage
    wm_movechildto.o(i.WM_MoveChildTo) refers to gui_task.o(i.GUI_Lock) for GUI_Lock
    wm_movechildto.o(i.WM_MoveChildTo) refers to wm_getparent.o(i.WM_GetParent) for WM_GetParent
    wm_movechildto.o(i.WM_MoveChildTo) refers to gui_alloc.o(i.GUI_ALLOC_LockH) for GUI_ALLOC_LockH
    wm_movechildto.o(i.WM_MoveChildTo) refers to gui_alloc.o(i.GUI_ALLOC_UnlockH) for GUI_ALLOC_UnlockH
    wm_movechildto.o(i.WM_MoveChildTo) refers to wm_move.o(i.WM__MoveWindow) for WM__MoveWindow
    wm_movechildto.o(i.WM_MoveChildTo) refers to gui_task.o(i.GUI_Unlock) for GUI_Unlock
    wm_notifyparent.o(i.WM_NotifyParent) refers to wm_sendtoparent.o(i.WM_SendToParent) for WM_SendToParent
    wm_resizewindow.o(i.WM_ResizeWindow) refers to gui_task.o(i.GUI_Lock) for GUI_Lock
    wm_resizewindow.o(i.WM_ResizeWindow) refers to gui_alloc.o(i.GUI_ALLOC_LockH) for GUI_ALLOC_LockH
    wm_resizewindow.o(i.WM_ResizeWindow) refers to wm.o(i.WM__InvalidateDrawAndDescs) for WM__InvalidateDrawAndDescs
    wm_resizewindow.o(i.WM_ResizeWindow) refers to gui_mergerect.o(i.GUI_MergeRect) for GUI_MergeRect
    wm_resizewindow.o(i.WM_ResizeWindow) refers to wm.o(i.WM__InvalidateRectEx) for WM__InvalidateRectEx
    wm_resizewindow.o(i.WM_ResizeWindow) refers to wm__updatechildpositions.o(i.WM__UpdateChildPositions) for WM__UpdateChildPositions
    wm_resizewindow.o(i.WM_ResizeWindow) refers to gui__intersectrect.o(i.GUI__IntersectRect) for GUI__IntersectRect
    wm_resizewindow.o(i.WM_ResizeWindow) refers to wm.o(i.WM__SendMsgNoData) for WM__SendMsgNoData
    wm_resizewindow.o(i.WM_ResizeWindow) refers to gui_alloc.o(i.GUI_ALLOC_UnlockH) for GUI_ALLOC_UnlockH
    wm_resizewindow.o(i.WM_ResizeWindow) refers to gui_task.o(i.GUI_Unlock) for GUI_Unlock
    wm_screen2win.o(i.WM_Screen2hWin) refers to gui_task.o(i.GUI_Lock) for GUI_Lock
    wm_screen2win.o(i.WM_Screen2hWin) refers to wm_screen2win.o(i._Screen2hWinStop) for _Screen2hWinStop
    wm_screen2win.o(i.WM_Screen2hWin) refers to gui_task.o(i.GUI_Unlock) for GUI_Unlock
    wm_screen2win.o(i.WM_Screen2hWinEx) refers to gui_task.o(i.GUI_Lock) for GUI_Lock
    wm_screen2win.o(i.WM_Screen2hWinEx) refers to wm_screen2win.o(i._Screen2hWinStop) for _Screen2hWinStop
    wm_screen2win.o(i.WM_Screen2hWinEx) refers to gui_task.o(i.GUI_Unlock) for GUI_Unlock
    wm_screen2win.o(i._Screen2hWin) refers to gui_alloc.o(i.GUI_ALLOC_LockH) for GUI_ALLOC_LockH
    wm_screen2win.o(i._Screen2hWin) refers to wm_screen2win.o(i.WM__IsInWindow) for WM__IsInWindow
    wm_screen2win.o(i._Screen2hWin) refers to gui_alloc.o(i.GUI_ALLOC_UnlockH) for GUI_ALLOC_UnlockH
    wm_screen2win.o(i._Screen2hWin) refers to gui_alloc.o(i.GUI_ALLOC_h2p) for GUI_ALLOC_h2p
    wm_screen2win.o(i._Screen2hWinStop) refers to wm_getdesktopwindowex.o(i.WM_GetDesktopWindowEx) for WM_GetDesktopWindowEx
    wm_screen2win.o(i._Screen2hWinStop) refers to wm_screen2win.o(i._Screen2hWin) for _Screen2hWin
    wm_screen2win.o(i._Screen2hWinStop) refers to wm.o(.data) for WM__TouchedLayer
    wm_sendtoparent.o(i.WM_SendToParent) refers to gui_task.o(i.GUI_Lock) for GUI_Lock
    wm_sendtoparent.o(i.WM_SendToParent) refers to wm_getparent.o(i.WM_GetParent) for WM_GetParent
    wm_sendtoparent.o(i.WM_SendToParent) refers to wm__sendmessage.o(i.WM__SendMessage) for WM__SendMessage
    wm_sendtoparent.o(i.WM_SendToParent) refers to gui_task.o(i.GUI_Unlock) for GUI_Unlock
    wm_setcapture.o(i.WM_ReleaseCapture) refers to gui_task.o(i.GUI_Lock) for GUI_Lock
    wm_setcapture.o(i.WM_ReleaseCapture) refers to wm_setcapture.o(i.WM__ReleaseCapture) for WM__ReleaseCapture
    wm_setcapture.o(i.WM_ReleaseCapture) refers to gui_task.o(i.GUI_Unlock) for GUI_Unlock
    wm_setcapture.o(i.WM_SetCapture) refers to gui_task.o(i.GUI_Lock) for GUI_Lock
    wm_setcapture.o(i.WM_SetCapture) refers to wm_setcapture.o(i.WM__ReleaseCapture) for WM__ReleaseCapture
    wm_setcapture.o(i.WM_SetCapture) refers to gui_task.o(i.GUI_Unlock) for GUI_Unlock
    wm_setcapture.o(i.WM_SetCapture) refers to wm.o(.data) for WM__ahCapture
    wm_setcapture.o(i.WM_SetCapture) refers to wm.o(.data) for WM__CaptureReleaseAuto
    wm_setcapture.o(i.WM__ReleaseCapture) refers to wm__sendmessage.o(i.WM__SendMessage) for WM__SendMessage
    wm_setcapture.o(i.WM__ReleaseCapture) refers to wm.o(.data) for WM__ahCapture
    wm_setcapturemove.o(i.WM_SetCaptureMove) refers to wm_hascaptured.o(i.WM_HasCaptured) for WM_HasCaptured
    wm_setcapturemove.o(i.WM_SetCaptureMove) refers to wm_getwindowrect.o(i.WM_GetWindowRectEx) for WM_GetWindowRectEx
    wm_setcapturemove.o(i.WM_SetCaptureMove) refers to wm_getparent.o(i.WM_GetParent) for WM_GetParent
    wm_setcapturemove.o(i.WM_SetCaptureMove) refers to gui_moverect.o(i.GUI_MoveRect) for GUI_MoveRect
    wm_setcapturemove.o(i.WM_SetCaptureMove) refers to gui__reducerect.o(i.GUI__ReduceRect) for GUI__ReduceRect
    wm_setcapturemove.o(i.WM_SetCaptureMove) refers to gui_rectsintersect.o(i.GUI_RectsIntersect) for GUI_RectsIntersect
    wm_setcapturemove.o(i.WM_SetCaptureMove) refers to wm_move.o(i.WM_MoveWindow) for WM_MoveWindow
    wm_setcapturemove.o(i.WM_SetCaptureMove) refers to wm_setcapture.o(i.WM_SetCapture) for WM_SetCapture
    wm_setcapturemove.o(i.WM_SetCaptureMove) refers to wm_setcapturemove.o(.data) for .data
    wm_setfocusonnextchild.o(i.WM_SetFocusOnNextChild) refers to gui_task.o(i.GUI_Lock) for GUI_Lock
    wm_setfocusonnextchild.o(i.WM_SetFocusOnNextChild) refers to wm_setfocusonnextchild.o(i._SetFocusOnNextChild) for _SetFocusOnNextChild
    wm_setfocusonnextchild.o(i.WM_SetFocusOnNextChild) refers to gui_task.o(i.GUI_Unlock) for GUI_Unlock
    wm_setfocusonnextchild.o(i._GetNextChild) refers to gui_alloc.o(i.GUI_ALLOC_h2p) for GUI_ALLOC_h2p
    wm_setfocusonnextchild.o(i._SetFocusOnNextChild) refers to wm__getfocussedchild.o(i.WM__GetFocussedChild) for WM__GetFocussedChild
    wm_setfocusonnextchild.o(i._SetFocusOnNextChild) refers to wm_setfocusonnextchild.o(i._GetNextChild) for _GetNextChild
    wm_setfocusonnextchild.o(i._SetFocusOnNextChild) refers to wm_isfocussable.o(i.WM_IsFocussable) for WM_IsFocussable
    wm_setfocusonnextchild.o(i._SetFocusOnNextChild) refers to wm.o(i.WM__GetTopLevelLayer) for WM__GetTopLevelLayer
    wm_setfocusonnextchild.o(i._SetFocusOnNextChild) refers to wm_setfocus.o(i.WM_SetFocus) for WM_SetFocus
    wm_setfocusonnextchild.o(i._SetFocusOnNextChild) refers to wm.o(.data) for WM__TouchedLayer
    wm_setfocusonprevchild.o(i.WM_SetFocusOnPrevChild) refers to gui_task.o(i.GUI_Lock) for GUI_Lock
    wm_setfocusonprevchild.o(i.WM_SetFocusOnPrevChild) refers to wm__getfocussedchild.o(i.WM__GetFocussedChild) for WM__GetFocussedChild
    wm_setfocusonprevchild.o(i.WM_SetFocusOnPrevChild) refers to wm_setfocusonprevchild.o(i._GetPrevChild) for _GetPrevChild
    wm_setfocusonprevchild.o(i.WM_SetFocusOnPrevChild) refers to wm_isfocussable.o(i.WM_IsFocussable) for WM_IsFocussable
    wm_setfocusonprevchild.o(i.WM_SetFocusOnPrevChild) refers to wm_setfocus.o(i.WM_SetFocus) for WM_SetFocus
    wm_setfocusonprevchild.o(i.WM_SetFocusOnPrevChild) refers to gui_task.o(i.GUI_Unlock) for GUI_Unlock
    wm_setfocusonprevchild.o(i._GetPrevChild) refers to wm__getprevsibling.o(i.WM__GetPrevSibling) for WM__GetPrevSibling
    wm_setfocusonprevchild.o(i._GetPrevChild) refers to wm__getlastsibling.o(i.WM__GetLastSibling) for WM__GetLastSibling
    wm_setscrollbar.o(i.WM_SetScrollbarH) refers to gui_task.o(i.GUI_Lock) for GUI_Lock
    wm_setscrollbar.o(i.WM_SetScrollbarH) refers to wm_setscrollbar.o(i.WM__SetScrollbarH) for WM__SetScrollbarH
    wm_setscrollbar.o(i.WM_SetScrollbarH) refers to gui_task.o(i.GUI_Unlock) for GUI_Unlock
    wm_setscrollbar.o(i.WM_SetScrollbarV) refers to gui_task.o(i.GUI_Lock) for GUI_Lock
    wm_setscrollbar.o(i.WM_SetScrollbarV) refers to wm_setscrollbar.o(i.WM__SetScrollbarV) for WM__SetScrollbarV
    wm_setscrollbar.o(i.WM_SetScrollbarV) refers to gui_task.o(i.GUI_Unlock) for GUI_Unlock
    wm_setscrollbar.o(i.WM__SetScrollbarH) refers to wm_setscrollbar.o(i._SetScrollbar) for _SetScrollbar
    wm_setscrollbar.o(i.WM__SetScrollbarV) refers to wm_setscrollbar.o(i._SetScrollbar) for _SetScrollbar
    wm_setscrollbar.o(i._SetScrollbar) refers to wm_getdialogitem.o(i.WM_GetDialogItem) for WM_GetDialogItem
    wm_setscrollbar.o(i._SetScrollbar) refers to gui_alloc.o(i.GUI_ALLOC_LockH) for GUI_ALLOC_LockH
    wm_setscrollbar.o(i._SetScrollbar) refers to gui_alloc.o(i.GUI_ALLOC_UnlockH) for GUI_ALLOC_UnlockH
    wm_setscrollbar.o(i._SetScrollbar) refers to scrollbar_create.o(i.SCROLLBAR_CreateAttached) for SCROLLBAR_CreateAttached
    wm_setscrollbar.o(i._SetScrollbar) refers to wm_hide.o(i.WM_HideWindow) for WM_HideWindow
    wm_setscrollbar.o(i._SetScrollbar) refers to wm.o(i.WM__DeleteSecure) for WM__DeleteSecure
    wm_setscrollstate.o(i.WM_SetScrollState) refers to wm.o(i.WM_SendMessage) for WM_SendMessage
    wm_setusercliprect.o(i.WM_SetUserClipRect) refers to gui_task.o(i.GUI_Lock) for GUI_Lock
    wm_setusercliprect.o(i.WM_SetUserClipRect) refers to wm.o(i.WM__ActivateClipRect) for WM__ActivateClipRect
    wm_setusercliprect.o(i.WM_SetUserClipRect) refers to gui_task.o(i.GUI_Unlock) for GUI_Unlock
    wm_setusercliprect.o(i.WM_SetUserClipRect) refers to gui_core.o(.data) for GUI_pContext
    wm_timer.o(i.WM_CreateTimer) refers to gui_task.o(i.GUI_Lock) for GUI_Lock
    wm_timer.o(i.WM_CreateTimer) refers to gui_alloc_alloczero.o(i.GUI_ALLOC_AllocZero) for GUI_ALLOC_AllocZero
    wm_timer.o(i.WM_CreateTimer) refers to gui_time.o(i.GUI_GetTime) for GUI_GetTime
    wm_timer.o(i.WM_CreateTimer) refers to gui_timer.o(i.GUI_TIMER_Create) for GUI_TIMER_Create
    wm_timer.o(i.WM_CreateTimer) refers to gui_alloc.o(i.GUI_ALLOC_LockH) for GUI_ALLOC_LockH
    wm_timer.o(i.WM_CreateTimer) refers to gui_alloc.o(i.GUI_ALLOC_UnlockH) for GUI_ALLOC_UnlockH
    wm_timer.o(i.WM_CreateTimer) refers to gui_timer.o(i.GUI_TIMER_SetPeriod) for GUI_TIMER_SetPeriod
    wm_timer.o(i.WM_CreateTimer) refers to gui_alloc.o(i.GUI_ALLOC_Free) for GUI_ALLOC_Free
    wm_timer.o(i.WM_CreateTimer) refers to gui_task.o(i.GUI_Unlock) for GUI_Unlock
    wm_timer.o(i.WM_CreateTimer) refers to wm_timer.o(i._cbTimer) for _cbTimer
    wm_timer.o(i.WM_DeleteTimer) refers to gui_task.o(i.GUI_Lock) for GUI_Lock
    wm_timer.o(i.WM_DeleteTimer) refers to gui_alloc.o(i.GUI_ALLOC_LockH) for GUI_ALLOC_LockH
    wm_timer.o(i.WM_DeleteTimer) refers to gui_timer.o(i.GUI_TIMER_Delete) for GUI_TIMER_Delete
    wm_timer.o(i.WM_DeleteTimer) refers to gui_alloc.o(i.GUI_ALLOC_UnlockH) for GUI_ALLOC_UnlockH
    wm_timer.o(i.WM_DeleteTimer) refers to gui_alloc.o(i.GUI_ALLOC_Free) for GUI_ALLOC_Free
    wm_timer.o(i.WM_DeleteTimer) refers to gui_task.o(i.GUI_Unlock) for GUI_Unlock
    wm_timer.o(i.WM_GetTimerId) refers to gui_task.o(i.GUI_Lock) for GUI_Lock
    wm_timer.o(i.WM_GetTimerId) refers to gui_alloc.o(i.GUI_ALLOC_LockH) for GUI_ALLOC_LockH
    wm_timer.o(i.WM_GetTimerId) refers to gui_alloc.o(i.GUI_ALLOC_UnlockH) for GUI_ALLOC_UnlockH
    wm_timer.o(i.WM_GetTimerId) refers to gui_task.o(i.GUI_Unlock) for GUI_Unlock
    wm_timer.o(i.WM_RestartTimer) refers to gui_task.o(i.GUI_Lock) for GUI_Lock
    wm_timer.o(i.WM_RestartTimer) refers to gui_alloc.o(i.GUI_ALLOC_LockH) for GUI_ALLOC_LockH
    wm_timer.o(i.WM_RestartTimer) refers to gui_timer.o(i.GUI_TIMER_SetPeriod) for GUI_TIMER_SetPeriod
    wm_timer.o(i.WM_RestartTimer) refers to gui_timer.o(i.GUI_TIMER_Restart) for GUI_TIMER_Restart
    wm_timer.o(i.WM_RestartTimer) refers to gui_alloc.o(i.GUI_ALLOC_UnlockH) for GUI_ALLOC_UnlockH
    wm_timer.o(i.WM_RestartTimer) refers to gui_task.o(i.GUI_Unlock) for GUI_Unlock
    wm_timer.o(i.WM__DeleteAssocTimer) refers to gui_task.o(i.GUI_Lock) for GUI_Lock
    wm_timer.o(i.WM__DeleteAssocTimer) refers to gui_timer.o(i.GUI_TIMER__GetFirstTimer) for GUI_TIMER__GetFirstTimer
    wm_timer.o(i.WM__DeleteAssocTimer) refers to gui_timer.o(i.GUI_TIMER_GetFlag) for GUI_TIMER_GetFlag
    wm_timer.o(i.WM__DeleteAssocTimer) refers to gui_alloc.o(i.GUI_ALLOC_h2p) for GUI_ALLOC_h2p
    wm_timer.o(i.WM__DeleteAssocTimer) refers to gui_timer.o(i.GUI_TIMER__GetNextTimerLin) for GUI_TIMER__GetNextTimerLin
    wm_timer.o(i.WM__DeleteAssocTimer) refers to wm_timer.o(i.WM_DeleteTimer) for WM_DeleteTimer
    wm_timer.o(i.WM__DeleteAssocTimer) refers to gui_task.o(i.GUI_Unlock) for GUI_Unlock
    wm_timer.o(i._cbTimer) refers to gui_alloc.o(i.GUI_ALLOC_h2p) for GUI_ALLOC_h2p
    wm_timer.o(i._cbTimer) refers to wm.o(i.WM_SendMessage) for WM_SendMessage
    wm_touch.o(i.WM_HandlePID) refers to gui_pid.o(i.GUI_PID_IsEmpty) for GUI_PID_IsEmpty
    wm_touch.o(i.WM_HandlePID) refers to gui_pid.o(i.GUI_PID_GetState) for GUI_PID_GetState
    wm_touch.o(i.WM_HandlePID) refers to gui_task.o(i.GUI_Lock) for GUI_Lock
    wm_touch.o(i.WM_HandlePID) refers to wm_criticalhandle.o(i.WM__AddCriticalHandle) for WM__AddCriticalHandle
    wm_touch.o(i.WM_HandlePID) refers to gui_selectlayer.o(i.GUI_GetLayerPosEx) for GUI_GetLayerPosEx
    wm_touch.o(i.WM_HandlePID) refers to gui_curs1.o(i.GUI_CURSOR_SetPositionEx) for GUI_CURSOR_SetPositionEx
    wm_touch.o(i.WM_HandlePID) refers to wm_screen2win.o(i.WM_Screen2hWin) for WM_Screen2hWin
    wm_touch.o(i.WM_HandlePID) refers to wm_touch.o(i.WM__IsInModalArea) for WM__IsInModalArea
    wm_touch.o(i.WM_HandlePID) refers to wm__isenabled.o(i.WM__IsEnabled) for WM__IsEnabled
    wm_touch.o(i.WM_HandlePID) refers to wm_touch.o(i.WM__SendTouchMessage) for WM__SendTouchMessage
    wm_touch.o(i.WM_HandlePID) refers to gui_alloc.o(i.GUI_ALLOC_LockH) for GUI_ALLOC_LockH
    wm_touch.o(i.WM_HandlePID) refers to gui_alloc.o(i.GUI_ALLOC_UnlockH) for GUI_ALLOC_UnlockH
    wm_touch.o(i.WM_HandlePID) refers to wm__sendmessageifenabled.o(i.WM__SendMessageIfEnabled) for WM__SendMessageIfEnabled
    wm_touch.o(i.WM_HandlePID) refers to wm_iswindow.o(i.WM_IsWindow) for WM_IsWindow
    wm_touch.o(i.WM_HandlePID) refers to wm_setcapture.o(i.WM_ReleaseCapture) for WM_ReleaseCapture
    wm_touch.o(i.WM_HandlePID) refers to wm_pid__getprevstate.o(i.WM_PID__SetPrevState) for WM_PID__SetPrevState
    wm_touch.o(i.WM_HandlePID) refers to wm_criticalhandle.o(i.WM__RemoveCriticalHandle) for WM__RemoveCriticalHandle
    wm_touch.o(i.WM_HandlePID) refers to gui_task.o(i.GUI_Unlock) for GUI_Unlock
    wm_touch.o(i.WM_HandlePID) refers to wm_touch.o(.bss) for .bss
    wm_touch.o(i.WM_HandlePID) refers to wm.o(.data) for WM__TouchedLayer
    wm_touch.o(i.WM_HandlePID) refers to gui_core.o(.data) for GUI_OrgX
    wm_touch.o(i.WM_HandlePID) refers to gui_core.o(.data) for GUI_OrgY
    wm_touch.o(i.WM_HandlePID) refers to wm_touch.o(.data) for .data
    wm_touch.o(i.WM_HandlePID) refers to wm.o(.data) for WM__CaptureReleaseAuto
    wm_touch.o(i.WM__IsInModalArea) refers to wm__isancestor.o(i.WM__IsAncestor) for WM__IsAncestor
    wm_touch.o(i.WM__IsInModalArea) refers to wm_touch.o(.data) for .data
    wm_touch.o(i.WM__IsInModalArea) refers to wm.o(.data) for WM__ahDesktopWin
    wm_touch.o(i.WM__IsInModalArea) refers to wm_touch.o(.bss) for .bss
    wm_touch.o(i.WM__SendPIDMessage) refers to wm_getparent.o(i.WM_GetParent) for WM_GetParent
    wm_touch.o(i.WM__SendPIDMessage) refers to wm__sendmessageifenabled.o(i.WM__SendMessageIfEnabled) for WM__SendMessageIfEnabled
    wm_touch.o(i.WM__SendPIDMessage) refers to wm_iswindow.o(i.WM_IsWindow) for WM_IsWindow
    wm_touch.o(i.WM__SendTouchMessage) refers to gui_alloc.o(i.GUI_ALLOC_LockH) for GUI_ALLOC_LockH
    wm_touch.o(i.WM__SendTouchMessage) refers to gui_alloc.o(i.GUI_ALLOC_UnlockH) for GUI_ALLOC_UnlockH
    wm_touch.o(i.WM__SendTouchMessage) refers to wm_touch.o(i.WM__SendPIDMessage) for WM__SendPIDMessage
    wm_touch.o(i.WM__SetLastTouched) refers to wm_touch.o(.bss) for .bss
    wm_touch.o(i.WM__SetLastTouched) refers to wm.o(.data) for WM__TouchedLayer
    wm_touch.o(i.WM__SetMotionCallback) refers to wm_touch.o(.data) for .data
    wm_touch.o(i.WM__SetToolTipCallback) refers to wm_touch.o(.data) for .data
    gui__strcmp.o(i.GUI__strcmp_hp) refers to gui_alloc.o(i.GUI_ALLOC_LockH) for GUI_ALLOC_LockH
    gui__strcmp.o(i.GUI__strcmp_hp) refers to gui__strcmp.o(i.GUI__strcmp) for GUI__strcmp
    gui__strcmp.o(i.GUI__strcmp_hp) refers to gui_alloc.o(i.GUI_ALLOC_UnlockH) for GUI_ALLOC_UnlockH
    gui_alloc_allocinit.o(i.GUI_ALLOC_AllocInit) refers to gui_task.o(i.GUI_Lock) for GUI_Lock
    gui_alloc_allocinit.o(i.GUI_ALLOC_AllocInit) refers to gui_alloc.o(i.GUI_ALLOC_AllocNoInit) for GUI_ALLOC_AllocNoInit
    gui_alloc_allocinit.o(i.GUI_ALLOC_AllocInit) refers to gui_alloc.o(i.GUI_ALLOC_LockH) for GUI_ALLOC_LockH
    gui_alloc_allocinit.o(i.GUI_ALLOC_AllocInit) refers to rt_memcpy_v6.o(.text) for __aeabi_memcpy
    gui_alloc_allocinit.o(i.GUI_ALLOC_AllocInit) refers to gui__memset.o(i.GUI__memset) for GUI__memset
    gui_alloc_allocinit.o(i.GUI_ALLOC_AllocInit) refers to gui_alloc.o(i.GUI_ALLOC_UnlockH) for GUI_ALLOC_UnlockH
    gui_alloc_allocinit.o(i.GUI_ALLOC_AllocInit) refers to gui_task.o(i.GUI_Unlock) for GUI_Unlock
    gui_cursorheaderm.o(.constdata) refers to gui_cursorheadermpx.o(.constdata) for GUI_PixelsHeaderM
    gui_cursorheaderm.o(.constdata) refers to gui_cursorpal.o(.constdata) for GUI_CursorPal
    gui_cursorheaderm.o(.constdata) refers to gui_cursorheaderm.o(.constdata) for _BitmapHeaderM
    gui_drawbitmap_24.o(i._DrawBitmap) refers to lcd_getex.o(i.GUI_GetpfColor2IndexEx) for GUI_GetpfColor2IndexEx
    gui_drawbitmap_24.o(i._DrawBitmap) refers to lcd_nextpixelapi.o(i.LCD_GetNextPixelAPI) for LCD_GetNextPixelAPI
    gui_drawbitmap_24.o(i._DrawBitmap) refers to lcd.o(i.LCD_SetColorIndex) for LCD_SetColorIndex
    gui_drawbitmap_24.o(i._DrawBitmap) refers to lcd.o(i.LCD_FillRect) for LCD_FillRect
    gui_drawbitmap_24.o(i._DrawBitmap) refers to gui_core.o(.data) for GUI_pContext
    gui_drawbitmap_24.o(.constdata) refers to gui_drawbitmap_24.o(i._DrawBitmap) for _DrawBitmap
    gui_drawbitmap_24.o(.constdata) refers to guicc_888_index2color.o(i.LCD_Index2Color_888) for LCD_Index2Color_888
    gui_drawbitmap_444.o(i._DrawBitmap444_12) refers to gui__drawbitmap16bpp.o(i.GUI__DrawBitmap16bpp) for GUI__DrawBitmap16bpp
    gui_drawbitmap_444.o(i._DrawBitmap444_12) refers to guicc_444_12_index2color.o(i.LCD_Index2Color_444_12) for LCD_Index2Color_444_12
    gui_drawbitmap_444.o(i._DrawBitmap444_12_1) refers to gui__drawbitmap16bpp.o(i.GUI__DrawBitmap16bpp) for GUI__DrawBitmap16bpp
    gui_drawbitmap_444.o(i._DrawBitmap444_12_1) refers to guicc_444_12_1_index2color.o(i.LCD_Index2Color_444_12_1) for LCD_Index2Color_444_12_1
    gui_drawbitmap_444.o(i._DrawBitmap444_16) refers to gui__drawbitmap16bpp.o(i.GUI__DrawBitmap16bpp) for GUI__DrawBitmap16bpp
    gui_drawbitmap_444.o(i._DrawBitmap444_16) refers to guicc_444_16_index2color.o(i.LCD_Index2Color_444_16) for LCD_Index2Color_444_16
    gui_drawbitmap_444.o(i._DrawBitmapM444_12) refers to gui__drawbitmap16bpp.o(i.GUI__DrawBitmap16bpp) for GUI__DrawBitmap16bpp
    gui_drawbitmap_444.o(i._DrawBitmapM444_12) refers to guicc_m444_12_index2color.o(i.LCD_Index2Color_M444_12) for LCD_Index2Color_M444_12
    gui_drawbitmap_444.o(i._DrawBitmapM444_12_1) refers to gui__drawbitmap16bpp.o(i.GUI__DrawBitmap16bpp) for GUI__DrawBitmap16bpp
    gui_drawbitmap_444.o(i._DrawBitmapM444_12_1) refers to guicc_m444_12_1_index2color.o(i.LCD_Index2Color_M444_12_1) for LCD_Index2Color_M444_12_1
    gui_drawbitmap_444.o(i._DrawBitmapM444_16) refers to gui__drawbitmap16bpp.o(i.GUI__DrawBitmap16bpp) for GUI__DrawBitmap16bpp
    gui_drawbitmap_444.o(i._DrawBitmapM444_16) refers to guicc_m444_16_index2color.o(i.LCD_Index2Color_M444_16) for LCD_Index2Color_M444_16
    gui_drawbitmap_444.o(.constdata) refers to gui_drawbitmap_444.o(i._DrawBitmap444_12) for _DrawBitmap444_12
    gui_drawbitmap_444.o(.constdata) refers to guicc_444_12_index2color.o(i.LCD_Index2Color_444_12) for LCD_Index2Color_444_12
    gui_drawbitmap_444.o(.constdata) refers to gui_drawbitmap_444.o(i._DrawBitmapM444_12) for _DrawBitmapM444_12
    gui_drawbitmap_444.o(.constdata) refers to guicc_m444_12_index2color.o(i.LCD_Index2Color_M444_12) for LCD_Index2Color_M444_12
    gui_drawbitmap_444.o(.constdata) refers to gui_drawbitmap_444.o(i._DrawBitmap444_12_1) for _DrawBitmap444_12_1
    gui_drawbitmap_444.o(.constdata) refers to guicc_444_12_1_index2color.o(i.LCD_Index2Color_444_12_1) for LCD_Index2Color_444_12_1
    gui_drawbitmap_444.o(.constdata) refers to gui_drawbitmap_444.o(i._DrawBitmapM444_12_1) for _DrawBitmapM444_12_1
    gui_drawbitmap_444.o(.constdata) refers to guicc_m444_12_1_index2color.o(i.LCD_Index2Color_M444_12_1) for LCD_Index2Color_M444_12_1
    gui_drawbitmap_444.o(.constdata) refers to gui_drawbitmap_444.o(i._DrawBitmap444_16) for _DrawBitmap444_16
    gui_drawbitmap_444.o(.constdata) refers to guicc_444_16_index2color.o(i.LCD_Index2Color_444_16) for LCD_Index2Color_444_16
    gui_drawbitmap_444.o(.constdata) refers to gui_drawbitmap_444.o(i._DrawBitmapM444_16) for _DrawBitmapM444_16
    gui_drawbitmap_444.o(.constdata) refers to guicc_m444_16_index2color.o(i.LCD_Index2Color_M444_16) for LCD_Index2Color_M444_16
    gui_drawbitmap_555.o(i._DrawBitmap) refers to gui__drawbitmap16bpp.o(i.GUI__DrawBitmap16bpp) for GUI__DrawBitmap16bpp
    gui_drawbitmap_555.o(i._DrawBitmap) refers to guicc_555_index2color.o(i.LCD_Index2Color_555) for LCD_Index2Color_555
    gui_drawbitmap_555.o(i._DrawBitmapSwapRB) refers to gui__drawbitmap16bpp.o(i.GUI__DrawBitmap16bpp) for GUI__DrawBitmap16bpp
    gui_drawbitmap_555.o(i._DrawBitmapSwapRB) refers to guicc_m555_index2color.o(i.LCD_Index2Color_M555) for LCD_Index2Color_M555
    gui_drawbitmap_555.o(.constdata) refers to gui_drawbitmap_555.o(i._DrawBitmap) for _DrawBitmap
    gui_drawbitmap_555.o(.constdata) refers to guicc_555_index2color.o(i.LCD_Index2Color_555) for LCD_Index2Color_555
    gui_drawbitmap_555.o(.constdata) refers to gui_drawbitmap_555.o(i._DrawBitmapSwapRB) for _DrawBitmapSwapRB
    gui_drawbitmap_555.o(.constdata) refers to guicc_m555_index2color.o(i.LCD_Index2Color_M555) for LCD_Index2Color_M555
    gui_drawbitmap_565.o(i._DrawBitmap) refers to gui__drawbitmap16bpp.o(i.GUI__DrawBitmap16bpp) for GUI__DrawBitmap16bpp
    gui_drawbitmap_565.o(i._DrawBitmap) refers to guicc_565.o(.constdata) for LCD_API_ColorConv_565
    gui_drawbitmap_565.o(i._DrawBitmap) refers to guicc_565.o(i.LCD_Index2Color_565) for LCD_Index2Color_565
    gui_drawbitmap_565.o(i._DrawBitmapSwapRB) refers to gui__drawbitmap16bpp.o(i.GUI__DrawBitmap16bpp) for GUI__DrawBitmap16bpp
    gui_drawbitmap_565.o(i._DrawBitmapSwapRB) refers to guicc_m565.o(.constdata) for LCD_API_ColorConv_M565
    gui_drawbitmap_565.o(i._DrawBitmapSwapRB) refers to guicc_m565.o(i.LCD_Index2Color_M565) for LCD_Index2Color_M565
    gui_drawbitmap_565.o(.constdata) refers to gui_drawbitmap_565.o(i._DrawBitmap) for _DrawBitmap
    gui_drawbitmap_565.o(.constdata) refers to guicc_565.o(i.LCD_Index2Color_565) for LCD_Index2Color_565
    gui_drawbitmap_565.o(.constdata) refers to guicc_565.o(.constdata) for LCD_API_ColorConv_565
    gui_drawbitmap_565.o(.constdata) refers to gui_drawbitmap_565.o(i._DrawBitmapSwapRB) for _DrawBitmapSwapRB
    gui_drawbitmap_565.o(.constdata) refers to guicc_m565.o(i.LCD_Index2Color_M565) for LCD_Index2Color_M565
    gui_drawbitmap_565.o(.constdata) refers to guicc_m565.o(.constdata) for LCD_API_ColorConv_M565
    gui_drawpoint.o(i.GL_DrawPoint) refers to gui_circ.o(i.GL_FillCircle) for GL_FillCircle
    gui_drawpoint.o(i.GL_DrawPoint) refers to gui_core.o(.data) for GUI_pContext
    gui_drawpoint.o(i.GUI_DrawPoint) refers to gui_task.o(i.GUI_Lock) for GUI_Lock
    gui_drawpoint.o(i.GUI_DrawPoint) refers to wm.o(i.WM__InitIVRSearch) for WM__InitIVRSearch
    gui_drawpoint.o(i.GUI_DrawPoint) refers to gui_drawpoint.o(i.GL_DrawPoint) for GL_DrawPoint
    gui_drawpoint.o(i.GUI_DrawPoint) refers to wm.o(i.WM__GetNextIVR) for WM__GetNextIVR
    gui_drawpoint.o(i.GUI_DrawPoint) refers to gui_task.o(i.GUI_Unlock) for GUI_Unlock
    gui_drawpoint.o(i.GUI_DrawPoint) refers to gui_core.o(.data) for GUI_pContext
    gui_getorg.o(i.GUI_GetOrg) refers to gui_task.o(i.GUI_Lock) for GUI_Lock
    gui_getorg.o(i.GUI_GetOrg) refers to gui_getorg.o(i.GUI__GetOrg) for GUI__GetOrg
    gui_getorg.o(i.GUI_GetOrg) refers to gui_task.o(i.GUI_Unlock) for GUI_Unlock
    gui_getorg.o(i.GUI__GetOrg) refers to gui_core.o(.data) for GUI_OrgX
    gui_getorg.o(i.GUI__GetOrg) refers to gui_core.o(.data) for GUI_OrgY
    gui_streamcreate.o(i.GUI_CreateBitmapFromStream) refers to gui_stream.o(i.GUI__ReadHeaderFromStream) for GUI__ReadHeaderFromStream
    gui_streamcreate.o(i.GUI_CreateBitmapFromStream) refers to gui_stream.o(i.GUI__CreateBitmapFromStream) for GUI__CreateBitmapFromStream
    gui_streamcreate.o(i.GUI_CreateBitmapFromStream) refers to lcd_rle4.o(.constdata) for GUI_BitmapMethodsRLE4
    gui_streamcreate.o(i.GUI_CreateBitmapFromStream) refers to lcd_rle8.o(.constdata) for GUI_BitmapMethodsRLE8
    gui_streamcreate.o(i.GUI_CreateBitmapFromStream) refers to gui_drawbitmap_444.o(.constdata) for GUI_BitmapMethods444_12
    gui_streamcreate.o(i.GUI_CreateBitmapFromStream) refers to gui_drawbitmap_444.o(.constdata) for GUI_BitmapMethodsM444_12
    gui_streamcreate.o(i.GUI_CreateBitmapFromStream) refers to gui_drawbitmap_444.o(.constdata) for GUI_BitmapMethods444_12_1
    gui_streamcreate.o(i.GUI_CreateBitmapFromStream) refers to gui_drawbitmap_444.o(.constdata) for GUI_BitmapMethodsM444_12_1
    gui_streamcreate.o(i.GUI_CreateBitmapFromStream) refers to gui_drawbitmap_444.o(.constdata) for GUI_BitmapMethods444_16
    gui_streamcreate.o(i.GUI_CreateBitmapFromStream) refers to gui_drawbitmap_444.o(.constdata) for GUI_BitmapMethodsM444_16
    gui_streamcreate.o(i.GUI_CreateBitmapFromStream) refers to gui_drawbitmap_565.o(.constdata) for GUI_BitmapMethods565
    gui_streamcreate.o(i.GUI_CreateBitmapFromStream) refers to gui_drawbitmap_565.o(.constdata) for GUI_BitmapMethodsM565
    gui_streamcreate.o(i.GUI_CreateBitmapFromStream) refers to gui_drawbitmap_555.o(.constdata) for GUI_BitmapMethods555
    gui_streamcreate.o(i.GUI_CreateBitmapFromStream) refers to gui_drawbitmap_555.o(.constdata) for GUI_BitmapMethodsM555
    gui_streamcreate.o(i.GUI_CreateBitmapFromStream) refers to gui_drawbitmap_a16.o(.constdata) for GUI_BitmapMethodsA565
    gui_streamcreate.o(i.GUI_CreateBitmapFromStream) refers to gui_drawbitmap_a16.o(.constdata) for GUI_BitmapMethodsAM565
    gui_streamcreate.o(i.GUI_CreateBitmapFromStream) refers to gui_drawbitmap_a16.o(.constdata) for GUI_BitmapMethodsA555
    gui_streamcreate.o(i.GUI_CreateBitmapFromStream) refers to gui_drawbitmap_a16.o(.constdata) for GUI_BitmapMethodsAM555
    gui_streamcreate.o(i.GUI_CreateBitmapFromStream) refers to lcd_rle16.o(.constdata) for GUI_BitmapMethodsRLE16
    gui_streamcreate.o(i.GUI_CreateBitmapFromStream) refers to lcd_rle16.o(.constdata) for GUI_BitmapMethodsRLEM16
    gui_streamcreate.o(i.GUI_CreateBitmapFromStream) refers to lcd_rle32.o(.constdata) for GUI_BitmapMethodsRLE32
    gui_streamcreate.o(i.GUI_CreateBitmapFromStream) refers to gui_drawbitmap_24.o(.constdata) for GUI_BitmapMethods24
    gui_streamcreate.o(i.GUI_CreateBitmapFromStream) refers to gui_drawbitmap_8888.o(.constdata) for GUI_BitmapMethods8888
    gui_streamcreate.o(i.GUI_CreateBitmapFromStream) refers to gui_drawbitmap_8888.o(.constdata) for GUI_BitmapMethodsM8888I
    gui_streamcreate.o(i.GUI_CreateBitmapFromStream) refers to lcd_rlealpha.o(.constdata) for GUI_BitmapMethodsRLEAlpha
    gui_streamcreate.o(i.GUI_CreateBitmapFromStream24) refers to gui_streamcreate.o(i._CreateBitmapFromStream) for _CreateBitmapFromStream
    gui_streamcreate.o(i.GUI_CreateBitmapFromStream24) refers to gui_drawbitmap_24.o(.constdata) for GUI_BitmapMethods24
    gui_streamcreate.o(i.GUI_CreateBitmapFromStream444_12) refers to gui_streamcreate.o(i._CreateBitmapFromStream) for _CreateBitmapFromStream
    gui_streamcreate.o(i.GUI_CreateBitmapFromStream444_12) refers to gui_drawbitmap_444.o(.constdata) for GUI_BitmapMethods444_12
    gui_streamcreate.o(i.GUI_CreateBitmapFromStream444_12_1) refers to gui_streamcreate.o(i._CreateBitmapFromStream) for _CreateBitmapFromStream
    gui_streamcreate.o(i.GUI_CreateBitmapFromStream444_12_1) refers to gui_drawbitmap_444.o(.constdata) for GUI_BitmapMethods444_12_1
    gui_streamcreate.o(i.GUI_CreateBitmapFromStream444_16) refers to gui_streamcreate.o(i._CreateBitmapFromStream) for _CreateBitmapFromStream
    gui_streamcreate.o(i.GUI_CreateBitmapFromStream444_16) refers to gui_drawbitmap_444.o(.constdata) for GUI_BitmapMethods444_16
    gui_streamcreate.o(i.GUI_CreateBitmapFromStream555) refers to gui_streamcreate.o(i._CreateBitmapFromStream) for _CreateBitmapFromStream
    gui_streamcreate.o(i.GUI_CreateBitmapFromStream555) refers to gui_drawbitmap_555.o(.constdata) for GUI_BitmapMethods555
    gui_streamcreate.o(i.GUI_CreateBitmapFromStream565) refers to gui_streamcreate.o(i._CreateBitmapFromStream) for _CreateBitmapFromStream
    gui_streamcreate.o(i.GUI_CreateBitmapFromStream565) refers to gui_drawbitmap_565.o(.constdata) for GUI_BitmapMethods565
    gui_streamcreate.o(i.GUI_CreateBitmapFromStreamA555) refers to gui_streamcreate.o(i._CreateBitmapFromStream) for _CreateBitmapFromStream
    gui_streamcreate.o(i.GUI_CreateBitmapFromStreamA555) refers to gui_drawbitmap_a16.o(.constdata) for GUI_BitmapMethodsA555
    gui_streamcreate.o(i.GUI_CreateBitmapFromStreamA565) refers to gui_streamcreate.o(i._CreateBitmapFromStream) for _CreateBitmapFromStream
    gui_streamcreate.o(i.GUI_CreateBitmapFromStreamA565) refers to gui_drawbitmap_a16.o(.constdata) for GUI_BitmapMethodsA565
    gui_streamcreate.o(i.GUI_CreateBitmapFromStreamAM555) refers to gui_streamcreate.o(i._CreateBitmapFromStream) for _CreateBitmapFromStream
    gui_streamcreate.o(i.GUI_CreateBitmapFromStreamAM555) refers to gui_drawbitmap_a16.o(.constdata) for GUI_BitmapMethodsAM555
    gui_streamcreate.o(i.GUI_CreateBitmapFromStreamAM565) refers to gui_streamcreate.o(i._CreateBitmapFromStream) for _CreateBitmapFromStream
    gui_streamcreate.o(i.GUI_CreateBitmapFromStreamAM565) refers to gui_drawbitmap_a16.o(.constdata) for GUI_BitmapMethodsAM565
    gui_streamcreate.o(i.GUI_CreateBitmapFromStreamAlpha) refers to gui_streamcreate.o(i._CreateBitmapFromStream) for _CreateBitmapFromStream
    gui_streamcreate.o(i.GUI_CreateBitmapFromStreamAlpha) refers to gui_drawbitmap_8888.o(.constdata) for GUI_BitmapMethods8888
    gui_streamcreate.o(i.GUI_CreateBitmapFromStreamIDX) refers to gui_streamcreate.o(i._CreateBitmapFromStream) for _CreateBitmapFromStream
    gui_streamcreate.o(i.GUI_CreateBitmapFromStreamM444_12) refers to gui_streamcreate.o(i._CreateBitmapFromStream) for _CreateBitmapFromStream
    gui_streamcreate.o(i.GUI_CreateBitmapFromStreamM444_12) refers to gui_drawbitmap_444.o(.constdata) for GUI_BitmapMethodsM444_12
    gui_streamcreate.o(i.GUI_CreateBitmapFromStreamM444_12_1) refers to gui_streamcreate.o(i._CreateBitmapFromStream) for _CreateBitmapFromStream
    gui_streamcreate.o(i.GUI_CreateBitmapFromStreamM444_12_1) refers to gui_drawbitmap_444.o(.constdata) for GUI_BitmapMethodsM444_12_1
    gui_streamcreate.o(i.GUI_CreateBitmapFromStreamM444_16) refers to gui_streamcreate.o(i._CreateBitmapFromStream) for _CreateBitmapFromStream
    gui_streamcreate.o(i.GUI_CreateBitmapFromStreamM444_16) refers to gui_drawbitmap_444.o(.constdata) for GUI_BitmapMethodsM444_16
    gui_streamcreate.o(i.GUI_CreateBitmapFromStreamM555) refers to gui_streamcreate.o(i._CreateBitmapFromStream) for _CreateBitmapFromStream
    gui_streamcreate.o(i.GUI_CreateBitmapFromStreamM555) refers to gui_drawbitmap_555.o(.constdata) for GUI_BitmapMethodsM555
    gui_streamcreate.o(i.GUI_CreateBitmapFromStreamM565) refers to gui_streamcreate.o(i._CreateBitmapFromStream) for _CreateBitmapFromStream
    gui_streamcreate.o(i.GUI_CreateBitmapFromStreamM565) refers to gui_drawbitmap_565.o(.constdata) for GUI_BitmapMethodsM565
    gui_streamcreate.o(i.GUI_CreateBitmapFromStreamM8888I) refers to gui_streamcreate.o(i._CreateBitmapFromStream) for _CreateBitmapFromStream
    gui_streamcreate.o(i.GUI_CreateBitmapFromStreamM8888I) refers to gui_drawbitmap_8888.o(.constdata) for GUI_BitmapMethodsM8888I
    gui_streamcreate.o(i.GUI_CreateBitmapFromStreamRLE16) refers to gui_streamcreate.o(i._CreateBitmapFromStream) for _CreateBitmapFromStream
    gui_streamcreate.o(i.GUI_CreateBitmapFromStreamRLE16) refers to lcd_rle16.o(.constdata) for GUI_BitmapMethodsRLE16
    gui_streamcreate.o(i.GUI_CreateBitmapFromStreamRLE32) refers to gui_streamcreate.o(i._CreateBitmapFromStream) for _CreateBitmapFromStream
    gui_streamcreate.o(i.GUI_CreateBitmapFromStreamRLE32) refers to lcd_rle32.o(.constdata) for GUI_BitmapMethodsRLE32
    gui_streamcreate.o(i.GUI_CreateBitmapFromStreamRLE4) refers to gui_streamcreate.o(i._CreateBitmapFromStream) for _CreateBitmapFromStream
    gui_streamcreate.o(i.GUI_CreateBitmapFromStreamRLE4) refers to lcd_rle4.o(.constdata) for GUI_BitmapMethodsRLE4
    gui_streamcreate.o(i.GUI_CreateBitmapFromStreamRLE8) refers to gui_streamcreate.o(i._CreateBitmapFromStream) for _CreateBitmapFromStream
    gui_streamcreate.o(i.GUI_CreateBitmapFromStreamRLE8) refers to lcd_rle8.o(.constdata) for GUI_BitmapMethodsRLE8
    gui_streamcreate.o(i.GUI_CreateBitmapFromStreamRLEAlpha) refers to gui_streamcreate.o(i._CreateBitmapFromStream) for _CreateBitmapFromStream
    gui_streamcreate.o(i.GUI_CreateBitmapFromStreamRLEAlpha) refers to lcd_rlealpha.o(.constdata) for GUI_BitmapMethodsRLEAlpha
    gui_streamcreate.o(i.GUI_CreateBitmapFromStreamRLEM16) refers to gui_streamcreate.o(i._CreateBitmapFromStream) for _CreateBitmapFromStream
    gui_streamcreate.o(i.GUI_CreateBitmapFromStreamRLEM16) refers to lcd_rle16.o(.constdata) for GUI_BitmapMethodsRLEM16
    gui_streamcreate.o(i._CreateBitmapFromStream) refers to gui_stream.o(i.GUI__ReadHeaderFromStream) for GUI__ReadHeaderFromStream
    gui_streamcreate.o(i._CreateBitmapFromStream) refers to gui_stream.o(i.GUI__CreateBitmapFromStream) for GUI__CreateBitmapFromStream
    gui_touch_storestate.o(i.GUI_TOUCH_SetLayer) refers to gui_touch_storestate.o(.bss) for .bss
    gui_touch_storestate.o(i.GUI_TOUCH_StoreState) refers to gui_touch.o(i.GUI_TOUCH_StoreStateEx) for GUI_TOUCH_StoreStateEx
    gui_touch_storestate.o(i.GUI_TOUCH_StoreState) refers to gui_touch_storestate.o(.bss) for .bss
    lcd_getp.o(i.GUI_GetPixelIndex) refers to gui_task.o(i.GUI_Lock) for GUI_Lock
    lcd_getp.o(i.GUI_GetPixelIndex) refers to lcd_getp.o(i.LCD_GetPixelIndex) for LCD_GetPixelIndex
    lcd_getp.o(i.GUI_GetPixelIndex) refers to gui_task.o(i.GUI_Unlock) for GUI_Unlock
    lcd_getp.o(i.LCD_GetPixelIndex) refers to gui_core.o(.data) for GUI_pContext
    lcd_rle16.o(i.LCD__RLE16_SetFunc) refers to gui_alloc.o(i.GUI_ALLOC_GetFixedBlock) for GUI_ALLOC_GetFixedBlock
    lcd_rle16.o(i.LCD__RLE16_SetFunc) refers to gui_core.o(i.GUI__RegisterExit) for GUI__RegisterExit
    lcd_rle16.o(i.LCD__RLE16_SetFunc) refers to lcd_rle16.o(.data) for .data
    lcd_rle16.o(i.LCD__RLE16_SetFunc) refers to lcd_rle16.o(i._OnExit) for _OnExit
    lcd_rle16.o(i.LCD__RLE16_SetFunc) refers to lcd_rle16.o(i._GetByte_GetData) for _GetByte_GetData
    lcd_rle16.o(i._DrawBitmap) refers to lcd_rle16.o(i._GetPixelIndex) for _GetPixelIndex
    lcd_rle16.o(i._DrawBitmap) refers to lcd.o(i.LCD_FillRect) for LCD_FillRect
    lcd_rle16.o(i._DrawBitmap) refers to lcd.o(i.LCD_DrawHLine) for LCD_DrawHLine
    lcd_rle16.o(i._DrawBitmap) refers to lcd.o(i.LCD_SetColorIndex) for LCD_SetColorIndex
    lcd_rle16.o(i._DrawBitmap) refers to lcd_rle16.o(.data) for .data
    lcd_rle16.o(i._DrawBitmap) refers to gui_core.o(.data) for GUI_pContext
    lcd_rle16.o(i._DrawBitmap_Ex) refers to gui_alloc.o(i.GUI_ALLOC_RequestSize) for GUI_ALLOC_RequestSize
    lcd_rle16.o(i._DrawBitmap_Ex) refers to gui_alloc_alloczero.o(i.GUI_ALLOC_AllocZero) for GUI_ALLOC_AllocZero
    lcd_rle16.o(i._DrawBitmap_Ex) refers to gui_alloc.o(i.GUI_ALLOC_LockH) for GUI_ALLOC_LockH
    lcd_rle16.o(i._DrawBitmap_Ex) refers to lcd_rle16.o(i._DrawBitmap) for _DrawBitmap
    lcd_rle16.o(i._DrawBitmap_Ex) refers to gui_alloc.o(i.GUI_ALLOC_UnlockH) for GUI_ALLOC_UnlockH
    lcd_rle16.o(i._DrawBitmap_Ex) refers to gui_alloc.o(i.GUI_ALLOC_Free) for GUI_ALLOC_Free
    lcd_rle16.o(i._DrawBitmap_Ex) refers to lcd_rle16.o(.data) for .data
    lcd_rle16.o(i._DrawBitmap_RLE16) refers to lcd_rle16.o(i._DrawBitmap) for _DrawBitmap
    lcd_rle16.o(i._DrawBitmap_RLE16) refers to lcd_rle16.o(.data) for .data
    lcd_rle16.o(i._DrawBitmap_RLE16) refers to lcd_rle16.o(i._GetByte_pPixel) for _GetByte_pPixel
    lcd_rle16.o(i._DrawBitmap_RLE16) refers to lcd_rle16.o(.bss) for .bss
    lcd_rle16.o(i._DrawBitmap_RLE16Ex) refers to lcd_rle16.o(i._DrawBitmap_Ex) for _DrawBitmap_Ex
    lcd_rle16.o(i._DrawBitmap_RLE16Ex) refers to lcd_rle16.o(.data) for .data
    lcd_rle16.o(i._DrawBitmap_RLEM16) refers to lcd_rle16.o(i._DrawBitmap) for _DrawBitmap
    lcd_rle16.o(i._DrawBitmap_RLEM16) refers to lcd_rle16.o(.data) for .data
    lcd_rle16.o(i._DrawBitmap_RLEM16) refers to lcd_rle16.o(i._GetByte_pPixel) for _GetByte_pPixel
    lcd_rle16.o(i._DrawBitmap_RLEM16) refers to lcd_rle16.o(.bss) for .bss
    lcd_rle16.o(i._DrawBitmap_RLEM16Ex) refers to lcd_rle16.o(i._DrawBitmap_Ex) for _DrawBitmap_Ex
    lcd_rle16.o(i._DrawBitmap_RLEM16Ex) refers to lcd_rle16.o(.data) for .data
    lcd_rle16.o(i._GetByte_GetData) refers to lcd_rle16.o(.data) for .data
    lcd_rle16.o(i._GetByte_pPixel) refers to lcd_rle16.o(.data) for .data
    lcd_rle16.o(i._GetPixelIndex) refers to guicc_m565.o(i.LCD_Index2Color_M565) for LCD_Index2Color_M565
    lcd_rle16.o(i._GetPixelIndex) refers to guicc_565.o(i.LCD_Index2Color_565) for LCD_Index2Color_565
    lcd_rle16.o(i._GetPixelIndex) refers to lcd.o(i.LCD_Color2Index) for LCD_Color2Index
    lcd_rle16.o(i._GetPixelIndex) refers to lcd_rle16.o(.data) for .data
    lcd_rle16.o(i._OnExit) refers to gui_alloc.o(i.GUI_ALLOC_FreeFixedBlock) for GUI_ALLOC_FreeFixedBlock
    lcd_rle16.o(i._OnExit) refers to lcd_rle16.o(.data) for .data
    lcd_rle16.o(.constdata) refers to lcd_rle16.o(i._DrawBitmap_RLE16) for _DrawBitmap_RLE16
    lcd_rle16.o(.constdata) refers to lcd_rle16.o(i._DrawBitmap_RLEM16) for _DrawBitmap_RLEM16
    lcd_rle16.o(.constdata) refers to lcd_rle16.o(i._DrawBitmap_RLE16Ex) for _DrawBitmap_RLE16Ex
    lcd_rle16.o(.constdata) refers to lcd_rle16.o(i._DrawBitmap_RLEM16Ex) for _DrawBitmap_RLEM16Ex
    lcd_rle32.o(i.LCD__RLE32_SetFunc) refers to gui_alloc.o(i.GUI_ALLOC_GetFixedBlock) for GUI_ALLOC_GetFixedBlock
    lcd_rle32.o(i.LCD__RLE32_SetFunc) refers to gui_core.o(i.GUI__RegisterExit) for GUI__RegisterExit
    lcd_rle32.o(i.LCD__RLE32_SetFunc) refers to lcd_rle32.o(.data) for .data
    lcd_rle32.o(i.LCD__RLE32_SetFunc) refers to lcd_rle32.o(i._OnExit) for _OnExit
    lcd_rle32.o(i.LCD__RLE32_SetFunc) refers to lcd_rle32.o(i._GetByte_GetData) for _GetByte_GetData
    lcd_rle32.o(i.LCD__RLE32_SetFunc) refers to lcd_rle32.o(i._GetPixel_GetData) for _GetPixel_GetData
    lcd_rle32.o(i._Draw) refers to gui__alpha.o(i.GUI__DoAlphaBlending) for GUI__DoAlphaBlending
    lcd_rle32.o(i._Draw) refers to gui__compactpixelindices.o(i.GUI__CompactPixelIndicesEx) for GUI__CompactPixelIndicesEx
    lcd_rle32.o(i._Draw) refers to lcd.o(i.LCD_DrawBitmap) for LCD_DrawBitmap
    lcd_rle32.o(i._Draw) refers to guicc_8888_index2color.o(i.LCD_Index2Color_8888) for LCD_Index2Color_8888
    lcd_rle32.o(i._DrawBitmap) refers to gui__alpha.o(i.GUI__AllocAlphaBuffer) for GUI__AllocAlphaBuffer
    lcd_rle32.o(i._DrawBitmap) refers to gui__alpha.o(i.GUI__GetAlphaBuffer) for GUI__GetAlphaBuffer
    lcd_rle32.o(i._DrawBitmap) refers to gui_core.o(.data) for GUI_pContext
    lcd_rle32.o(i._DrawBitmap) refers to guicc_8888.o(.constdata) for LCD_API_ColorConv_8888
    lcd_rle32.o(i._DrawBitmap) refers to lcd_rle32.o(i._DrawClip) for _DrawClip
    lcd_rle32.o(i._DrawBitmap) refers to lcd_rle32.o(i._Draw) for _Draw
    lcd_rle32.o(i._DrawBitmap) refers to lcd_rle32.o(.data) for .data
    lcd_rle32.o(i._DrawBitmap_RLE32) refers to lcd_rle32.o(i._DrawBitmap) for _DrawBitmap
    lcd_rle32.o(i._DrawBitmap_RLE32) refers to lcd_rle32.o(.data) for .data
    lcd_rle32.o(i._DrawBitmap_RLE32) refers to lcd_rle32.o(i._GetByte_pPixel) for _GetByte_pPixel
    lcd_rle32.o(i._DrawBitmap_RLE32) refers to lcd_rle32.o(i._GetPixel_pPixel) for _GetPixel_pPixel
    lcd_rle32.o(i._DrawBitmap_RLE32Ex) refers to gui_alloc.o(i.GUI_ALLOC_RequestSize) for GUI_ALLOC_RequestSize
    lcd_rle32.o(i._DrawBitmap_RLE32Ex) refers to gui_alloc_alloczero.o(i.GUI_ALLOC_AllocZero) for GUI_ALLOC_AllocZero
    lcd_rle32.o(i._DrawBitmap_RLE32Ex) refers to gui_alloc.o(i.GUI_ALLOC_LockH) for GUI_ALLOC_LockH
    lcd_rle32.o(i._DrawBitmap_RLE32Ex) refers to lcd_rle32.o(i._DrawBitmap) for _DrawBitmap
    lcd_rle32.o(i._DrawBitmap_RLE32Ex) refers to gui_alloc.o(i.GUI_ALLOC_UnlockH) for GUI_ALLOC_UnlockH
    lcd_rle32.o(i._DrawBitmap_RLE32Ex) refers to gui_alloc.o(i.GUI_ALLOC_Free) for GUI_ALLOC_Free
    lcd_rle32.o(i._DrawBitmap_RLE32Ex) refers to lcd_rle32.o(.data) for .data
    lcd_rle32.o(i._DrawClip) refers to lcd_rle32.o(i._Draw) for _Draw
    lcd_rle32.o(i._DrawClip) refers to gui_core.o(.data) for GUI_pContext
    lcd_rle32.o(i._GetByte_GetData) refers to lcd_rle32.o(i._LoadBufferOnDemand) for _LoadBufferOnDemand
    lcd_rle32.o(i._GetByte_GetData) refers to lcd_rle32.o(.data) for .data
    lcd_rle32.o(i._GetByte_pPixel) refers to lcd_rle32.o(.data) for .data
    lcd_rle32.o(i._GetPixel_GetData) refers to lcd_rle32.o(i._LoadBufferOnDemand) for _LoadBufferOnDemand
    lcd_rle32.o(i._GetPixel_GetData) refers to lcd_rle32.o(i._Read32) for _Read32
    lcd_rle32.o(i._GetPixel_GetData) refers to lcd_rle32.o(.data) for .data
    lcd_rle32.o(i._GetPixel_pPixel) refers to lcd_rle32.o(i._Read32) for _Read32
    lcd_rle32.o(i._GetPixel_pPixel) refers to lcd_rle32.o(.data) for .data
    lcd_rle32.o(i._LoadBufferOnDemand) refers to rt_memcpy_v6.o(.text) for __aeabi_memcpy
    lcd_rle32.o(i._LoadBufferOnDemand) refers to lcd_rle32.o(.data) for .data
    lcd_rle32.o(i._OnExit) refers to gui_alloc.o(i.GUI_ALLOC_FreeFixedBlock) for GUI_ALLOC_FreeFixedBlock
    lcd_rle32.o(i._OnExit) refers to lcd_rle32.o(.data) for .data
    lcd_rle32.o(.constdata) refers to lcd_rle32.o(i._DrawBitmap_RLE32) for _DrawBitmap_RLE32
    lcd_rle32.o(.constdata) refers to lcd_rle32.o(i._DrawBitmap_RLE32Ex) for _DrawBitmap_RLE32Ex
    lcd_selectlcd.o(i.LCD_SelectLCD) refers to gui_device.o(i.GUI_DEVICE_Unlink) for GUI_DEVICE_Unlink
    lcd_selectlcd.o(i.LCD_SelectLCD) refers to lcd.o(i.LCD_SetClipRectMax) for LCD_SetClipRectMax
    lcd_selectlcd.o(i.LCD_SelectLCD) refers to gui_core.o(.data) for GUI_pContext
    guidev_clear.o(i.GUI_MEMDEV_Clear) refers to gui_task.o(i.GUI_Lock) for GUI_Lock
    guidev_clear.o(i.GUI_MEMDEV_Clear) refers to gui_alloc.o(i.GUI_ALLOC_LockH) for GUI_ALLOC_LockH
    guidev_clear.o(i.GUI_MEMDEV_Clear) refers to gui_alloc.o(i.GUI_ALLOC_UnlockH) for GUI_ALLOC_UnlockH
    guidev_clear.o(i.GUI_MEMDEV_Clear) refers to gui_task.o(i.GUI_Unlock) for GUI_Unlock
    guidev_clear.o(i.GUI_MEMDEV_Clear) refers to gui_core.o(.data) for GUI_pContext
    guidev_reduceysize.o(i.GUI_MEMDEV_ReduceYSize) refers to gui_task.o(i.GUI_Lock) for GUI_Lock
    guidev_reduceysize.o(i.GUI_MEMDEV_ReduceYSize) refers to gui_alloc.o(i.GUI_ALLOC_LockH) for GUI_ALLOC_LockH
    guidev_reduceysize.o(i.GUI_MEMDEV_ReduceYSize) refers to gui_alloc.o(i.GUI_ALLOC_UnlockH) for GUI_ALLOC_UnlockH
    guidev_reduceysize.o(i.GUI_MEMDEV_ReduceYSize) refers to gui_task.o(i.GUI_Unlock) for GUI_Unlock
    guidev_reduceysize.o(i.GUI_MEMDEV_ReduceYSize) refers to gui_core.o(.data) for GUI_pContext
    gui_array_resizeitem.o(i.GUI_ARRAY_ResizeItemLocked) refers to gui_alloc_alloczero.o(i.GUI_ALLOC_AllocZero) for GUI_ALLOC_AllocZero
    gui_array_resizeitem.o(i.GUI_ARRAY_ResizeItemLocked) refers to gui_alloc.o(i.GUI_ALLOC_LockH) for GUI_ALLOC_LockH
    gui_array_resizeitem.o(i.GUI_ARRAY_ResizeItemLocked) refers to gui_array.o(i.GUI_ARRAY__GetpItemLocked) for GUI_ARRAY__GetpItemLocked
    gui_array_resizeitem.o(i.GUI_ARRAY_ResizeItemLocked) refers to rt_memcpy_v6.o(.text) for __aeabi_memcpy
    gui_array_resizeitem.o(i.GUI_ARRAY_ResizeItemLocked) refers to gui_alloc.o(i.GUI_ALLOC_UnlockH) for GUI_ALLOC_UnlockH
    gui_array_resizeitem.o(i.GUI_ARRAY_ResizeItemLocked) refers to gui_array.o(i.GUI_ARRAY__SethItem) for GUI_ARRAY__SethItem
    gui_array_resizeitem.o(i.GUI_ARRAY_ResizeItemLocked) refers to gui_alloc.o(i.GUI_ALLOC_FreePtr) for GUI_ALLOC_FreePtr
    listview_getitemtext.o(i.LISTVIEW_GetItemText) refers to rt_memclr.o(.text) for __aeabi_memclr
    listview_getitemtext.o(i.LISTVIEW_GetItemText) refers to gui_task.o(i.GUI_Lock) for GUI_Lock
    listview_getitemtext.o(i.LISTVIEW_GetItemText) refers to gui_alloc.o(i.GUI_ALLOC_LockH) for GUI_ALLOC_LockH
    listview_getitemtext.o(i.LISTVIEW_GetItemText) refers to listview_getnumcolumns.o(i.LISTVIEW__GetNumColumns) for LISTVIEW__GetNumColumns
    listview_getitemtext.o(i.LISTVIEW_GetItemText) refers to listview_getnumrows.o(i.LISTVIEW__GetNumRows) for LISTVIEW__GetNumRows
    listview_getitemtext.o(i.LISTVIEW_GetItemText) refers to gui_array.o(i.GUI_ARRAY_GetpItemLocked) for GUI_ARRAY_GetpItemLocked
    listview_getitemtext.o(i.LISTVIEW_GetItemText) refers to strncpy.o(.text) for strncpy
    listview_getitemtext.o(i.LISTVIEW_GetItemText) refers to gui_alloc.o(i.GUI_ALLOC_UnlockH) for GUI_ALLOC_UnlockH
    listview_getitemtext.o(i.LISTVIEW_GetItemText) refers to gui_task.o(i.GUI_Unlock) for GUI_Unlock
    listview_getitemtext.o(i.LISTVIEW_GetItemTextLen) refers to gui_task.o(i.GUI_Lock) for GUI_Lock
    listview_getitemtext.o(i.LISTVIEW_GetItemTextLen) refers to gui_alloc.o(i.GUI_ALLOC_LockH) for GUI_ALLOC_LockH
    listview_getitemtext.o(i.LISTVIEW_GetItemTextLen) refers to listview_getnumcolumns.o(i.LISTVIEW__GetNumColumns) for LISTVIEW__GetNumColumns
    listview_getitemtext.o(i.LISTVIEW_GetItemTextLen) refers to listview_getnumrows.o(i.LISTVIEW__GetNumRows) for LISTVIEW__GetNumRows
    listview_getitemtext.o(i.LISTVIEW_GetItemTextLen) refers to gui_alloc.o(i.GUI_ALLOC_UnlockH) for GUI_ALLOC_UnlockH
    listview_getitemtext.o(i.LISTVIEW_GetItemTextLen) refers to listview.o(i.LISTVIEW__GetpRow) for LISTVIEW__GetpRow
    listview_getitemtext.o(i.LISTVIEW_GetItemTextLen) refers to gui_array.o(i.GUI_ARRAY_GetpItemLocked) for GUI_ARRAY_GetpItemLocked
    listview_getitemtext.o(i.LISTVIEW_GetItemTextLen) refers to strlen.o(.text) for strlen
    listview_getitemtext.o(i.LISTVIEW_GetItemTextLen) refers to gui_task.o(i.GUI_Unlock) for GUI_Unlock
    listview_getitemtext.o(i.LISTVIEW_GetItemTextSorted) refers to listview_getitemtext.o(i.LISTVIEW__GetRowSorted) for LISTVIEW__GetRowSorted
    listview_getitemtext.o(i.LISTVIEW_GetItemTextSorted) refers to listview_getitemtext.o(i.LISTVIEW_GetItemText) for LISTVIEW_GetItemText
    listview_getitemtext.o(i.LISTVIEW__GetRowSorted) refers to gui_alloc.o(i.GUI_ALLOC_LockH) for GUI_ALLOC_LockH
    listview_getitemtext.o(i.LISTVIEW__GetRowSorted) refers to gui_alloc.o(i.GUI_ALLOC_UnlockH) for GUI_ALLOC_UnlockH
    scrollbar_create.o(i.SCROLLBAR_Create) refers to scrollbar.o(i.SCROLLBAR_CreateEx) for SCROLLBAR_CreateEx
    scrollbar_create.o(i.SCROLLBAR_CreateAttached) refers to scrollbar.o(i.SCROLLBAR_CreateEx) for SCROLLBAR_CreateEx
    scrollbar_create.o(i.SCROLLBAR_CreateAttached) refers to wm_notifyparent.o(i.WM_NotifyParent) for WM_NotifyParent
    wm__getfirstsibling.o(i.WM__GetFirstSibling) refers to wm_getparent.o(i.WM_GetParent) for WM_GetParent
    wm__getfirstsibling.o(i.WM__GetFirstSibling) refers to gui_alloc.o(i.GUI_ALLOC_h2p) for GUI_ALLOC_h2p
    wm__getfocussedchild.o(i.WM__GetFocussedChild) refers to wm__ischild.o(i.WM__IsChild) for WM__IsChild
    wm__getfocussedchild.o(i.WM__GetFocussedChild) refers to wm.o(.data) for WM__ahWinFocus
    wm__getlastsibling.o(i.WM__GetLastSibling) refers to gui_alloc.o(i.GUI_ALLOC_h2p) for GUI_ALLOC_h2p
    wm__sendmessageifenabled.o(i.WM__SendMessageIfEnabled) refers to wm__isenabled.o(i.WM__IsEnabled) for WM__IsEnabled
    wm__sendmessageifenabled.o(i.WM__SendMessageIfEnabled) refers to wm__sendmessage.o(i.WM__SendMessage) for WM__SendMessage
    wm_foreachdesc.o(i.WM_ForEachDesc) refers to gui_task.o(i.GUI_Lock) for GUI_Lock
    wm_foreachdesc.o(i.WM_ForEachDesc) refers to wm__foreachdesc.o(i.WM__ForEachDesc) for WM__ForEachDesc
    wm_foreachdesc.o(i.WM_ForEachDesc) refers to gui_task.o(i.GUI_Unlock) for GUI_Unlock
    wm_getdesktopwindowex.o(i.WM_GetDesktopWindowEx) refers to wm.o(.data) for WM__ahDesktopWin
    wm_getflags.o(i.WM_GetFlags) refers to gui_task.o(i.GUI_Lock) for GUI_Lock
    wm_getflags.o(i.WM_GetFlags) refers to gui_alloc.o(i.GUI_ALLOC_h2p) for GUI_ALLOC_h2p
    wm_getflags.o(i.WM_GetFlags) refers to gui_task.o(i.GUI_Unlock) for GUI_Unlock
    wm_getinsiderect.o(i.WM_GetInsideRect) refers to wm_getinsiderect.o(i.WM_GetInsideRectEx) for WM_GetInsideRectEx
    wm_getinsiderect.o(i.WM_GetInsideRect) refers to gui_core.o(.data) for GUI_pContext
    wm_getinsiderect.o(i.WM_GetInsideRectEx) refers to wm.o(i.WM_SendMessage) for WM_SendMessage
    wm_getscrollpartner.o(i.WM_GetScrollPartner) refers to wm_getid.o(i.WM_GetId) for WM_GetId
    wm_getscrollpartner.o(i.WM_GetScrollPartner) refers to wm_getparent.o(i.WM_GetParent) for WM_GetParent
    wm_getscrollpartner.o(i.WM_GetScrollPartner) refers to wm_getdialogitem.o(i.WM_GetDialogItem) for WM_GetDialogItem
    wm_onkey.o(i.WM_OnKey) refers to gui_task.o(i.GUI_Lock) for GUI_Lock
    wm_onkey.o(i.WM_OnKey) refers to wm__sendmessage.o(i.WM__SendMessage) for WM__SendMessage
    wm_onkey.o(i.WM_OnKey) refers to gui_task.o(i.GUI_Unlock) for GUI_Unlock
    wm_onkey.o(i.WM_OnKey) refers to wm.o(.data) for WM__ahWinFocus
    wm_pid__getprevstate.o(i.WM_PID__GetPrevState) refers to wm_pid__getprevstate.o(.bss) for .bss
    wm_pid__getprevstate.o(i.WM_PID__SetPrevState) refers to wm_pid__getprevstate.o(.bss) for .bss
    gui__drawbitmap16bpp.o(i.GUI__DrawBitmap16bpp) refers to gui_getcolor.o(i.GUI_GetColor) for GUI_GetColor
    gui__drawbitmap16bpp.o(i.GUI__DrawBitmap16bpp) refers to lcd_getcolorindex.o(i.LCD_GetColorIndex) for LCD_GetColorIndex
    gui__drawbitmap16bpp.o(i.GUI__DrawBitmap16bpp) refers to lcd_getex.o(i.GUI_GetpfIndex2ColorEx) for GUI_GetpfIndex2ColorEx
    gui__drawbitmap16bpp.o(i.GUI__DrawBitmap16bpp) refers to lcd.o(i.LCD_DrawBitmap) for LCD_DrawBitmap
    gui__drawbitmap16bpp.o(i.GUI__DrawBitmap16bpp) refers to gui__alpha.o(i.GUI__GetAlphaBuffer) for GUI__GetAlphaBuffer
    gui__drawbitmap16bpp.o(i.GUI__DrawBitmap16bpp) refers to lcd_nextpixelapi.o(i.LCD_GetNextPixelAPI) for LCD_GetNextPixelAPI
    gui__drawbitmap16bpp.o(i.GUI__DrawBitmap16bpp) refers to lcd_getex.o(i.GUI_GetpfColor2IndexEx) for GUI_GetpfColor2IndexEx
    gui__drawbitmap16bpp.o(i.GUI__DrawBitmap16bpp) refers to lcd.o(i.LCD_SetColor) for LCD_SetColor
    gui__drawbitmap16bpp.o(i.GUI__DrawBitmap16bpp) refers to lcd.o(i.LCD_FillRect) for LCD_FillRect
    gui__drawbitmap16bpp.o(i.GUI__DrawBitmap16bpp) refers to gui_setcolor.o(i.GUI_SetColor) for GUI_SetColor
    gui__drawbitmap16bpp.o(i.GUI__DrawBitmap16bpp) refers to gui_core.o(.data) for GUI_pContext
    gui_drawbitmap_a16.o(i.GUI__DrawBitmapA16bpp) refers to lcd_getex.o(i.GUI_GetpfColor2IndexEx) for GUI_GetpfColor2IndexEx
    gui_drawbitmap_a16.o(i.GUI__DrawBitmapA16bpp) refers to lcd_getex.o(i.GUI_GetpfIndex2ColorEx) for GUI_GetpfIndex2ColorEx
    gui_drawbitmap_a16.o(i.GUI__DrawBitmapA16bpp) refers to gui__alpha.o(i.GUI__GetAlphaBuffer) for GUI__GetAlphaBuffer
    gui_drawbitmap_a16.o(i.GUI__DrawBitmapA16bpp) refers to lcd.o(i.LCD_DrawBitmap) for LCD_DrawBitmap
    gui_drawbitmap_a16.o(i.GUI__DrawBitmapA16bpp) refers to gui__setpixelalpha.o(i.GUI__SetPixelAlpha) for GUI__SetPixelAlpha
    gui_drawbitmap_a16.o(i.GUI__DrawBitmapA16bpp) refers to lcd.o(i.LCD_SetColor) for LCD_SetColor
    gui_drawbitmap_a16.o(i.GUI__DrawBitmapA16bpp) refers to lcd.o(i.LCD_FillRect) for LCD_FillRect
    gui_drawbitmap_a16.o(i.GUI__DrawBitmapA16bpp) refers to gui_core.o(.data) for GUI_pContext
    gui_drawbitmap_a16.o(i._DrawBitmapA555) refers to gui_drawbitmap_a16.o(i.GUI__DrawBitmapA16bpp) for GUI__DrawBitmapA16bpp
    gui_drawbitmap_a16.o(i._DrawBitmapA555) refers to guicc_555_index2color.o(i.LCD_Index2Color_555) for LCD_Index2Color_555
    gui_drawbitmap_a16.o(i._DrawBitmapA565) refers to gui_drawbitmap_a16.o(i.GUI__DrawBitmapA16bpp) for GUI__DrawBitmapA16bpp
    gui_drawbitmap_a16.o(i._DrawBitmapA565) refers to guicc_565.o(i.LCD_Index2Color_565) for LCD_Index2Color_565
    gui_drawbitmap_a16.o(i._DrawBitmapSwapRBAM555) refers to gui_drawbitmap_a16.o(i.GUI__DrawBitmapA16bpp) for GUI__DrawBitmapA16bpp
    gui_drawbitmap_a16.o(i._DrawBitmapSwapRBAM555) refers to guicc_m555_index2color.o(i.LCD_Index2Color_M555) for LCD_Index2Color_M555
    gui_drawbitmap_a16.o(i._DrawBitmapSwapRBAM565) refers to gui_drawbitmap_a16.o(i.GUI__DrawBitmapA16bpp) for GUI__DrawBitmapA16bpp
    gui_drawbitmap_a16.o(i._DrawBitmapSwapRBAM565) refers to guicc_m565.o(i.LCD_Index2Color_M565) for LCD_Index2Color_M565
    gui_drawbitmap_a16.o(.constdata) refers to gui_drawbitmap_a16.o(i._DrawBitmapA565) for _DrawBitmapA565
    gui_drawbitmap_a16.o(.constdata) refers to guicc_565.o(i.LCD_Index2Color_565) for LCD_Index2Color_565
    gui_drawbitmap_a16.o(.constdata) refers to gui_drawbitmap_a16.o(i._DrawBitmapSwapRBAM565) for _DrawBitmapSwapRBAM565
    gui_drawbitmap_a16.o(.constdata) refers to guicc_m565.o(i.LCD_Index2Color_M565) for LCD_Index2Color_M565
    gui_drawbitmap_a16.o(.constdata) refers to gui_drawbitmap_a16.o(i._DrawBitmapA555) for _DrawBitmapA555
    gui_drawbitmap_a16.o(.constdata) refers to guicc_555_index2color.o(i.LCD_Index2Color_555) for LCD_Index2Color_555
    gui_drawbitmap_a16.o(.constdata) refers to gui_drawbitmap_a16.o(i._DrawBitmapSwapRBAM555) for _DrawBitmapSwapRBAM555
    gui_drawbitmap_a16.o(.constdata) refers to guicc_m555_index2color.o(i.LCD_Index2Color_M555) for LCD_Index2Color_M555
    guicc_444_12_1_index2color.o(i.LCD_Index2Color_444_12_1) refers to gui__divtbl_15_255.o(.constdata) for GUI__aConvert_15_255
    guicc_444_12_index2color.o(i.LCD_Index2Color_444_12) refers to gui__divtbl_15_255.o(.constdata) for GUI__aConvert_15_255
    guicc_444_16_index2color.o(i.LCD_Index2Color_444_16) refers to gui__divtbl_15_255.o(.constdata) for GUI__aConvert_15_255
    guicc_555_index2color.o(i.LCD_Index2Color_555) refers to gui__divtbl_31_255.o(.constdata) for GUI__aConvert_31_255
    guicc_565.o(i.LCD_Index2Color_565) refers to gui__divtbl_31_255.o(.constdata) for GUI__aConvert_31_255
    guicc_565.o(i.LCD_Index2Color_565) refers to gui__divtbl_63_255.o(.constdata) for GUI__aConvert_63_255
    guicc_565.o(i._Color2IndexBulk) refers to gui__divtbl_255_31.o(.constdata) for GUI__aConvert_255_31
    guicc_565.o(i._Color2IndexBulk) refers to gui__divtbl_255_63.o(.constdata) for GUI__aConvert_255_63
    guicc_565.o(i._Color2Index_565) refers to gui__divtbl_255_31.o(.constdata) for GUI__aConvert_255_31
    guicc_565.o(i._Color2Index_565) refers to gui__divtbl_255_63.o(.constdata) for GUI__aConvert_255_63
    guicc_565.o(i._Index2ColorBulk) refers to gui__divtbl_31_255.o(.constdata) for GUI__aConvert_31_255
    guicc_565.o(i._Index2ColorBulk) refers to gui__divtbl_63_255.o(.constdata) for GUI__aConvert_63_255
    guicc_565.o(.constdata) refers to guicc_565.o(i._Color2Index_565) for _Color2Index_565
    guicc_565.o(.constdata) refers to guicc_565.o(i.LCD_Index2Color_565) for LCD_Index2Color_565
    guicc_565.o(.constdata) refers to guicc_565.o(i._GetIndexMask_565) for _GetIndexMask_565
    guicc_565.o(.constdata) refers to guicc_565.o(i._Color2IndexBulk) for _Color2IndexBulk
    guicc_565.o(.constdata) refers to guicc_565.o(i._Index2ColorBulk) for _Index2ColorBulk
    guicc_m444_12_1_index2color.o(i.LCD_Index2Color_M444_12_1) refers to gui__divtbl_15_255.o(.constdata) for GUI__aConvert_15_255
    guicc_m444_12_index2color.o(i.LCD_Index2Color_M444_12) refers to gui__divtbl_15_255.o(.constdata) for GUI__aConvert_15_255
    guicc_m444_16_index2color.o(i.LCD_Index2Color_M444_16) refers to gui__divtbl_15_255.o(.constdata) for GUI__aConvert_15_255
    guicc_m555_index2color.o(i.LCD_Index2Color_M555) refers to gui__divtbl_31_255.o(.constdata) for GUI__aConvert_31_255
    lcd_nextpixelapi.o(i.LCD_GetNextPixelAPI) refers to gui_core.o(.data) for GUI_pContext
    lcd_nextpixelapi.o(i.LCD_GetNextPixelAPI) refers to lcd_nextpixelapi.o(.data) for .data
    lcd_nextpixelapi.o(i._NextPixel_End) refers to lcd_nextpixelapi.o(i._NextPixel_FlushBuffer) for _NextPixel_FlushBuffer
    lcd_nextpixelapi.o(i._NextPixel_End) refers to gui_alloc.o(i.GUI_ALLOC_UnlockH) for GUI_ALLOC_UnlockH
    lcd_nextpixelapi.o(i._NextPixel_End) refers to gui_alloc.o(i.GUI_ALLOC_Free) for GUI_ALLOC_Free
    lcd_nextpixelapi.o(i._NextPixel_End) refers to lcd_nextpixelapi.o(.bss) for .bss
    lcd_nextpixelapi.o(i._NextPixel_FlushBuffer) refers to lcd_nextpixelapi.o(.bss) for .bss
    lcd_nextpixelapi.o(i._NextPixel_FlushBuffer) refers to gui_core.o(.data) for GUI_pContext
    lcd_nextpixelapi.o(i._NextPixel_NextLine) refers to lcd_nextpixelapi.o(i._NextPixel_FlushBuffer) for _NextPixel_FlushBuffer
    lcd_nextpixelapi.o(i._NextPixel_NextLine) refers to lcd_nextpixelapi.o(.bss) for .bss
    lcd_nextpixelapi.o(i._NextPixel_SetPixel) refers to lcd_nextpixelapi.o(i._NextPixel_FlushBuffer) for _NextPixel_FlushBuffer
    lcd_nextpixelapi.o(i._NextPixel_SetPixel) refers to lcd_nextpixelapi.o(.bss) for .bss
    lcd_nextpixelapi.o(i._NextPixel_Start) refers to lcd_getex.o(i.GUI_GetBitsPerPixelEx) for GUI_GetBitsPerPixelEx
    lcd_nextpixelapi.o(i._NextPixel_Start) refers to gui_alloc.o(i.GUI_ALLOC_GetMaxSize) for GUI_ALLOC_GetMaxSize
    lcd_nextpixelapi.o(i._NextPixel_Start) refers to gui_alloc.o(i.GUI_ALLOC_AllocNoInit) for GUI_ALLOC_AllocNoInit
    lcd_nextpixelapi.o(i._NextPixel_Start) refers to gui_alloc.o(i.GUI_ALLOC_LockH) for GUI_ALLOC_LockH
    lcd_nextpixelapi.o(i._NextPixel_Start) refers to gui_core.o(.data) for GUI_pContext
    lcd_nextpixelapi.o(i._NextPixel_Start) refers to lcd_nextpixelapi.o(.bss) for .bss
    lcd_nextpixelapi.o(i._NextPixel_Start) refers to lcd_mirror.o(.constdata) for LCD_aMirror
    lcd_nextpixelapi.o(.data) refers to lcd_nextpixelapi.o(i._NextPixel_Start) for _NextPixel_Start
    lcd_nextpixelapi.o(.data) refers to lcd_nextpixelapi.o(i._NextPixel_SetPixel) for _NextPixel_SetPixel
    lcd_nextpixelapi.o(.data) refers to lcd_nextpixelapi.o(i._NextPixel_NextLine) for _NextPixel_NextLine
    lcd_nextpixelapi.o(.data) refers to lcd_nextpixelapi.o(i._NextPixel_End) for _NextPixel_End
    wm__foreachdesc.o(i.WM__ForEachDesc) refers to gui_alloc.o(i.GUI_ALLOC_h2p) for GUI_ALLOC_h2p
    wm__ischild.o(i.WM__IsChild) refers to gui_alloc.o(i.GUI_ALLOC_LockH) for GUI_ALLOC_LockH
    wm__ischild.o(i.WM__IsChild) refers to gui_alloc.o(i.GUI_ALLOC_UnlockH) for GUI_ALLOC_UnlockH
    use_no_semi_2.o(.text) refers (Special) to use_no_semi.o(.text) for __use_no_semihosting_swi
    __2printf.o(.text) refers to _printf_char_file.o(.text) for _printf_char_file
    __2printf.o(.text) refers to usart.o(.data) for __stdout
    __2sprintf.o(.text) refers to _printf_char_common.o(.text) for _printf_char_common
    __2sprintf.o(.text) refers to _sputc.o(.text) for _sputc
    noretval__2printf.o(.text) refers to _printf_char_file.o(.text) for _printf_char_file
    noretval__2printf.o(.text) refers to usart.o(.data) for __stdout
    noretval__2sprintf.o(.text) refers to _printf_char_common.o(.text) for _printf_char_common
    noretval__2sprintf.o(.text) refers to _sputc.o(.text) for _sputc
    __printf.o(.text) refers to _printf_percent.o(.ARM.Collect$$_printf_percent$$00000000) for _printf_percent
    _printf_str.o(.text) refers (Special) to _printf_char.o(.text) for _printf_cs_common
    _printf_str.o(.text) refers (Weak) to _printf_pad.o(.text) for _printf_pre_padding
    _printf_str.o(.text) refers (Weak) to _printf_pad.o(.text) for _printf_post_padding
    _printf_dec.o(.text) refers to _printf_intcommon.o(.text) for _printf_int_common
    _printf_hex_ll.o(.text) refers to _printf_intcommon.o(.text) for _printf_int_common
    _printf_hex_ll.o(.text) refers to _printf_hex_ll.o(.constdata) for .constdata
    _printf_hex_int.o(.text) refers to _printf_intcommon.o(.text) for _printf_int_common
    _printf_hex_int.o(.text) refers to _printf_hex_int.o(.constdata) for .constdata
    _printf_hex_int_ll.o(.text) refers to _printf_intcommon.o(.text) for _printf_int_common
    _printf_hex_int_ll.o(.text) refers to _printf_hex_int_ll.o(.constdata) for .constdata
    _printf_hex_ptr.o(.text) refers to _printf_intcommon.o(.text) for _printf_int_common
    _printf_hex_ptr.o(.text) refers to _printf_hex_ptr.o(.constdata) for .constdata
    _printf_hex_int_ptr.o(.text) refers to _printf_intcommon.o(.text) for _printf_int_common
    _printf_hex_int_ptr.o(.text) refers to _printf_hex_int_ptr.o(.constdata) for .constdata
    _printf_hex_ll_ptr.o(.text) refers to _printf_intcommon.o(.text) for _printf_int_common
    _printf_hex_ll_ptr.o(.text) refers to _printf_hex_ll_ptr.o(.constdata) for .constdata
    _printf_hex_int_ll_ptr.o(.text) refers to _printf_intcommon.o(.text) for _printf_int_common
    _printf_hex_int_ll_ptr.o(.text) refers to _printf_hex_int_ll_ptr.o(.constdata) for .constdata
    __printf_flags.o(.text) refers to _printf_percent.o(.ARM.Collect$$_printf_percent$$00000000) for _printf_percent
    __printf_flags.o(.text) refers to __printf_flags.o(.constdata) for .constdata
    __printf_ss.o(.text) refers to _printf_percent.o(.ARM.Collect$$_printf_percent$$00000000) for _printf_percent
    __printf_flags_ss.o(.text) refers to _printf_percent.o(.ARM.Collect$$_printf_percent$$00000000) for _printf_percent
    __printf_flags_ss.o(.text) refers to __printf_flags_ss.o(.constdata) for .constdata
    __printf_wp.o(.text) refers to __printf_wp.o(i._is_digit) for _is_digit
    __printf_wp.o(.text) refers to _printf_percent.o(.ARM.Collect$$_printf_percent$$00000000) for _printf_percent
    __printf_flags_wp.o(.text) refers to __printf_wp.o(i._is_digit) for _is_digit
    __printf_flags_wp.o(.text) refers to _printf_percent.o(.ARM.Collect$$_printf_percent$$00000000) for _printf_percent
    __printf_flags_wp.o(.text) refers to __printf_flags_wp.o(.constdata) for .constdata
    __printf_ss_wp.o(.text) refers to __printf_wp.o(i._is_digit) for _is_digit
    __printf_ss_wp.o(.text) refers to _printf_percent.o(.ARM.Collect$$_printf_percent$$00000000) for _printf_percent
    __printf_flags_ss_wp.o(.text) refers to __printf_wp.o(i._is_digit) for _is_digit
    __printf_flags_ss_wp.o(.text) refers to _printf_percent.o(.ARM.Collect$$_printf_percent$$00000000) for _printf_percent
    __printf_flags_ss_wp.o(.text) refers to __printf_flags_ss_wp.o(.constdata) for .constdata
    _printf_s.o(.ARM.Collect$$_printf_percent$$00000014) refers (Weak) to _printf_char.o(.text) for _printf_string
    _printf_x.o(.ARM.Collect$$_printf_percent$$0000000C) refers (Weak) to _printf_hex_int.o(.text) for _printf_int_hex
    _printf_i.o(.ARM.Collect$$_printf_percent$$00000008) refers (Weak) to _printf_dec.o(.text) for _printf_int_dec
    _printf_d.o(.ARM.Collect$$_printf_percent$$00000009) refers (Weak) to _printf_dec.o(.text) for _printf_int_dec
    _printf_percent.o(.ARM.Collect$$_printf_percent$$00000000) refers (Special) to _printf_percent_end.o(.ARM.Collect$$_printf_percent$$00000017) for _printf_percent_end
    rand.o(.emb_text) refers (Special) to libinit2.o(.ARM.Collect$$libinit$$0000000D) for __rt_lib_init_rand_2
    rand.o(.emb_text) refers to rand.o(.text) for _rand_init
    rand.o(.emb_text) refers to rand.o(.bss) for _random_number_data
    rand.o(.text) refers (Special) to libinit2.o(.ARM.Collect$$libinit$$0000000D) for __rt_lib_init_rand_2
    rand.o(.text) refers to rand.o(.bss) for .bss
    rand.o(.bss) refers (Special) to libinit2.o(.ARM.Collect$$libinit$$0000000D) for __rt_lib_init_rand_2
    rt_memcpy_v6.o(.text) refers to rt_memcpy_w.o(.text) for __aeabi_memcpy4
    rt_memmove_v6.o(.text) refers to rt_memcpy_v6.o(.text) for __aeabi_memcpy
    rt_memmove_v6.o(.text) refers to rt_memmove_w.o(.text) for __memmove_aligned
    aeabi_memset.o(.text) refers to rt_memclr.o(.text) for _memset
    rt_memclr.o(.text) refers to rt_memclr_w.o(.text) for _memset_w
    strncpy.o(.text) refers to rt_memclr.o(.text) for __aeabi_memclr
    __main.o(!!!main) refers to __rtentry.o(.ARM.Collect$$rtentry$$00000000) for __rt_entry
    d2f.o(x$fpl$d2f) refers (Special) to usenofp.o(x$fpl$usenofp) for __I$use$fp
    f2d.o(x$fpl$f2d) refers (Special) to usenofp.o(x$fpl$usenofp) for __I$use$fp
    ceil.o(i.__hardfp_ceil) refers (Special) to usenofp.o(x$fpl$usenofp) for __I$use$fp
    ceil.o(i.__softfp_ceil) refers (Special) to usenofp.o(x$fpl$usenofp) for __I$use$fp
    ceil.o(i.__softfp_ceil) refers to ceil.o(i.__hardfp_ceil) for __hardfp_ceil
    ceil.o(i.ceil) refers (Special) to usenofp.o(x$fpl$usenofp) for __I$use$fp
    ceil.o(i.ceil) refers to ceil.o(i.__hardfp_ceil) for __hardfp_ceil
    floor.o(i.__hardfp_floor) refers (Special) to usenofp.o(x$fpl$usenofp) for __I$use$fp
    floor.o(i.__softfp_floor) refers (Special) to usenofp.o(x$fpl$usenofp) for __I$use$fp
    floor.o(i.__softfp_floor) refers to floor.o(i.__hardfp_floor) for __hardfp_floor
    floor.o(i.floor) refers (Special) to usenofp.o(x$fpl$usenofp) for __I$use$fp
    floor.o(i.floor) refers to floor.o(i.__hardfp_floor) for __hardfp_floor
    sqrt.o(i.__hardfp_sqrt) refers (Special) to usenofp.o(x$fpl$usenofp) for __I$use$fp
    sqrt.o(i.__hardfp_sqrt) refers to _rserrno.o(.text) for __set_errno
    sqrt.o(i.__softfp_sqrt) refers (Special) to usenofp.o(x$fpl$usenofp) for __I$use$fp
    sqrt.o(i.__softfp_sqrt) refers to _rserrno.o(.text) for __set_errno
    sqrt.o(i.sqrt) refers (Special) to usenofp.o(x$fpl$usenofp) for __I$use$fp
    sqrt.o(i.sqrt) refers to _rserrno.o(.text) for __set_errno
    sqrt_x.o(i.____hardfp_sqrt$lsc) refers (Special) to usenofp.o(x$fpl$usenofp) for __I$use$fp
    sqrt_x.o(i.____hardfp_sqrt$lsc) refers to _rserrno.o(.text) for __set_errno
    sqrt_x.o(i.____softfp_sqrt$lsc) refers (Special) to usenofp.o(x$fpl$usenofp) for __I$use$fp
    sqrt_x.o(i.____softfp_sqrt$lsc) refers to _rserrno.o(.text) for __set_errno
    sqrt_x.o(i.__sqrt$lsc) refers (Special) to usenofp.o(x$fpl$usenofp) for __I$use$fp
    sqrt_x.o(i.__sqrt$lsc) refers to _rserrno.o(.text) for __set_errno
    __rtentry.o(.ARM.Collect$$rtentry$$00000000) refers (Special) to __rtentry2.o(.ARM.Collect$$rtentry$$0000000A) for __rt_entry_li
    __rtentry.o(.ARM.Collect$$rtentry$$00000000) refers (Special) to __rtentry2.o(.ARM.Collect$$rtentry$$0000000D) for __rt_entry_main
    __rtentry.o(.ARM.Collect$$rtentry$$00000000) refers (Special) to __rtentry2.o(.ARM.Collect$$rtentry$$0000000C) for __rt_entry_postli_1
    __rtentry.o(.ARM.Collect$$rtentry$$00000000) refers (Special) to __rtentry2.o(.ARM.Collect$$rtentry$$00000009) for __rt_entry_postsh_1
    __rtentry.o(.ARM.Collect$$rtentry$$00000000) refers (Special) to __rtentry2.o(.ARM.Collect$$rtentry$$00000002) for __rt_entry_presh_1
    __rtentry.o(.ARM.Collect$$rtentry$$00000000) refers (Special) to __rtentry4.o(.ARM.Collect$$rtentry$$00000004) for __rt_entry_sh
    _rserrno.o(.text) refers to rt_errno_addr_intlibspace.o(.text) for __aeabi_errno_addr
    _printf_intcommon.o(.text) refers (Weak) to _printf_pad.o(.text) for _printf_pre_padding
    _printf_intcommon.o(.text) refers (Weak) to _printf_pad.o(.text) for _printf_pre_padding
    _printf_intcommon.o(.text) refers (Weak) to _printf_pad.o(.text) for _printf_post_padding
    _printf_char_common.o(.text) refers to __printf_flags_wp.o(.text) for __printf
    _printf_char.o(.text) refers (Weak) to _printf_str.o(.text) for _printf_str
    _printf_char_file.o(.text) refers to _printf_char_common.o(.text) for _printf_char_common
    _printf_char_file.o(.text) refers to ferror.o(.text) for ferror
    _printf_char_file.o(.text) refers to usart.o(i.fputc) for fputc
    rt_memmove_w.o(.text) refers to rt_memcpy_w.o(.text) for __aeabi_memcpy4
    libinit2.o(.ARM.Collect$$libinit$$00000001) refers to fpinit.o(x$fpl$fpinit) for _fp_init
    libinit2.o(.ARM.Collect$$libinit$$0000000D) refers (Weak) to rand.o(.text) for _rand_init
    libinit2.o(.ARM.Collect$$libinit$$00000010) refers to libinit2.o(.ARM.Collect$$libinit$$0000000F) for .ARM.Collect$$libinit$$0000000F
    libinit2.o(.ARM.Collect$$libinit$$00000012) refers to libinit2.o(.ARM.Collect$$libinit$$0000000F) for .ARM.Collect$$libinit$$0000000F
    libinit2.o(.ARM.Collect$$libinit$$00000014) refers to libinit2.o(.ARM.Collect$$libinit$$0000000F) for .ARM.Collect$$libinit$$0000000F
    libinit2.o(.ARM.Collect$$libinit$$00000016) refers to libinit2.o(.ARM.Collect$$libinit$$0000000F) for .ARM.Collect$$libinit$$0000000F
    libinit2.o(.ARM.Collect$$libinit$$00000018) refers to libinit2.o(.ARM.Collect$$libinit$$0000000F) for .ARM.Collect$$libinit$$0000000F
    libinit2.o(.ARM.Collect$$libinit$$00000026) refers to argv_veneer.o(.emb_text) for __ARM_argv_veneer
    libinit2.o(.ARM.Collect$$libinit$$00000027) refers to argv_veneer.o(.emb_text) for __ARM_argv_veneer
    __rtentry2.o(.ARM.Collect$$rtentry$$00000008) refers to boardinit2.o(.text) for _platform_post_stackheap_init
    __rtentry2.o(.ARM.Collect$$rtentry$$0000000A) refers to libinit.o(.ARM.Collect$$libinit$$00000000) for __rt_lib_init
    __rtentry2.o(.ARM.Collect$$rtentry$$0000000B) refers to boardinit3.o(.text) for _platform_post_lib_init
    __rtentry2.o(.ARM.Collect$$rtentry$$0000000D) refers to main.o(i.main) for main
    __rtentry2.o(.ARM.Collect$$rtentry$$0000000D) refers to exit.o(.text) for exit
    __rtentry2.o(.ARM.exidx) refers to __rtentry2.o(.ARM.Collect$$rtentry$$00000001) for .ARM.Collect$$rtentry$$00000001
    __rtentry2.o(.ARM.exidx) refers to __rtentry2.o(.ARM.Collect$$rtentry$$00000008) for .ARM.Collect$$rtentry$$00000008
    __rtentry2.o(.ARM.exidx) refers to __rtentry2.o(.ARM.Collect$$rtentry$$0000000A) for .ARM.Collect$$rtentry$$0000000A
    __rtentry2.o(.ARM.exidx) refers to __rtentry2.o(.ARM.Collect$$rtentry$$0000000B) for .ARM.Collect$$rtentry$$0000000B
    __rtentry2.o(.ARM.exidx) refers to __rtentry2.o(.ARM.Collect$$rtentry$$0000000D) for .ARM.Collect$$rtentry$$0000000D
    __rtentry4.o(.ARM.Collect$$rtentry$$00000004) refers to sys_stackheap_outer.o(.text) for __user_setup_stackheap
    __rtentry4.o(.ARM.exidx) refers to __rtentry4.o(.ARM.Collect$$rtentry$$00000004) for .ARM.Collect$$rtentry$$00000004
    rt_errno_addr.o(.text) refers to rt_errno_addr.o(.bss) for __aeabi_errno_addr_data
    rt_errno_addr_intlibspace.o(.text) refers to libspace.o(.bss) for __libspace_start
    argv_veneer.o(.emb_text) refers to no_argv.o(.text) for __ARM_get_argv
    libspace.o(.text) refers to libspace.o(.bss) for __libspace_start
    sys_stackheap_outer.o(.text) refers to libspace.o(.text) for __user_perproc_libspace
    sys_stackheap_outer.o(.text) refers to startup_stm32f767xx.o(.text) for __user_initial_stackheap
    exit.o(.text) refers to rtexit.o(.ARM.Collect$$rtexit$$00000000) for __rt_exit
    _get_argv_nomalloc.o(.text) refers (Special) to hrguard.o(.text) for __heap_region$guard
    _get_argv_nomalloc.o(.text) refers to defsig_rtmem_outer.o(.text) for __rt_SIGRTMEM
    _get_argv_nomalloc.o(.text) refers to sys_command.o(.text) for _sys_command_string
    libinit.o(.ARM.Collect$$libinit$$00000000) refers (Special) to libinit2.o(.ARM.Collect$$libinit$$0000002E) for __rt_lib_init_alloca_1
    libinit.o(.ARM.Collect$$libinit$$00000000) refers (Special) to libinit2.o(.ARM.Collect$$libinit$$0000002C) for __rt_lib_init_argv_1
    libinit.o(.ARM.Collect$$libinit$$00000000) refers (Special) to libinit2.o(.ARM.Collect$$libinit$$0000001B) for __rt_lib_init_atexit_1
    libinit.o(.ARM.Collect$$libinit$$00000000) refers (Special) to libinit2.o(.ARM.Collect$$libinit$$00000021) for __rt_lib_init_clock_1
    libinit.o(.ARM.Collect$$libinit$$00000000) refers (Special) to libinit2.o(.ARM.Collect$$libinit$$00000032) for __rt_lib_init_cpp_1
    libinit.o(.ARM.Collect$$libinit$$00000000) refers (Special) to libinit2.o(.ARM.Collect$$libinit$$00000030) for __rt_lib_init_exceptions_1
    libinit.o(.ARM.Collect$$libinit$$00000000) refers (Special) to libinit2.o(.ARM.Collect$$libinit$$00000001) for __rt_lib_init_fp_1
    libinit.o(.ARM.Collect$$libinit$$00000000) refers (Special) to libinit2.o(.ARM.Collect$$libinit$$0000001F) for __rt_lib_init_fp_trap_1
    libinit.o(.ARM.Collect$$libinit$$00000000) refers (Special) to libinit2.o(.ARM.Collect$$libinit$$00000023) for __rt_lib_init_getenv_1
    libinit.o(.ARM.Collect$$libinit$$00000000) refers (Special) to libinit2.o(.ARM.Collect$$libinit$$0000000A) for __rt_lib_init_heap_1
    libinit.o(.ARM.Collect$$libinit$$00000000) refers (Special) to libinit2.o(.ARM.Collect$$libinit$$00000011) for __rt_lib_init_lc_collate_1
    libinit.o(.ARM.Collect$$libinit$$00000000) refers (Special) to libinit2.o(.ARM.Collect$$libinit$$00000013) for __rt_lib_init_lc_ctype_1
    libinit.o(.ARM.Collect$$libinit$$00000000) refers (Special) to libinit2.o(.ARM.Collect$$libinit$$00000015) for __rt_lib_init_lc_monetary_1
    libinit.o(.ARM.Collect$$libinit$$00000000) refers (Special) to libinit2.o(.ARM.Collect$$libinit$$00000017) for __rt_lib_init_lc_numeric_1
    libinit.o(.ARM.Collect$$libinit$$00000000) refers (Special) to libinit2.o(.ARM.Collect$$libinit$$00000019) for __rt_lib_init_lc_time_1
    libinit.o(.ARM.Collect$$libinit$$00000000) refers (Special) to libinit2.o(.ARM.Collect$$libinit$$00000004) for __rt_lib_init_preinit_1
    libinit.o(.ARM.Collect$$libinit$$00000000) refers (Special) to libinit2.o(.ARM.Collect$$libinit$$0000000E) for __rt_lib_init_rand_1
    libinit.o(.ARM.Collect$$libinit$$00000000) refers (Special) to libinit2.o(.ARM.Collect$$libinit$$00000033) for __rt_lib_init_return
    libinit.o(.ARM.Collect$$libinit$$00000000) refers (Special) to libinit2.o(.ARM.Collect$$libinit$$0000001D) for __rt_lib_init_signal_1
    libinit.o(.ARM.Collect$$libinit$$00000000) refers (Special) to libinit2.o(.ARM.Collect$$libinit$$00000025) for __rt_lib_init_stdio_1
    libinit.o(.ARM.Collect$$libinit$$00000000) refers (Special) to libinit2.o(.ARM.Collect$$libinit$$0000000C) for __rt_lib_init_user_alloc_1
    sys_command.o(.text) refers (Special) to use_no_semi.o(.text) for __I$use$semihosting
    sys_command.o(.text) refers (Special) to indicate_semi.o(.text) for __semihosting_library_function
    rtexit.o(.ARM.Collect$$rtexit$$00000000) refers (Special) to rtexit2.o(.ARM.Collect$$rtexit$$00000004) for __rt_exit_exit
    rtexit.o(.ARM.Collect$$rtexit$$00000000) refers (Special) to rtexit2.o(.ARM.Collect$$rtexit$$00000003) for __rt_exit_ls
    rtexit.o(.ARM.Collect$$rtexit$$00000000) refers (Special) to rtexit2.o(.ARM.Collect$$rtexit$$00000002) for __rt_exit_prels_1
    rtexit.o(.ARM.exidx) refers (Special) to rtexit2.o(.ARM.Collect$$rtexit$$00000004) for __rt_exit_exit
    rtexit.o(.ARM.exidx) refers (Special) to rtexit2.o(.ARM.Collect$$rtexit$$00000003) for __rt_exit_ls
    rtexit.o(.ARM.exidx) refers (Special) to rtexit2.o(.ARM.Collect$$rtexit$$00000002) for __rt_exit_prels_1
    rtexit.o(.ARM.exidx) refers to rtexit.o(.ARM.Collect$$rtexit$$00000000) for .ARM.Collect$$rtexit$$00000000
    defsig_rtmem_outer.o(.text) refers to defsig_rtmem_inner.o(.text) for __rt_SIGRTMEM_inner
    defsig_rtmem_outer.o(.text) refers to defsig_exit.o(.text) for __sig_exit
    defsig_rtmem_formal.o(.text) refers to rt_raise.o(.text) for __rt_raise
    rtexit2.o(.ARM.Collect$$rtexit$$00000003) refers to libshutdown.o(.ARM.Collect$$libshutdown$$00000000) for __rt_lib_shutdown
    rtexit2.o(.ARM.Collect$$rtexit$$00000004) refers to usart.o(i._sys_exit) for _sys_exit
    rtexit2.o(.ARM.exidx) refers to rtexit2.o(.ARM.Collect$$rtexit$$00000001) for .ARM.Collect$$rtexit$$00000001
    rtexit2.o(.ARM.exidx) refers to rtexit2.o(.ARM.Collect$$rtexit$$00000003) for .ARM.Collect$$rtexit$$00000003
    rtexit2.o(.ARM.exidx) refers to rtexit2.o(.ARM.Collect$$rtexit$$00000004) for .ARM.Collect$$rtexit$$00000004
    rt_raise.o(.text) refers to __raise.o(.text) for __raise
    rt_raise.o(.text) refers to usart.o(i._sys_exit) for _sys_exit
    defsig_exit.o(.text) refers to usart.o(i._sys_exit) for _sys_exit
    defsig_rtmem_inner.o(.text) refers to defsig_general.o(.text) for __default_signal_display
    __raise.o(.text) refers to defsig.o(CL$$defsig) for __default_signal_handler
    defsig_general.o(.text) refers to sys_wrch.o(.text) for _ttywrch
    libshutdown.o(.ARM.Collect$$libshutdown$$00000000) refers (Special) to libshutdown2.o(.ARM.Collect$$libshutdown$$00000006) for __rt_lib_shutdown_fp_trap_1
    libshutdown.o(.ARM.Collect$$libshutdown$$00000000) refers (Special) to libshutdown2.o(.ARM.Collect$$libshutdown$$0000000E) for __rt_lib_shutdown_heap_1
    libshutdown.o(.ARM.Collect$$libshutdown$$00000000) refers (Special) to libshutdown2.o(.ARM.Collect$$libshutdown$$0000000F) for __rt_lib_shutdown_return
    libshutdown.o(.ARM.Collect$$libshutdown$$00000000) refers (Special) to libshutdown2.o(.ARM.Collect$$libshutdown$$00000009) for __rt_lib_shutdown_signal_1
    libshutdown.o(.ARM.Collect$$libshutdown$$00000000) refers (Special) to libshutdown2.o(.ARM.Collect$$libshutdown$$00000003) for __rt_lib_shutdown_stdio_1
    libshutdown.o(.ARM.Collect$$libshutdown$$00000000) refers (Special) to libshutdown2.o(.ARM.Collect$$libshutdown$$0000000B) for __rt_lib_shutdown_user_alloc_1
    sys_wrch.o(.text) refers (Special) to use_no_semi.o(.text) for __I$use$semihosting
    sys_wrch.o(.text) refers (Special) to indicate_semi.o(.text) for __semihosting_library_function
    defsig.o(CL$$defsig) refers to defsig_rtmem_inner.o(.text) for __rt_SIGRTMEM_inner
    defsig_abrt_inner.o(.text) refers to defsig_general.o(.text) for __default_signal_display
    defsig_fpe_inner.o(.text) refers to defsig_general.o(.text) for __default_signal_display
    defsig_rtred_inner.o(.text) refers to defsig_general.o(.text) for __default_signal_display
    defsig_stak_inner.o(.text) refers to defsig_general.o(.text) for __default_signal_display
    defsig_pvfn_inner.o(.text) refers to defsig_general.o(.text) for __default_signal_display
    defsig_cppl_inner.o(.text) refers to defsig_general.o(.text) for __default_signal_display
    defsig_segv_inner.o(.text) refers to defsig_general.o(.text) for __default_signal_display
    defsig_other.o(.text) refers to defsig_general.o(.text) for __default_signal_display
    wm__ischild.o(.ARM.RL_ARM1) refers to wm__ischild.o(.ARM.RL_ARM2) for .ARM.RL_ARM2
    wm__ischild.o(.ARM.RL_ARM2) refers to wm__ischild.o(.ARM.RL_ARM3) for .ARM.RL_ARM3
    wm__ischild.o(.ARM.RL_ARM3) refers to wm__ischild.o(.ARM.RL_ARM4) for .ARM.RL_ARM4
    wm__ischild.o(.ARM.RL_ARM4) refers to wm__ischild.o(.ARM.RL_ARM5) for .ARM.RL_ARM5
    wm__ischild.o(.ARM.RL_ARM5) refers to wm__ischild.o(.ARM.RL_ARM6) for .ARM.RL_ARM6
    wm__ischild.o(.ARM.RL_ARM6) refers to wm__ischild.o(.ARM.RL_ARM1) for .ARM.RL_ARM1

