<html>
<body>
<pre>
<h1>µVision Build Log</h1>
<h2>Tool Versions:</h2>
IDE-Version: ¦ÌVision V5.21.1.0
Copyright (C) 2016 ARM Ltd and ARM Germany GmbH. All rights reserved.
License Information: G hasee, G, LIC=TA301-CBHDX-AUN4J-U4EZ7-9MM39-A59GX
 
Tool Versions:
Toolchain:       MDK-ARM Professional  Version: 5.21a
Toolchain Path:  E:\Keil\ARM\ARMCC\Bin
C Compiler:      Armcc.exe V5.06 update 3 (build 300)
Assembler:       Armasm.exe V5.06 update 3 (build 300)
Linker/Locator:  ArmLink.exe V5.06 update 3 (build 300)
Library Manager: ArmAr.exe V5.06 update 3 (build 300)
Hex Converter:   FromElf.exe V5.06 update 3 (build 300)
CPU DLL:         SARMCM3.DLL V5.21a
Dialog DLL:      DCM.DLL V1.13.8.0
Target DLL:      Segger\JL2CM3.dll V2.99.23.0
Dialog DLL:      TCM.DLL V1.14.14.0
 
<h2>Project:</h2>
G:\02.c\DC_stm32\USER\STemWin.uvprojx
Project File Date:  08/02/2019

<h2>Output:</h2>
*** Using Compiler 'V5.06 update 3 (build 300)', folder: 'E:\Keil\ARM\ARMCC\Bin'
Build target 'STemWin RGBLCD'
compiling system_stm32f7xx.c...
compiling stm32f7xx_it.c...
assembling startup_stm32f767xx.s...
compiling main.c...
compiling stm32f7xx_hal.c...
compiling stm32f7xx_hal_cortex.c...
compiling stm32f7xx_hal_gpio.c...
compiling stm32f7xx_hal_pwr.c...
compiling stm32f7xx_hal_pwr_ex.c...
compiling stm32f7xx_hal_rcc.c...
compiling stm32f7xx_hal_uart.c...
compiling stm32f7xx_hal_usart.c...
compiling stm32f7xx_hal_rcc_ex.c...
compiling stm32f7xx_ll_fmc.c...
compiling stm32f7xx_hal_dma.c...
compiling stm32f7xx_hal_dma_ex.c...
compiling stm32f7xx_hal_sdram.c...
compiling stm32f7xx_hal_dma2d.c...
compiling stm32f7xx_hal_ltdc.c...
compiling stm32f7xx_hal_ltdc_ex.c...
compiling stm32f7xx_hal_sram.c...
compiling stm32f7xx_hal_tim.c...
compiling sys.c...
compiling stm32f7xx_hal_tim_ex.c...
compiling delay.c...
compiling key.c...
compiling led.c...
compiling usart.c...
compiling sdram.c...
compiling ltdc.c...
compiling tftlcd.c...
compiling 24cxx.c...
compiling ctiic.c...
compiling myiic.c...
compiling gt9147.c...
compiling ft5206.c...
compiling touch.c...
compiling mpu.c...
compiling ott2001a.c...
compiling timer.c...
compiling malloc.c...
compiling exti.c...
compiling cpu_c.c...
compiling bsp.c...
compiling cpu_core.c...
assembling cpu_a.asm...
compiling lib_ascii.c...
compiling lib_str.c...
compiling lib_math.c...
compiling lib_mem.c...
assembling lib_mem_a.asm...
compiling os_cfg_app.c...
compiling os_dbg.c...
compiling os_core.c...
compiling os_flag.c...
compiling os_int.c...
compiling os_mem.c...
compiling os_msg.c...
compiling os_pend_multi.c...
compiling os_mutex.c...
compiling os_prio.c...
compiling os_sem.c...
compiling os_q.c...
compiling os_stat.c...
compiling os_tick.c...
compiling os_time.c...
compiling os_task.c...
compiling os_tmr.c...
compiling os_var.c...
compiling os_cpu_c.c...
assembling os_cpu_a.asm...
compiling os_app_hooks.c...
compiling GUIConf.c...
compiling GUI_X_UCOSIII.c...
compiling GUI_X_Touch_Analog.c...
compiling FramewinDLG.c...
compiling LCDConf_Lin_Template.c...
linking...
Program Size: Code=165514 RO-data=44606 RW-data=3232 ZI-data=24635992  
FromELF: creating hex file...
"..\OBJ\Template.axf" - 0 Error(s), 0 Warning(s).

<h2>Collection of Component include folders:</h2>
  G:\02.c\DC_stm32\USER\RTE
  E:\Keil\ARM\PACK\Keil\STM32F7xx_DFP\2.7.0\Drivers\CMSIS\Device\ST\STM32F7xx\Include

<h2>Collection of Component Files used:</h2>
Build Time Elapsed:  00:00:51
</pre>
</body>
</html>
