<html>
<body>
<pre>
<h1>µVision Build Log</h1>
<h2>Tool Versions:</h2>
IDE-Version: ¦ÌVision V5.14.0.0
Copyright (C) 2015 ARM Ltd and ARM Germany GmbH. All rights reserved.
License Information: a ab, b, LIC=3UUPC-7RL40-ZDEK6-D2S56-L22W9-P1LGR
 
Tool Versions:
Toolchain:       MDK-ARM Professional  Version: 5.14.0.0
Toolchain Path:  C:\Keil_v5\ARM\ARMCC\Bin
C Compiler:      Armcc.exe V5.05 update 1 (build 106)
Assembler:       Armasm.exe V5.05 update 1 (build 106)
Linker/Locator:  ArmLink.exe V5.05 update 1 (build 106)
Library Manager: ArmAr.exe V5.05 update 1 (build 106)
Hex Converter:   FromElf.exe V5.05 update 1 (build 106)
CPU DLL:         SARMCM3.DLL V5.14.0.0
Dialog DLL:      DCM.DLL V1.13.1.0
Target DLL:      Segger\JL2CM3.dll V2.99.13.0
Dialog DLL:      TCM.DLL V1.14.4.0
 
<h2>Project:</h2>
D:\SEA\01. Keil\DC_stm32\USER\STemWin.uvprojx
Project File Date:  07/01/2019

<h2>Output:</h2>
Build target 'STemWin RGBLCD'
compiling main.c...
compiling ltdc.c...
linking...
Program Size: Code=165474 RO-data=44606 RW-data=3232 ZI-data=24635992  
FromELF: creating hex file...
"..\OBJ\Template.axf" - 0 Error(s), 0 Warning(s).

<h2>Collection of Component include folders:</h2>
  D:\SEA\01. Keil\DC_stm32\USER\RTE
  C:\Keil_v5\ARM\PACK\Keil\STM32F7xx_DFP\2.7.0

<h2>Collection of Component Files used:</h2>
</pre>
</body>
</html>
